#
# There is insufficient memory for the Java Runtime Environment to continue.
# Native memory allocation (malloc) failed to allocate 795856 bytes for Chunk::new
# Possible reasons:
#   The system is out of physical RAM or swap space
#   The process is running with CompressedOops enabled, and the Java Heap may be blocking the growth of the native heap
# Possible solutions:
#   Reduce memory load on the system
#   Increase physical memory or swap space
#   Check if swap backing store is full
#   Decrease Java heap size (-Xmx/-Xms)
#   Decrease number of Java threads
#   Decrease Java thread stack sizes (-Xss)
#   Set larger code cache with -XX:ReservedCodeCacheSize=
#   JVM is running with Unscaled Compressed Oops mode in which the Java heap is
#     placed in the first 4GB address space. The Java Heap base address is the
#     maximum limit for the native heap growth. Please use -XX:HeapBaseMinAddress
#     to set the Java Heap base and to place the Java Heap above 4GB virtual address.
# This output file may be truncated or incomplete.
#
#  Out of Memory Error (arena.cpp:189), pid=7704, tid=5276
#
# JRE version: Java(TM) SE Runtime Environment (17.0.12+8) (build 17.0.12+8-LTS-286)
# Java VM: Java HotSpot(TM) 64-Bit Server VM (17.0.12+8-LTS-286, mixed mode, sharing, tiered, compressed oops, compressed class ptrs, g1 gc, windows-amd64)
# No core dump will be written. Minidumps are not enabled by default on client versions of Windows
#

---------------  S U M M A R Y ------------

Command Line: --add-opens=java.base/java.lang=ALL-UNNAMED --add-opens=java.base/java.lang.invoke=ALL-UNNAMED --add-opens=java.base/java.util=ALL-UNNAMED --add-opens=java.prefs/java.util.prefs=ALL-UNNAMED --add-exports=jdk.compiler/com.sun.tools.javac.api=ALL-UNNAMED --add-exports=jdk.compiler/com.sun.tools.javac.util=ALL-UNNAMED --add-opens=java.base/java.util=ALL-UNNAMED --add-opens=java.prefs/java.util.prefs=ALL-UNNAMED --add-opens=java.base/java.nio.charset=ALL-UNNAMED --add-opens=java.base/java.net=ALL-UNNAMED --add-opens=java.base/java.util.concurrent=ALL-UNNAMED --add-opens=java.base/java.util.concurrent.atomic=ALL-UNNAMED --add-opens=java.xml/javax.xml.namespace=ALL-UNNAMED --add-opens=java.base/java.time=ALL-UNNAMED -XX:MaxMetaspaceSize=384m -XX:+HeapDumpOnOutOfMemoryError -Xms256m -Xmx512m -Dfile.encoding=UTF-8 -Duser.country=IN -Duser.language=en -Duser.variant -javaagent:C:\Users\wwwsy\.gradle\wrapper\dists\gradle-9.4.1-bin\arn2x92ynaizyzdaamcbpbhtj\gradle-9.4.1\lib\agents\gradle-instrumentation-agent-9.4.1.jar org.gradle.launcher.daemon.bootstrap.GradleDaemon 9.4.1

Host: AMD Ryzen 5 3550H with Radeon Vega Mobile Gfx  , 8 cores, 5G,  Windows 11 , 64 bit Build 26100 (10.0.26100.8521)
Time: Mon Jun 15 13:58:54 2026 India Standard Time elapsed time: 15.874162 seconds (0d 0h 0m 15s)

---------------  T H R E A D  ---------------

Current thread (0x000001a6fdd64cc0):  JavaThread "C2 CompilerThread1" daemon [_thread_in_native, id=5276, stack(0x0000002762e00000,0x0000002762f00000)]


Current CompileTask:
C2:  15875 2712   !   4       java.net.URLClassLoader$1::run (81 bytes)

Stack: [0x0000002762e00000,0x0000002762f00000]
Native frames: (J=compiled Java code, j=interpreted, Vv=VM code, C=native code)
V  [jvm.dll+0x67a04a]
V  [jvm.dll+0x7da4ed]
V  [jvm.dll+0x7dbe33]
V  [jvm.dll+0x7dc4a3]
V  [jvm.dll+0x24508f]
V  [jvm.dll+0xab773]
V  [jvm.dll+0xabd3c]
V  [jvm.dll+0x2aa52f]
V  [jvm.dll+0x581eb9]
V  [jvm.dll+0x21f422]
V  [jvm.dll+0x21856c]
V  [jvm.dll+0x215b65]
V  [jvm.dll+0x1a2960]
V  [jvm.dll+0x22610b]
V  [jvm.dll+0x2242ab]
V  [jvm.dll+0x79075c]
V  [jvm.dll+0x78abea]
V  [jvm.dll+0x678f35]
C  [ucrtbase.dll+0x2cd30]
C  [KERNEL32.DLL+0x2e957]
C  [ntdll.dll+0x87c1c]


---------------  P R O C E S S  ---------------

Threads class SMR info:
_java_thread_list=0x000001a6ff2a52f0, length=28, elements={
0x000001a6c8d67bf0, 0x000001a6e367a470, 0x000001a6e367af40, 0x000001a6e3691210,
0x000001a6e3691ae0, 0x000001a6e36923b0, 0x000001a6e3692c80, 0x000001a6e3694940,
0x000001a6e3698320, 0x000001a6e3698c30, 0x000001a6e3668560, 0x000001a6e3a1c640,
0x000001a6fdbcee00, 0x000001a6fd61e070, 0x000001a6feb42cf0, 0x000001a6fe0eae70,
0x000001a6feb431d0, 0x000001a6fdb64730, 0x000001a6fdb64c40, 0x000001a6fdb632f0,
0x000001a6fdb63800, 0x000001a6fd10e8e0, 0x000001a6fd10d9b0, 0x000001a6fd10edf0,
0x000001a6fd10e3d0, 0x000001a6fdd64cc0, 0x000001a6fd10fd20, 0x000001a6fd10cf90
}

Java Threads: ( => current thread )
  0x000001a6c8d67bf0 JavaThread "main" [_thread_blocked, id=100, stack(0x0000002760a00000,0x0000002760b00000)]
  0x000001a6e367a470 JavaThread "Reference Handler" daemon [_thread_blocked, id=180, stack(0x0000002761100000,0x0000002761200000)]
  0x000001a6e367af40 JavaThread "Finalizer" daemon [_thread_blocked, id=7372, stack(0x0000002761200000,0x0000002761300000)]
  0x000001a6e3691210 JavaThread "Signal Dispatcher" daemon [_thread_blocked, id=16656, stack(0x0000002761300000,0x0000002761400000)]
  0x000001a6e3691ae0 JavaThread "Attach Listener" daemon [_thread_blocked, id=19096, stack(0x0000002761400000,0x0000002761500000)]
  0x000001a6e36923b0 JavaThread "Service Thread" daemon [_thread_blocked, id=316, stack(0x0000002761500000,0x0000002761600000)]
  0x000001a6e3692c80 JavaThread "Monitor Deflation Thread" daemon [_thread_blocked, id=18444, stack(0x0000002761600000,0x0000002761700000)]
  0x000001a6e3694940 JavaThread "C2 CompilerThread0" daemon [_thread_in_native, id=5740, stack(0x0000002761700000,0x0000002761800000)]
  0x000001a6e3698320 JavaThread "C1 CompilerThread0" daemon [_thread_blocked, id=9996, stack(0x0000002761800000,0x0000002761900000)]
  0x000001a6e3698c30 JavaThread "Sweeper thread" daemon [_thread_blocked, id=17424, stack(0x0000002761900000,0x0000002761a00000)]
  0x000001a6e3668560 JavaThread "Common-Cleaner" daemon [_thread_blocked, id=3676, stack(0x0000002761a00000,0x0000002761b00000)]
  0x000001a6e3a1c640 JavaThread "Notification Thread" daemon [_thread_blocked, id=14936, stack(0x0000002761b00000,0x0000002761c00000)]
  0x000001a6fdbcee00 JavaThread "Daemon health stats" [_thread_blocked, id=9396, stack(0x0000002762300000,0x0000002762400000)]
  0x000001a6fd61e070 JavaThread "Incoming local TCP Connector on port 58977" [_thread_in_native, id=15464, stack(0x0000002761d00000,0x0000002761e00000)]
  0x000001a6feb42cf0 JavaThread "Daemon periodic checks" [_thread_blocked, id=6604, stack(0x0000002762400000,0x0000002762500000)]
  0x000001a6fe0eae70 JavaThread "Daemon" [_thread_blocked, id=13456, stack(0x0000002762500000,0x0000002762600000)]
  0x000001a6feb431d0 JavaThread "Handler for socket connection from /127.0.0.1:58977 to /127.0.0.1:58978" [_thread_in_native, id=12860, stack(0x0000002762600000,0x0000002762700000)]
  0x000001a6fdb64730 JavaThread "Cancel handler" [_thread_blocked, id=18288, stack(0x0000002762700000,0x0000002762800000)]
  0x000001a6fdb64c40 JavaThread "Daemon worker" [_thread_in_Java, id=18396, stack(0x0000002762800000,0x0000002762900000)]
  0x000001a6fdb632f0 JavaThread "Asynchronous log dispatcher for DefaultDaemonConnection: socket connection from /127.0.0.1:58977 to /127.0.0.1:58978" [_thread_blocked, id=15728, stack(0x0000002762900000,0x0000002762a00000)]
  0x000001a6fdb63800 JavaThread "Stdin handler" [_thread_blocked, id=15436, stack(0x0000002762a00000,0x0000002762b00000)]
  0x000001a6fd10e8e0 JavaThread "Daemon client event forwarder" [_thread_blocked, id=9196, stack(0x0000002762b00000,0x0000002762c00000)]
  0x000001a6fd10d9b0 JavaThread "Cache worker for journal cache (C:\Users\wwwsy\.gradle\caches\journal-1)" [_thread_blocked, id=13264, stack(0x0000002762c00000,0x0000002762d00000)]
  0x000001a6fd10edf0 JavaThread "File lock request listener" [_thread_in_native, id=19372, stack(0x0000002762d00000,0x0000002762e00000)]
  0x000001a6fd10e3d0 JavaThread "Cache worker for file hash cache (C:\Users\wwwsy\.gradle\caches\9.4.1\fileHashes)" [_thread_blocked, id=18092, stack(0x0000002762f00000,0x0000002763000000)]
=>0x000001a6fdd64cc0 JavaThread "C2 CompilerThread1" daemon [_thread_in_native, id=5276, stack(0x0000002762e00000,0x0000002762f00000)]
  0x000001a6fd10fd20 JavaThread "Cache worker for file hash cache (C:\Abhishek_CONTEXio\Abhishek\Angular\Java-Workspace-new\onBoard\.gradle\9.4.1\fileHashes)" [_thread_blocked, id=14028, stack(0x0000002763300000,0x0000002763400000)]
  0x000001a6fd10cf90 JavaThread "Cache worker for Build Output Cleanup Cache (C:\Abhishek_CONTEXio\Abhishek\Angular\Java-Workspace-new\onBoard\.gradle\buildOutputCleanup)" [_thread_blocked, id=15304, stack(0x0000002763400000,0x0000002763500000)]

Other Threads:
  0x000001a6e3678e30 VMThread "VM Thread" [stack: 0x0000002761000000,0x0000002761100000] [id=11876]
  0x000001a6e39bc930 WatcherThread [stack: 0x0000002761c00000,0x0000002761d00000] [id=4212]
  0x000001a6c8d95ab0 GCTaskThread "GC Thread#0" [stack: 0x0000002760b00000,0x0000002760c00000] [id=2980]
  0x000001a6fe190e60 GCTaskThread "GC Thread#1" [stack: 0x0000002761e00000,0x0000002761f00000] [id=3604]
  0x000001a6fdbdbdd0 GCTaskThread "GC Thread#2" [stack: 0x0000002761f00000,0x0000002762000000] [id=17224]
  0x000001a6fe383010 GCTaskThread "GC Thread#3" [stack: 0x0000002762000000,0x0000002762100000] [id=9292]
  0x000001a6fe3832d0 GCTaskThread "GC Thread#4" [stack: 0x0000002762100000,0x0000002762200000] [id=17232]
  0x000001a6fe383590 GCTaskThread "GC Thread#5" [stack: 0x0000002762200000,0x0000002762300000] [id=8884]
  0x000001a6fe421890 GCTaskThread "GC Thread#6" [stack: 0x0000002763000000,0x0000002763100000] [id=19116]
  0x000001a6fe4215d0 GCTaskThread "GC Thread#7" [stack: 0x0000002763100000,0x0000002763200000] [id=5460]
  0x000001a6c8d9a910 ConcurrentGCThread "G1 Main Marker" [stack: 0x0000002760c00000,0x0000002760d00000] [id=16512]
  0x000001a6c8d9b230 ConcurrentGCThread "G1 Conc#0" [stack: 0x0000002760d00000,0x0000002760e00000] [id=4560]
  0x000001a6fe421310 ConcurrentGCThread "G1 Conc#1" [stack: 0x0000002763200000,0x0000002763300000] [id=18284]
  0x000001a6c8e2eba0 ConcurrentGCThread "G1 Refine#0" [stack: 0x0000002760e00000,0x0000002760f00000] [id=6208]
  0x000001a6e3531530 ConcurrentGCThread "G1 Service" [stack: 0x0000002760f00000,0x0000002761000000] [id=15644]

Threads with active compile tasks:
C2 CompilerThread0    15964 2711       4       java.net.URLClassLoader$1::run (5 bytes)
C1 CompilerThread0    15964 2799       3       java.lang.invoke.LambdaForm::normalize (322 bytes)
C2 CompilerThread1    15964 2712   !   4       java.net.URLClassLoader$1::run (81 bytes)

VM state: not at safepoint (normal execution)

VM Mutex/Monitor currently owned by a thread:  ([mutex/lock_event])
[0x000001a6c8d62f10] CodeCache_lock - owner thread: 0x0000000000000000
[0x000001a6c8d65550] Compile_lock - owner thread: 0x0000000000000000

Heap address: 0x00000000e0000000, size: 512 MB, Compressed Oops mode: 32-bit

CDS archive(s) mapped at: [0x000001a6e4000000-0x000001a6e4bd0000-0x000001a6e4bd0000), size 12386304, SharedBaseAddress: 0x000001a6e4000000, ArchiveRelocationMode: 1.
Compressed class space mapped at: 0x000001a6e5000000-0x000001a6f9000000, reserved size: 335544320
Narrow klass base: 0x000001a6e4000000, Narrow klass shift: 0, Narrow klass range: 0x100000000

GC Precious Log:
 CPUs: 8 total, 8 available
 Memory: 6079M
 Large Page Support: Disabled
 NUMA Support: Disabled
 Compressed Oops: Enabled (32-bit)
 Heap Region Size: 1M
 Heap Min Capacity: 256M
 Heap Initial Capacity: 256M
 Heap Max Capacity: 512M
 Pre-touch: Disabled
 Parallel Workers: 8
 Concurrent Workers: 2
 Concurrent Refinement Workers: 8
 Periodic GC: Disabled

Heap:
 garbage-first heap   total 262144K, used 35793K [0x00000000e0000000, 0x0000000100000000)
  region size 1024K, 25 young (25600K), 12 survivors (12288K)
 Metaspace       used 22747K, committed 23104K, reserved 393216K
  class space    used 3146K, committed 3328K, reserved 327680K

Heap Regions: E=young(eden), S=young(survivor), O=old, HS=humongous(starts), HC=humongous(continues), CS=collection set, F=free, OA=open archive, CA=closed archive, TAMS=top-at-mark-start (previous, next)
|   0|0x00000000e0000000, 0x00000000e0100000, 0x00000000e0100000|100%|HS|  |TAMS 0x00000000e0100000, 0x00000000e0000000| Complete 
|   1|0x00000000e0100000, 0x00000000e0200000, 0x00000000e0200000|100%|HC|  |TAMS 0x00000000e0200000, 0x00000000e0100000| Complete 
|   2|0x00000000e0200000, 0x00000000e0300000, 0x00000000e0300000|100%|HC|  |TAMS 0x00000000e0300000, 0x00000000e0200000| Complete 
|   3|0x00000000e0300000, 0x00000000e0400000, 0x00000000e0400000|100%|HC|  |TAMS 0x00000000e0400000, 0x00000000e0300000| Complete 
|   4|0x00000000e0400000, 0x00000000e0500000, 0x00000000e0500000|100%| O|  |TAMS 0x00000000e0500000, 0x00000000e0400000| Untracked 
|   5|0x00000000e0500000, 0x00000000e0600000, 0x00000000e0600000|100%| O|  |TAMS 0x00000000e0600000, 0x00000000e0500000| Untracked 
|   6|0x00000000e0600000, 0x00000000e0700000, 0x00000000e0700000|100%| O|  |TAMS 0x00000000e0700000, 0x00000000e0600000| Untracked 
|   7|0x00000000e0700000, 0x00000000e0800000, 0x00000000e0800000|100%| O|  |TAMS 0x00000000e0800000, 0x00000000e0700000| Untracked 
|   8|0x00000000e0800000, 0x00000000e0900000, 0x00000000e0900000|100%|HS|  |TAMS 0x00000000e0900000, 0x00000000e0800000| Complete 
|   9|0x00000000e0900000, 0x00000000e0900000, 0x00000000e0a00000|  0%| F|  |TAMS 0x00000000e0900000, 0x00000000e0900000| Untracked 
|  10|0x00000000e0a00000, 0x00000000e0b00000, 0x00000000e0b00000|100%| O|  |TAMS 0x00000000e0b00000, 0x00000000e0a00000| Untracked 
|  11|0x00000000e0b00000, 0x00000000e0c00000, 0x00000000e0c00000|100%| O|  |TAMS 0x00000000e0c00000, 0x00000000e0b00000| Complete 
|  12|0x00000000e0c00000, 0x00000000e0cb2400, 0x00000000e0d00000| 69%| O|  |TAMS 0x00000000e0cb2400, 0x00000000e0c00000| Untracked 
|  13|0x00000000e0d00000, 0x00000000e0d00000, 0x00000000e0e00000|  0%| F|  |TAMS 0x00000000e0d00000, 0x00000000e0d00000| Untracked 
|  14|0x00000000e0e00000, 0x00000000e0e00000, 0x00000000e0f00000|  0%| F|  |TAMS 0x00000000e0e00000, 0x00000000e0e00000| Untracked 
|  15|0x00000000e0f00000, 0x00000000e0f00000, 0x00000000e1000000|  0%| F|  |TAMS 0x00000000e0f00000, 0x00000000e0f00000| Untracked 
|  16|0x00000000e1000000, 0x00000000e1000000, 0x00000000e1100000|  0%| F|  |TAMS 0x00000000e1000000, 0x00000000e1000000| Untracked 
|  17|0x00000000e1100000, 0x00000000e1100000, 0x00000000e1200000|  0%| F|  |TAMS 0x00000000e1100000, 0x00000000e1100000| Untracked 
|  18|0x00000000e1200000, 0x00000000e1200000, 0x00000000e1300000|  0%| F|  |TAMS 0x00000000e1200000, 0x00000000e1200000| Untracked 
|  19|0x00000000e1300000, 0x00000000e1300000, 0x00000000e1400000|  0%| F|  |TAMS 0x00000000e1300000, 0x00000000e1300000| Untracked 
|  20|0x00000000e1400000, 0x00000000e1400000, 0x00000000e1500000|  0%| F|  |TAMS 0x00000000e1400000, 0x00000000e1400000| Untracked 
|  21|0x00000000e1500000, 0x00000000e1500000, 0x00000000e1600000|  0%| F|  |TAMS 0x00000000e1500000, 0x00000000e1500000| Untracked 
|  22|0x00000000e1600000, 0x00000000e1600000, 0x00000000e1700000|  0%| F|  |TAMS 0x00000000e1600000, 0x00000000e1600000| Untracked 
|  23|0x00000000e1700000, 0x00000000e1700000, 0x00000000e1800000|  0%| F|  |TAMS 0x00000000e1700000, 0x00000000e1700000| Untracked 
|  24|0x00000000e1800000, 0x00000000e1800000, 0x00000000e1900000|  0%| F|  |TAMS 0x00000000e1800000, 0x00000000e1800000| Untracked 
|  25|0x00000000e1900000, 0x00000000e1900000, 0x00000000e1a00000|  0%| F|  |TAMS 0x00000000e1900000, 0x00000000e1900000| Untracked 
|  26|0x00000000e1a00000, 0x00000000e1a00000, 0x00000000e1b00000|  0%| F|  |TAMS 0x00000000e1a00000, 0x00000000e1a00000| Untracked 
|  27|0x00000000e1b00000, 0x00000000e1b00000, 0x00000000e1c00000|  0%| F|  |TAMS 0x00000000e1b00000, 0x00000000e1b00000| Untracked 
|  28|0x00000000e1c00000, 0x00000000e1c00000, 0x00000000e1d00000|  0%| F|  |TAMS 0x00000000e1c00000, 0x00000000e1c00000| Untracked 
|  29|0x00000000e1d00000, 0x00000000e1d00000, 0x00000000e1e00000|  0%| F|  |TAMS 0x00000000e1d00000, 0x00000000e1d00000| Untracked 
|  30|0x00000000e1e00000, 0x00000000e1e00000, 0x00000000e1f00000|  0%| F|  |TAMS 0x00000000e1e00000, 0x00000000e1e00000| Untracked 
|  31|0x00000000e1f00000, 0x00000000e1f00000, 0x00000000e2000000|  0%| F|  |TAMS 0x00000000e1f00000, 0x00000000e1f00000| Untracked 
|  32|0x00000000e2000000, 0x00000000e2000000, 0x00000000e2100000|  0%| F|  |TAMS 0x00000000e2000000, 0x00000000e2000000| Untracked 
|  33|0x00000000e2100000, 0x00000000e2100000, 0x00000000e2200000|  0%| F|  |TAMS 0x00000000e2100000, 0x00000000e2100000| Untracked 
|  34|0x00000000e2200000, 0x00000000e2200000, 0x00000000e2300000|  0%| F|  |TAMS 0x00000000e2200000, 0x00000000e2200000| Untracked 
|  35|0x00000000e2300000, 0x00000000e2300000, 0x00000000e2400000|  0%| F|  |TAMS 0x00000000e2300000, 0x00000000e2300000| Untracked 
|  36|0x00000000e2400000, 0x00000000e2400000, 0x00000000e2500000|  0%| F|  |TAMS 0x00000000e2400000, 0x00000000e2400000| Untracked 
|  37|0x00000000e2500000, 0x00000000e2500000, 0x00000000e2600000|  0%| F|  |TAMS 0x00000000e2500000, 0x00000000e2500000| Untracked 
|  38|0x00000000e2600000, 0x00000000e2600000, 0x00000000e2700000|  0%| F|  |TAMS 0x00000000e2600000, 0x00000000e2600000| Untracked 
|  39|0x00000000e2700000, 0x00000000e2700000, 0x00000000e2800000|  0%| F|  |TAMS 0x00000000e2700000, 0x00000000e2700000| Untracked 
|  40|0x00000000e2800000, 0x00000000e2800000, 0x00000000e2900000|  0%| F|  |TAMS 0x00000000e2800000, 0x00000000e2800000| Untracked 
|  41|0x00000000e2900000, 0x00000000e2900000, 0x00000000e2a00000|  0%| F|  |TAMS 0x00000000e2900000, 0x00000000e2900000| Untracked 
|  42|0x00000000e2a00000, 0x00000000e2a00000, 0x00000000e2b00000|  0%| F|  |TAMS 0x00000000e2a00000, 0x00000000e2a00000| Untracked 
|  43|0x00000000e2b00000, 0x00000000e2b00000, 0x00000000e2c00000|  0%| F|  |TAMS 0x00000000e2b00000, 0x00000000e2b00000| Untracked 
|  44|0x00000000e2c00000, 0x00000000e2c00000, 0x00000000e2d00000|  0%| F|  |TAMS 0x00000000e2c00000, 0x00000000e2c00000| Untracked 
|  45|0x00000000e2d00000, 0x00000000e2d00000, 0x00000000e2e00000|  0%| F|  |TAMS 0x00000000e2d00000, 0x00000000e2d00000| Untracked 
|  46|0x00000000e2e00000, 0x00000000e2e00000, 0x00000000e2f00000|  0%| F|  |TAMS 0x00000000e2e00000, 0x00000000e2e00000| Untracked 
|  47|0x00000000e2f00000, 0x00000000e2f00000, 0x00000000e3000000|  0%| F|  |TAMS 0x00000000e2f00000, 0x00000000e2f00000| Untracked 
|  48|0x00000000e3000000, 0x00000000e3000000, 0x00000000e3100000|  0%| F|  |TAMS 0x00000000e3000000, 0x00000000e3000000| Untracked 
|  49|0x00000000e3100000, 0x00000000e3100000, 0x00000000e3200000|  0%| F|  |TAMS 0x00000000e3100000, 0x00000000e3100000| Untracked 
|  50|0x00000000e3200000, 0x00000000e3200000, 0x00000000e3300000|  0%| F|  |TAMS 0x00000000e3200000, 0x00000000e3200000| Untracked 
|  51|0x00000000e3300000, 0x00000000e3300000, 0x00000000e3400000|  0%| F|  |TAMS 0x00000000e3300000, 0x00000000e3300000| Untracked 
|  52|0x00000000e3400000, 0x00000000e3400000, 0x00000000e3500000|  0%| F|  |TAMS 0x00000000e3400000, 0x00000000e3400000| Untracked 
|  53|0x00000000e3500000, 0x00000000e3500000, 0x00000000e3600000|  0%| F|  |TAMS 0x00000000e3500000, 0x00000000e3500000| Untracked 
|  54|0x00000000e3600000, 0x00000000e3600000, 0x00000000e3700000|  0%| F|  |TAMS 0x00000000e3600000, 0x00000000e3600000| Untracked 
|  55|0x00000000e3700000, 0x00000000e3700000, 0x00000000e3800000|  0%| F|  |TAMS 0x00000000e3700000, 0x00000000e3700000| Untracked 
|  56|0x00000000e3800000, 0x00000000e3800000, 0x00000000e3900000|  0%| F|  |TAMS 0x00000000e3800000, 0x00000000e3800000| Untracked 
|  57|0x00000000e3900000, 0x00000000e3900000, 0x00000000e3a00000|  0%| F|  |TAMS 0x00000000e3900000, 0x00000000e3900000| Untracked 
|  58|0x00000000e3a00000, 0x00000000e3a00000, 0x00000000e3b00000|  0%| F|  |TAMS 0x00000000e3a00000, 0x00000000e3a00000| Untracked 
|  59|0x00000000e3b00000, 0x00000000e3b00000, 0x00000000e3c00000|  0%| F|  |TAMS 0x00000000e3b00000, 0x00000000e3b00000| Untracked 
|  60|0x00000000e3c00000, 0x00000000e3c00000, 0x00000000e3d00000|  0%| F|  |TAMS 0x00000000e3c00000, 0x00000000e3c00000| Untracked 
|  61|0x00000000e3d00000, 0x00000000e3d00000, 0x00000000e3e00000|  0%| F|  |TAMS 0x00000000e3d00000, 0x00000000e3d00000| Untracked 
|  62|0x00000000e3e00000, 0x00000000e3e00000, 0x00000000e3f00000|  0%| F|  |TAMS 0x00000000e3e00000, 0x00000000e3e00000| Untracked 
|  63|0x00000000e3f00000, 0x00000000e3f00000, 0x00000000e4000000|  0%| F|  |TAMS 0x00000000e3f00000, 0x00000000e3f00000| Untracked 
|  64|0x00000000e4000000, 0x00000000e4000000, 0x00000000e4100000|  0%| F|  |TAMS 0x00000000e4000000, 0x00000000e4000000| Untracked 
|  65|0x00000000e4100000, 0x00000000e4100000, 0x00000000e4200000|  0%| F|  |TAMS 0x00000000e4100000, 0x00000000e4100000| Untracked 
|  66|0x00000000e4200000, 0x00000000e4200000, 0x00000000e4300000|  0%| F|  |TAMS 0x00000000e4200000, 0x00000000e4200000| Untracked 
|  67|0x00000000e4300000, 0x00000000e4300000, 0x00000000e4400000|  0%| F|  |TAMS 0x00000000e4300000, 0x00000000e4300000| Untracked 
|  68|0x00000000e4400000, 0x00000000e4400000, 0x00000000e4500000|  0%| F|  |TAMS 0x00000000e4400000, 0x00000000e4400000| Untracked 
|  69|0x00000000e4500000, 0x00000000e4500000, 0x00000000e4600000|  0%| F|  |TAMS 0x00000000e4500000, 0x00000000e4500000| Untracked 
|  70|0x00000000e4600000, 0x00000000e4600000, 0x00000000e4700000|  0%| F|  |TAMS 0x00000000e4600000, 0x00000000e4600000| Untracked 
|  71|0x00000000e4700000, 0x00000000e4700000, 0x00000000e4800000|  0%| F|  |TAMS 0x00000000e4700000, 0x00000000e4700000| Untracked 
|  72|0x00000000e4800000, 0x00000000e4800000, 0x00000000e4900000|  0%| F|  |TAMS 0x00000000e4800000, 0x00000000e4800000| Untracked 
|  73|0x00000000e4900000, 0x00000000e4900000, 0x00000000e4a00000|  0%| F|  |TAMS 0x00000000e4900000, 0x00000000e4900000| Untracked 
|  74|0x00000000e4a00000, 0x00000000e4a00000, 0x00000000e4b00000|  0%| F|  |TAMS 0x00000000e4a00000, 0x00000000e4a00000| Untracked 
|  75|0x00000000e4b00000, 0x00000000e4b00000, 0x00000000e4c00000|  0%| F|  |TAMS 0x00000000e4b00000, 0x00000000e4b00000| Untracked 
|  76|0x00000000e4c00000, 0x00000000e4c00000, 0x00000000e4d00000|  0%| F|  |TAMS 0x00000000e4c00000, 0x00000000e4c00000| Untracked 
|  77|0x00000000e4d00000, 0x00000000e4d00000, 0x00000000e4e00000|  0%| F|  |TAMS 0x00000000e4d00000, 0x00000000e4d00000| Untracked 
|  78|0x00000000e4e00000, 0x00000000e4e00000, 0x00000000e4f00000|  0%| F|  |TAMS 0x00000000e4e00000, 0x00000000e4e00000| Untracked 
|  79|0x00000000e4f00000, 0x00000000e4f00000, 0x00000000e5000000|  0%| F|  |TAMS 0x00000000e4f00000, 0x00000000e4f00000| Untracked 
|  80|0x00000000e5000000, 0x00000000e5000000, 0x00000000e5100000|  0%| F|  |TAMS 0x00000000e5000000, 0x00000000e5000000| Untracked 
|  81|0x00000000e5100000, 0x00000000e5100000, 0x00000000e5200000|  0%| F|  |TAMS 0x00000000e5100000, 0x00000000e5100000| Untracked 
|  82|0x00000000e5200000, 0x00000000e5200000, 0x00000000e5300000|  0%| F|  |TAMS 0x00000000e5200000, 0x00000000e5200000| Untracked 
|  83|0x00000000e5300000, 0x00000000e5300000, 0x00000000e5400000|  0%| F|  |TAMS 0x00000000e5300000, 0x00000000e5300000| Untracked 
|  84|0x00000000e5400000, 0x00000000e5400000, 0x00000000e5500000|  0%| F|  |TAMS 0x00000000e5400000, 0x00000000e5400000| Untracked 
|  85|0x00000000e5500000, 0x00000000e5500000, 0x00000000e5600000|  0%| F|  |TAMS 0x00000000e5500000, 0x00000000e5500000| Untracked 
|  86|0x00000000e5600000, 0x00000000e5600000, 0x00000000e5700000|  0%| F|  |TAMS 0x00000000e5600000, 0x00000000e5600000| Untracked 
|  87|0x00000000e5700000, 0x00000000e5700000, 0x00000000e5800000|  0%| F|  |TAMS 0x00000000e5700000, 0x00000000e5700000| Untracked 
|  88|0x00000000e5800000, 0x00000000e5800000, 0x00000000e5900000|  0%| F|  |TAMS 0x00000000e5800000, 0x00000000e5800000| Untracked 
|  89|0x00000000e5900000, 0x00000000e5900000, 0x00000000e5a00000|  0%| F|  |TAMS 0x00000000e5900000, 0x00000000e5900000| Untracked 
|  90|0x00000000e5a00000, 0x00000000e5a00000, 0x00000000e5b00000|  0%| F|  |TAMS 0x00000000e5a00000, 0x00000000e5a00000| Untracked 
|  91|0x00000000e5b00000, 0x00000000e5b00000, 0x00000000e5c00000|  0%| F|  |TAMS 0x00000000e5b00000, 0x00000000e5b00000| Untracked 
|  92|0x00000000e5c00000, 0x00000000e5c00000, 0x00000000e5d00000|  0%| F|  |TAMS 0x00000000e5c00000, 0x00000000e5c00000| Untracked 
|  93|0x00000000e5d00000, 0x00000000e5d00000, 0x00000000e5e00000|  0%| F|  |TAMS 0x00000000e5d00000, 0x00000000e5d00000| Untracked 
|  94|0x00000000e5e00000, 0x00000000e5e00000, 0x00000000e5f00000|  0%| F|  |TAMS 0x00000000e5e00000, 0x00000000e5e00000| Untracked 
|  95|0x00000000e5f00000, 0x00000000e5f00000, 0x00000000e6000000|  0%| F|  |TAMS 0x00000000e5f00000, 0x00000000e5f00000| Untracked 
|  96|0x00000000e6000000, 0x00000000e6000000, 0x00000000e6100000|  0%| F|  |TAMS 0x00000000e6000000, 0x00000000e6000000| Untracked 
|  97|0x00000000e6100000, 0x00000000e6100000, 0x00000000e6200000|  0%| F|  |TAMS 0x00000000e6100000, 0x00000000e6100000| Untracked 
|  98|0x00000000e6200000, 0x00000000e6200000, 0x00000000e6300000|  0%| F|  |TAMS 0x00000000e6200000, 0x00000000e6200000| Untracked 
|  99|0x00000000e6300000, 0x00000000e6300000, 0x00000000e6400000|  0%| F|  |TAMS 0x00000000e6300000, 0x00000000e6300000| Untracked 
| 100|0x00000000e6400000, 0x00000000e6400000, 0x00000000e6500000|  0%| F|  |TAMS 0x00000000e6400000, 0x00000000e6400000| Untracked 
| 101|0x00000000e6500000, 0x00000000e6500000, 0x00000000e6600000|  0%| F|  |TAMS 0x00000000e6500000, 0x00000000e6500000| Untracked 
| 102|0x00000000e6600000, 0x00000000e6600000, 0x00000000e6700000|  0%| F|  |TAMS 0x00000000e6600000, 0x00000000e6600000| Untracked 
| 103|0x00000000e6700000, 0x00000000e6700000, 0x00000000e6800000|  0%| F|  |TAMS 0x00000000e6700000, 0x00000000e6700000| Untracked 
| 104|0x00000000e6800000, 0x00000000e6800000, 0x00000000e6900000|  0%| F|  |TAMS 0x00000000e6800000, 0x00000000e6800000| Untracked 
| 105|0x00000000e6900000, 0x00000000e6900000, 0x00000000e6a00000|  0%| F|  |TAMS 0x00000000e6900000, 0x00000000e6900000| Untracked 
| 106|0x00000000e6a00000, 0x00000000e6a00000, 0x00000000e6b00000|  0%| F|  |TAMS 0x00000000e6a00000, 0x00000000e6a00000| Untracked 
| 107|0x00000000e6b00000, 0x00000000e6b00000, 0x00000000e6c00000|  0%| F|  |TAMS 0x00000000e6b00000, 0x00000000e6b00000| Untracked 
| 108|0x00000000e6c00000, 0x00000000e6c00000, 0x00000000e6d00000|  0%| F|  |TAMS 0x00000000e6c00000, 0x00000000e6c00000| Untracked 
| 109|0x00000000e6d00000, 0x00000000e6d00000, 0x00000000e6e00000|  0%| F|  |TAMS 0x00000000e6d00000, 0x00000000e6d00000| Untracked 
| 110|0x00000000e6e00000, 0x00000000e6e00000, 0x00000000e6f00000|  0%| F|  |TAMS 0x00000000e6e00000, 0x00000000e6e00000| Untracked 
| 111|0x00000000e6f00000, 0x00000000e6f00000, 0x00000000e7000000|  0%| F|  |TAMS 0x00000000e6f00000, 0x00000000e6f00000| Untracked 
| 112|0x00000000e7000000, 0x00000000e7000000, 0x00000000e7100000|  0%| F|  |TAMS 0x00000000e7000000, 0x00000000e7000000| Untracked 
| 113|0x00000000e7100000, 0x00000000e7100000, 0x00000000e7200000|  0%| F|  |TAMS 0x00000000e7100000, 0x00000000e7100000| Untracked 
| 114|0x00000000e7200000, 0x00000000e7200000, 0x00000000e7300000|  0%| F|  |TAMS 0x00000000e7200000, 0x00000000e7200000| Untracked 
| 115|0x00000000e7300000, 0x00000000e7300000, 0x00000000e7400000|  0%| F|  |TAMS 0x00000000e7300000, 0x00000000e7300000| Untracked 
| 116|0x00000000e7400000, 0x00000000e7400000, 0x00000000e7500000|  0%| F|  |TAMS 0x00000000e7400000, 0x00000000e7400000| Untracked 
| 117|0x00000000e7500000, 0x00000000e7500000, 0x00000000e7600000|  0%| F|  |TAMS 0x00000000e7500000, 0x00000000e7500000| Untracked 
| 118|0x00000000e7600000, 0x00000000e7600000, 0x00000000e7700000|  0%| F|  |TAMS 0x00000000e7600000, 0x00000000e7600000| Untracked 
| 119|0x00000000e7700000, 0x00000000e7700000, 0x00000000e7800000|  0%| F|  |TAMS 0x00000000e7700000, 0x00000000e7700000| Untracked 
| 120|0x00000000e7800000, 0x00000000e7800000, 0x00000000e7900000|  0%| F|  |TAMS 0x00000000e7800000, 0x00000000e7800000| Untracked 
| 121|0x00000000e7900000, 0x00000000e7900000, 0x00000000e7a00000|  0%| F|  |TAMS 0x00000000e7900000, 0x00000000e7900000| Untracked 
| 122|0x00000000e7a00000, 0x00000000e7a00000, 0x00000000e7b00000|  0%| F|  |TAMS 0x00000000e7a00000, 0x00000000e7a00000| Untracked 
| 123|0x00000000e7b00000, 0x00000000e7b00000, 0x00000000e7c00000|  0%| F|  |TAMS 0x00000000e7b00000, 0x00000000e7b00000| Untracked 
| 124|0x00000000e7c00000, 0x00000000e7c00000, 0x00000000e7d00000|  0%| F|  |TAMS 0x00000000e7c00000, 0x00000000e7c00000| Untracked 
| 125|0x00000000e7d00000, 0x00000000e7d00000, 0x00000000e7e00000|  0%| F|  |TAMS 0x00000000e7d00000, 0x00000000e7d00000| Untracked 
| 126|0x00000000e7e00000, 0x00000000e7e00000, 0x00000000e7f00000|  0%| F|  |TAMS 0x00000000e7e00000, 0x00000000e7e00000| Untracked 
| 127|0x00000000e7f00000, 0x00000000e7f00000, 0x00000000e8000000|  0%| F|  |TAMS 0x00000000e7f00000, 0x00000000e7f00000| Untracked 
| 128|0x00000000e8000000, 0x00000000e8000000, 0x00000000e8100000|  0%| F|  |TAMS 0x00000000e8000000, 0x00000000e8000000| Untracked 
| 129|0x00000000e8100000, 0x00000000e8142100, 0x00000000e8200000| 25%| S|CS|TAMS 0x00000000e8100000, 0x00000000e8100000| Complete 
| 130|0x00000000e8200000, 0x00000000e8300000, 0x00000000e8300000|100%| S|CS|TAMS 0x00000000e8200000, 0x00000000e8200000| Complete 
| 131|0x00000000e8300000, 0x00000000e8400000, 0x00000000e8400000|100%| S|CS|TAMS 0x00000000e8300000, 0x00000000e8300000| Complete 
| 132|0x00000000e8400000, 0x00000000e8500000, 0x00000000e8500000|100%| S|CS|TAMS 0x00000000e8400000, 0x00000000e8400000| Complete 
| 133|0x00000000e8500000, 0x00000000e8600000, 0x00000000e8600000|100%| S|CS|TAMS 0x00000000e8500000, 0x00000000e8500000| Complete 
| 134|0x00000000e8600000, 0x00000000e8700000, 0x00000000e8700000|100%| S|CS|TAMS 0x00000000e8600000, 0x00000000e8600000| Complete 
| 135|0x00000000e8700000, 0x00000000e8800000, 0x00000000e8800000|100%| S|CS|TAMS 0x00000000e8700000, 0x00000000e8700000| Complete 
| 136|0x00000000e8800000, 0x00000000e8900000, 0x00000000e8900000|100%| S|CS|TAMS 0x00000000e8800000, 0x00000000e8800000| Complete 
| 137|0x00000000e8900000, 0x00000000e8a00000, 0x00000000e8a00000|100%| S|CS|TAMS 0x00000000e8900000, 0x00000000e8900000| Complete 
| 138|0x00000000e8a00000, 0x00000000e8b00000, 0x00000000e8b00000|100%| S|CS|TAMS 0x00000000e8a00000, 0x00000000e8a00000| Complete 
| 139|0x00000000e8b00000, 0x00000000e8c00000, 0x00000000e8c00000|100%| S|CS|TAMS 0x00000000e8b00000, 0x00000000e8b00000| Complete 
| 140|0x00000000e8c00000, 0x00000000e8d00000, 0x00000000e8d00000|100%| S|CS|TAMS 0x00000000e8c00000, 0x00000000e8c00000| Complete 
| 141|0x00000000e8d00000, 0x00000000e8d00000, 0x00000000e8e00000|  0%| F|  |TAMS 0x00000000e8d00000, 0x00000000e8d00000| Untracked 
| 142|0x00000000e8e00000, 0x00000000e8e00000, 0x00000000e8f00000|  0%| F|  |TAMS 0x00000000e8e00000, 0x00000000e8e00000| Untracked 
| 143|0x00000000e8f00000, 0x00000000e8f00000, 0x00000000e9000000|  0%| F|  |TAMS 0x00000000e8f00000, 0x00000000e8f00000| Untracked 
| 144|0x00000000e9000000, 0x00000000e9000000, 0x00000000e9100000|  0%| F|  |TAMS 0x00000000e9000000, 0x00000000e9000000| Untracked 
| 145|0x00000000e9100000, 0x00000000e9100000, 0x00000000e9200000|  0%| F|  |TAMS 0x00000000e9100000, 0x00000000e9100000| Untracked 
| 146|0x00000000e9200000, 0x00000000e9200000, 0x00000000e9300000|  0%| F|  |TAMS 0x00000000e9200000, 0x00000000e9200000| Untracked 
| 147|0x00000000e9300000, 0x00000000e9300000, 0x00000000e9400000|  0%| F|  |TAMS 0x00000000e9300000, 0x00000000e9300000| Untracked 
| 148|0x00000000e9400000, 0x00000000e9400000, 0x00000000e9500000|  0%| F|  |TAMS 0x00000000e9400000, 0x00000000e9400000| Untracked 
| 149|0x00000000e9500000, 0x00000000e9500000, 0x00000000e9600000|  0%| F|  |TAMS 0x00000000e9500000, 0x00000000e9500000| Untracked 
| 150|0x00000000e9600000, 0x00000000e9600000, 0x00000000e9700000|  0%| F|  |TAMS 0x00000000e9600000, 0x00000000e9600000| Untracked 
| 151|0x00000000e9700000, 0x00000000e9700000, 0x00000000e9800000|  0%| F|  |TAMS 0x00000000e9700000, 0x00000000e9700000| Untracked 
| 152|0x00000000e9800000, 0x00000000e9800000, 0x00000000e9900000|  0%| F|  |TAMS 0x00000000e9800000, 0x00000000e9800000| Untracked 
| 153|0x00000000e9900000, 0x00000000e9900000, 0x00000000e9a00000|  0%| F|  |TAMS 0x00000000e9900000, 0x00000000e9900000| Untracked 
| 154|0x00000000e9a00000, 0x00000000e9a00000, 0x00000000e9b00000|  0%| F|  |TAMS 0x00000000e9a00000, 0x00000000e9a00000| Untracked 
| 155|0x00000000e9b00000, 0x00000000e9b00000, 0x00000000e9c00000|  0%| F|  |TAMS 0x00000000e9b00000, 0x00000000e9b00000| Untracked 
| 156|0x00000000e9c00000, 0x00000000e9c00000, 0x00000000e9d00000|  0%| F|  |TAMS 0x00000000e9c00000, 0x00000000e9c00000| Untracked 
| 157|0x00000000e9d00000, 0x00000000e9d00000, 0x00000000e9e00000|  0%| F|  |TAMS 0x00000000e9d00000, 0x00000000e9d00000| Untracked 
| 158|0x00000000e9e00000, 0x00000000e9e00000, 0x00000000e9f00000|  0%| F|  |TAMS 0x00000000e9e00000, 0x00000000e9e00000| Untracked 
| 159|0x00000000e9f00000, 0x00000000e9f00000, 0x00000000ea000000|  0%| F|  |TAMS 0x00000000e9f00000, 0x00000000e9f00000| Untracked 
| 160|0x00000000ea000000, 0x00000000ea000000, 0x00000000ea100000|  0%| F|  |TAMS 0x00000000ea000000, 0x00000000ea000000| Untracked 
| 161|0x00000000ea100000, 0x00000000ea100000, 0x00000000ea200000|  0%| F|  |TAMS 0x00000000ea100000, 0x00000000ea100000| Untracked 
| 162|0x00000000ea200000, 0x00000000ea200000, 0x00000000ea300000|  0%| F|  |TAMS 0x00000000ea200000, 0x00000000ea200000| Untracked 
| 163|0x00000000ea300000, 0x00000000ea300000, 0x00000000ea400000|  0%| F|  |TAMS 0x00000000ea300000, 0x00000000ea300000| Untracked 
| 164|0x00000000ea400000, 0x00000000ea400000, 0x00000000ea500000|  0%| F|  |TAMS 0x00000000ea400000, 0x00000000ea400000| Untracked 
| 165|0x00000000ea500000, 0x00000000ea500000, 0x00000000ea600000|  0%| F|  |TAMS 0x00000000ea500000, 0x00000000ea500000| Untracked 
| 166|0x00000000ea600000, 0x00000000ea600000, 0x00000000ea700000|  0%| F|  |TAMS 0x00000000ea600000, 0x00000000ea600000| Untracked 
| 167|0x00000000ea700000, 0x00000000ea700000, 0x00000000ea800000|  0%| F|  |TAMS 0x00000000ea700000, 0x00000000ea700000| Untracked 
| 168|0x00000000ea800000, 0x00000000ea800000, 0x00000000ea900000|  0%| F|  |TAMS 0x00000000ea800000, 0x00000000ea800000| Untracked 
| 169|0x00000000ea900000, 0x00000000ea900000, 0x00000000eaa00000|  0%| F|  |TAMS 0x00000000ea900000, 0x00000000ea900000| Untracked 
| 170|0x00000000eaa00000, 0x00000000eaa00000, 0x00000000eab00000|  0%| F|  |TAMS 0x00000000eaa00000, 0x00000000eaa00000| Untracked 
| 171|0x00000000eab00000, 0x00000000eab00000, 0x00000000eac00000|  0%| F|  |TAMS 0x00000000eab00000, 0x00000000eab00000| Untracked 
| 172|0x00000000eac00000, 0x00000000eac00000, 0x00000000ead00000|  0%| F|  |TAMS 0x00000000eac00000, 0x00000000eac00000| Untracked 
| 173|0x00000000ead00000, 0x00000000ead00000, 0x00000000eae00000|  0%| F|  |TAMS 0x00000000ead00000, 0x00000000ead00000| Untracked 
| 174|0x00000000eae00000, 0x00000000eae00000, 0x00000000eaf00000|  0%| F|  |TAMS 0x00000000eae00000, 0x00000000eae00000| Untracked 
| 175|0x00000000eaf00000, 0x00000000eaf00000, 0x00000000eb000000|  0%| F|  |TAMS 0x00000000eaf00000, 0x00000000eaf00000| Untracked 
| 176|0x00000000eb000000, 0x00000000eb000000, 0x00000000eb100000|  0%| F|  |TAMS 0x00000000eb000000, 0x00000000eb000000| Untracked 
| 177|0x00000000eb100000, 0x00000000eb100000, 0x00000000eb200000|  0%| F|  |TAMS 0x00000000eb100000, 0x00000000eb100000| Untracked 
| 178|0x00000000eb200000, 0x00000000eb200000, 0x00000000eb300000|  0%| F|  |TAMS 0x00000000eb200000, 0x00000000eb200000| Untracked 
| 179|0x00000000eb300000, 0x00000000eb300000, 0x00000000eb400000|  0%| F|  |TAMS 0x00000000eb300000, 0x00000000eb300000| Untracked 
| 180|0x00000000eb400000, 0x00000000eb400000, 0x00000000eb500000|  0%| F|  |TAMS 0x00000000eb400000, 0x00000000eb400000| Untracked 
| 181|0x00000000eb500000, 0x00000000eb500000, 0x00000000eb600000|  0%| F|  |TAMS 0x00000000eb500000, 0x00000000eb500000| Untracked 
| 182|0x00000000eb600000, 0x00000000eb600000, 0x00000000eb700000|  0%| F|  |TAMS 0x00000000eb600000, 0x00000000eb600000| Untracked 
| 183|0x00000000eb700000, 0x00000000eb700000, 0x00000000eb800000|  0%| F|  |TAMS 0x00000000eb700000, 0x00000000eb700000| Untracked 
| 184|0x00000000eb800000, 0x00000000eb800000, 0x00000000eb900000|  0%| F|  |TAMS 0x00000000eb800000, 0x00000000eb800000| Untracked 
| 185|0x00000000eb900000, 0x00000000eb900000, 0x00000000eba00000|  0%| F|  |TAMS 0x00000000eb900000, 0x00000000eb900000| Untracked 
| 186|0x00000000eba00000, 0x00000000eba00000, 0x00000000ebb00000|  0%| F|  |TAMS 0x00000000eba00000, 0x00000000eba00000| Untracked 
| 187|0x00000000ebb00000, 0x00000000ebb00000, 0x00000000ebc00000|  0%| F|  |TAMS 0x00000000ebb00000, 0x00000000ebb00000| Untracked 
| 188|0x00000000ebc00000, 0x00000000ebc00000, 0x00000000ebd00000|  0%| F|  |TAMS 0x00000000ebc00000, 0x00000000ebc00000| Untracked 
| 189|0x00000000ebd00000, 0x00000000ebd00000, 0x00000000ebe00000|  0%| F|  |TAMS 0x00000000ebd00000, 0x00000000ebd00000| Untracked 
| 190|0x00000000ebe00000, 0x00000000ebe00000, 0x00000000ebf00000|  0%| F|  |TAMS 0x00000000ebe00000, 0x00000000ebe00000| Untracked 
| 191|0x00000000ebf00000, 0x00000000ebf00000, 0x00000000ec000000|  0%| F|  |TAMS 0x00000000ebf00000, 0x00000000ebf00000| Untracked 
| 192|0x00000000ec000000, 0x00000000ec000000, 0x00000000ec100000|  0%| F|  |TAMS 0x00000000ec000000, 0x00000000ec000000| Untracked 
| 193|0x00000000ec100000, 0x00000000ec100000, 0x00000000ec200000|  0%| F|  |TAMS 0x00000000ec100000, 0x00000000ec100000| Untracked 
| 194|0x00000000ec200000, 0x00000000ec200000, 0x00000000ec300000|  0%| F|  |TAMS 0x00000000ec200000, 0x00000000ec200000| Untracked 
| 195|0x00000000ec300000, 0x00000000ec300000, 0x00000000ec400000|  0%| F|  |TAMS 0x00000000ec300000, 0x00000000ec300000| Untracked 
| 196|0x00000000ec400000, 0x00000000ec400000, 0x00000000ec500000|  0%| F|  |TAMS 0x00000000ec400000, 0x00000000ec400000| Untracked 
| 197|0x00000000ec500000, 0x00000000ec500000, 0x00000000ec600000|  0%| F|  |TAMS 0x00000000ec500000, 0x00000000ec500000| Untracked 
| 198|0x00000000ec600000, 0x00000000ec600000, 0x00000000ec700000|  0%| F|  |TAMS 0x00000000ec600000, 0x00000000ec600000| Untracked 
| 199|0x00000000ec700000, 0x00000000ec700000, 0x00000000ec800000|  0%| F|  |TAMS 0x00000000ec700000, 0x00000000ec700000| Untracked 
| 200|0x00000000ec800000, 0x00000000ec800000, 0x00000000ec900000|  0%| F|  |TAMS 0x00000000ec800000, 0x00000000ec800000| Untracked 
| 201|0x00000000ec900000, 0x00000000ec900000, 0x00000000eca00000|  0%| F|  |TAMS 0x00000000ec900000, 0x00000000ec900000| Untracked 
| 202|0x00000000eca00000, 0x00000000eca00000, 0x00000000ecb00000|  0%| F|  |TAMS 0x00000000eca00000, 0x00000000eca00000| Untracked 
| 203|0x00000000ecb00000, 0x00000000ecb00000, 0x00000000ecc00000|  0%| F|  |TAMS 0x00000000ecb00000, 0x00000000ecb00000| Untracked 
| 204|0x00000000ecc00000, 0x00000000ecc00000, 0x00000000ecd00000|  0%| F|  |TAMS 0x00000000ecc00000, 0x00000000ecc00000| Untracked 
| 205|0x00000000ecd00000, 0x00000000ecd00000, 0x00000000ece00000|  0%| F|  |TAMS 0x00000000ecd00000, 0x00000000ecd00000| Untracked 
| 206|0x00000000ece00000, 0x00000000ece00000, 0x00000000ecf00000|  0%| F|  |TAMS 0x00000000ece00000, 0x00000000ece00000| Untracked 
| 207|0x00000000ecf00000, 0x00000000ecf00000, 0x00000000ed000000|  0%| F|  |TAMS 0x00000000ecf00000, 0x00000000ecf00000| Untracked 
| 208|0x00000000ed000000, 0x00000000ed000000, 0x00000000ed100000|  0%| F|  |TAMS 0x00000000ed000000, 0x00000000ed000000| Untracked 
| 209|0x00000000ed100000, 0x00000000ed100000, 0x00000000ed200000|  0%| F|  |TAMS 0x00000000ed100000, 0x00000000ed100000| Untracked 
| 210|0x00000000ed200000, 0x00000000ed200000, 0x00000000ed300000|  0%| F|  |TAMS 0x00000000ed200000, 0x00000000ed200000| Untracked 
| 211|0x00000000ed300000, 0x00000000ed300000, 0x00000000ed400000|  0%| F|  |TAMS 0x00000000ed300000, 0x00000000ed300000| Untracked 
| 212|0x00000000ed400000, 0x00000000ed400000, 0x00000000ed500000|  0%| F|  |TAMS 0x00000000ed400000, 0x00000000ed400000| Untracked 
| 213|0x00000000ed500000, 0x00000000ed500000, 0x00000000ed600000|  0%| F|  |TAMS 0x00000000ed500000, 0x00000000ed500000| Untracked 
| 214|0x00000000ed600000, 0x00000000ed600000, 0x00000000ed700000|  0%| F|  |TAMS 0x00000000ed600000, 0x00000000ed600000| Untracked 
| 215|0x00000000ed700000, 0x00000000ed700000, 0x00000000ed800000|  0%| F|  |TAMS 0x00000000ed700000, 0x00000000ed700000| Untracked 
| 216|0x00000000ed800000, 0x00000000ed800000, 0x00000000ed900000|  0%| F|  |TAMS 0x00000000ed800000, 0x00000000ed800000| Untracked 
| 217|0x00000000ed900000, 0x00000000ed900000, 0x00000000eda00000|  0%| F|  |TAMS 0x00000000ed900000, 0x00000000ed900000| Untracked 
| 218|0x00000000eda00000, 0x00000000eda00000, 0x00000000edb00000|  0%| F|  |TAMS 0x00000000eda00000, 0x00000000eda00000| Untracked 
| 219|0x00000000edb00000, 0x00000000edb00000, 0x00000000edc00000|  0%| F|  |TAMS 0x00000000edb00000, 0x00000000edb00000| Untracked 
| 220|0x00000000edc00000, 0x00000000edc00000, 0x00000000edd00000|  0%| F|  |TAMS 0x00000000edc00000, 0x00000000edc00000| Untracked 
| 221|0x00000000edd00000, 0x00000000edd00000, 0x00000000ede00000|  0%| F|  |TAMS 0x00000000edd00000, 0x00000000edd00000| Untracked 
| 222|0x00000000ede00000, 0x00000000ede00000, 0x00000000edf00000|  0%| F|  |TAMS 0x00000000ede00000, 0x00000000ede00000| Untracked 
| 223|0x00000000edf00000, 0x00000000edf00000, 0x00000000ee000000|  0%| F|  |TAMS 0x00000000edf00000, 0x00000000edf00000| Untracked 
| 224|0x00000000ee000000, 0x00000000ee000000, 0x00000000ee100000|  0%| F|  |TAMS 0x00000000ee000000, 0x00000000ee000000| Untracked 
| 225|0x00000000ee100000, 0x00000000ee100000, 0x00000000ee200000|  0%| F|  |TAMS 0x00000000ee100000, 0x00000000ee100000| Untracked 
| 226|0x00000000ee200000, 0x00000000ee200000, 0x00000000ee300000|  0%| F|  |TAMS 0x00000000ee200000, 0x00000000ee200000| Untracked 
| 227|0x00000000ee300000, 0x00000000ee300000, 0x00000000ee400000|  0%| F|  |TAMS 0x00000000ee300000, 0x00000000ee300000| Untracked 
| 228|0x00000000ee400000, 0x00000000ee400000, 0x00000000ee500000|  0%| F|  |TAMS 0x00000000ee400000, 0x00000000ee400000| Untracked 
| 229|0x00000000ee500000, 0x00000000ee500000, 0x00000000ee600000|  0%| F|  |TAMS 0x00000000ee500000, 0x00000000ee500000| Untracked 
| 230|0x00000000ee600000, 0x00000000ee600000, 0x00000000ee700000|  0%| F|  |TAMS 0x00000000ee600000, 0x00000000ee600000| Untracked 
| 231|0x00000000ee700000, 0x00000000ee700000, 0x00000000ee800000|  0%| F|  |TAMS 0x00000000ee700000, 0x00000000ee700000| Untracked 
| 232|0x00000000ee800000, 0x00000000ee800000, 0x00000000ee900000|  0%| F|  |TAMS 0x00000000ee800000, 0x00000000ee800000| Untracked 
| 233|0x00000000ee900000, 0x00000000ee900000, 0x00000000eea00000|  0%| F|  |TAMS 0x00000000ee900000, 0x00000000ee900000| Untracked 
| 234|0x00000000eea00000, 0x00000000eea00000, 0x00000000eeb00000|  0%| F|  |TAMS 0x00000000eea00000, 0x00000000eea00000| Untracked 
| 235|0x00000000eeb00000, 0x00000000eeb00000, 0x00000000eec00000|  0%| F|  |TAMS 0x00000000eeb00000, 0x00000000eeb00000| Untracked 
| 236|0x00000000eec00000, 0x00000000eec00000, 0x00000000eed00000|  0%| F|  |TAMS 0x00000000eec00000, 0x00000000eec00000| Untracked 
| 237|0x00000000eed00000, 0x00000000eed00000, 0x00000000eee00000|  0%| F|  |TAMS 0x00000000eed00000, 0x00000000eed00000| Untracked 
| 238|0x00000000eee00000, 0x00000000eee00000, 0x00000000eef00000|  0%| F|  |TAMS 0x00000000eee00000, 0x00000000eee00000| Untracked 
| 239|0x00000000eef00000, 0x00000000eef00000, 0x00000000ef000000|  0%| F|  |TAMS 0x00000000eef00000, 0x00000000eef00000| Untracked 
| 240|0x00000000ef000000, 0x00000000ef000000, 0x00000000ef100000|  0%| F|  |TAMS 0x00000000ef000000, 0x00000000ef000000| Untracked 
| 241|0x00000000ef100000, 0x00000000ef100000, 0x00000000ef200000|  0%| F|  |TAMS 0x00000000ef100000, 0x00000000ef100000| Untracked 
| 242|0x00000000ef200000, 0x00000000ef200000, 0x00000000ef300000|  0%| F|  |TAMS 0x00000000ef200000, 0x00000000ef200000| Untracked 
| 243|0x00000000ef300000, 0x00000000ef400000, 0x00000000ef400000|100%| E|  |TAMS 0x00000000ef300000, 0x00000000ef300000| Complete 
| 244|0x00000000ef400000, 0x00000000ef500000, 0x00000000ef500000|100%| E|CS|TAMS 0x00000000ef400000, 0x00000000ef400000| Complete 
| 245|0x00000000ef500000, 0x00000000ef600000, 0x00000000ef600000|100%| E|CS|TAMS 0x00000000ef500000, 0x00000000ef500000| Complete 
| 246|0x00000000ef600000, 0x00000000ef700000, 0x00000000ef700000|100%| E|CS|TAMS 0x00000000ef600000, 0x00000000ef600000| Complete 
| 247|0x00000000ef700000, 0x00000000ef800000, 0x00000000ef800000|100%| E|CS|TAMS 0x00000000ef700000, 0x00000000ef700000| Complete 
| 248|0x00000000ef800000, 0x00000000ef900000, 0x00000000ef900000|100%| E|CS|TAMS 0x00000000ef800000, 0x00000000ef800000| Complete 
| 249|0x00000000ef900000, 0x00000000efa00000, 0x00000000efa00000|100%| E|CS|TAMS 0x00000000ef900000, 0x00000000ef900000| Complete 
| 250|0x00000000efa00000, 0x00000000efb00000, 0x00000000efb00000|100%| E|CS|TAMS 0x00000000efa00000, 0x00000000efa00000| Complete 
| 251|0x00000000efb00000, 0x00000000efc00000, 0x00000000efc00000|100%| E|CS|TAMS 0x00000000efb00000, 0x00000000efb00000| Complete 
| 252|0x00000000efc00000, 0x00000000efd00000, 0x00000000efd00000|100%| E|CS|TAMS 0x00000000efc00000, 0x00000000efc00000| Complete 
| 253|0x00000000efd00000, 0x00000000efe00000, 0x00000000efe00000|100%| E|CS|TAMS 0x00000000efd00000, 0x00000000efd00000| Complete 
| 254|0x00000000efe00000, 0x00000000eff00000, 0x00000000eff00000|100%| E|CS|TAMS 0x00000000efe00000, 0x00000000efe00000| Complete 
| 255|0x00000000eff00000, 0x00000000f0000000, 0x00000000f0000000|100%| E|CS|TAMS 0x00000000eff00000, 0x00000000eff00000| Complete 

Card table byte_map: [0x000001a6dfa50000,0x000001a6dfb50000] _byte_map_base: 0x000001a6df350000

Marking Bits (Prev, Next): (CMBitMap*) 0x000001a6c8d96020, (CMBitMap*) 0x000001a6c8d95fe0
 Prev Bits: [0x000001a6e0450000, 0x000001a6e0c50000)
 Next Bits: [0x000001a6dfc50000, 0x000001a6e0450000)

Polling page: 0x000001a6c6f60000

Metaspace:

Usage:
  Non-class:     19.19 MB used.
      Class:      3.08 MB used.
       Both:     22.27 MB used.

Virtual space:
  Non-class space:       64.00 MB reserved,      19.38 MB ( 30%) committed,  1 nodes.
      Class space:      320.00 MB reserved,       3.25 MB (  1%) committed,  1 nodes.
             Both:      384.00 MB reserved,      22.62 MB (  6%) committed. 

Chunk freelists:
   Non-Class:  11.73 MB
       Class:  12.77 MB
        Both:  24.51 MB

MaxMetaspaceSize: 384.00 MB
CompressedClassSpaceSize: 320.00 MB
Initial GC threshold: 21.00 MB
Current GC threshold: 35.25 MB
CDS: on
MetaspaceReclaimPolicy: balanced
 - commit_granule_bytes: 65536.
 - commit_granule_words: 8192.
 - virtual_space_node_default_size: 8388608.
 - enlarge_chunks_in_place: 1.
 - new_chunks_are_fully_committed: 0.
 - uncommit_free_chunks: 1.
 - use_allocation_guard: 0.
 - handle_deallocations: 1.


Internal statistics:

num_allocs_failed_limit: 3.
num_arena_births: 292.
num_arena_deaths: 0.
num_vsnodes_births: 2.
num_vsnodes_deaths: 0.
num_space_committed: 362.
num_space_uncommitted: 0.
num_chunks_returned_to_freelist: 3.
num_chunks_taken_from_freelist: 1116.
num_chunk_merges: 3.
num_chunk_splits: 758.
num_chunks_enlarged: 547.
num_inconsistent_stats: 0.

CodeHeap 'non-profiled nmethods': size=120000Kb used=1415Kb max_used=1415Kb free=118585Kb
 bounds [0x000001a6d80f0000, 0x000001a6d8360000, 0x000001a6df620000]
CodeHeap 'profiled nmethods': size=120000Kb used=5756Kb max_used=5756Kb free=114243Kb
 bounds [0x000001a6d0620000, 0x000001a6d0bc0000, 0x000001a6d7b50000]
CodeHeap 'non-nmethods': size=5760Kb used=1252Kb max_used=1291Kb free=4507Kb
 bounds [0x000001a6d7b50000, 0x000001a6d7dc0000, 0x000001a6d80f0000]
 total_blobs=3385 nmethods=2824 adapters=473
 compilation: enabled
              stopped_count=0, restarted_count=0
 full_count=0

Compilation events (20 events):
Event: 12.687 Thread 0x000001a6e3698320 2772       3       org.objectweb.asm.Label::getCanonicalInstance (19 bytes)
Event: 12.688 Thread 0x000001a6e3698320 nmethod 2772 0x000001a6d0b9f310 code [0x000001a6d0b9f4a0, 0x000001a6d0b9f618]
Event: 12.688 Thread 0x000001a6e3698320 2773       3       org.objectweb.asm.MethodWriter::visitLabel (332 bytes)
Event: 12.689 Thread 0x000001a6e3698320 nmethod 2773 0x000001a6d0b9f710 code [0x000001a6d0b9f980, 0x000001a6d0ba0728]
Event: 12.689 Thread 0x000001a6e3698320 2768       3       java.util.stream.AbstractPipeline::wrapAndCopyInto (18 bytes)
Event: 12.689 Thread 0x000001a6e3698320 nmethod 2768 0x000001a6d0ba0990 code [0x000001a6d0ba0b60, 0x000001a6d0ba0f68]
Event: 12.689 Thread 0x000001a6e3698320 2770       3       java.util.stream.AbstractPipeline::copyInto (54 bytes)
Event: 12.689 Thread 0x000001a6e3698320 nmethod 2770 0x000001a6d0ba1110 code [0x000001a6d0ba1340, 0x000001a6d0ba1a78]
Event: 12.689 Thread 0x000001a6e3698320 2771       3       java.util.stream.Sink::end (1 bytes)
Event: 12.690 Thread 0x000001a6e3698320 nmethod 2771 0x000001a6d0ba1c90 code [0x000001a6d0ba1e20, 0x000001a6d0ba1f38]
Event: 13.270 Thread 0x000001a6e3698320 2775       1       javax.management.ObjectName$Property::setKeyIndex (6 bytes)
Event: 13.271 Thread 0x000001a6e3698320 nmethod 2775 0x000001a6d824d710 code [0x000001a6d824d8a0, 0x000001a6d824d978]
Event: 13.271 Thread 0x000001a6e3698320 2776       1       java.util.Spliterators$EmptySpliterator::characteristics (4 bytes)
Event: 13.271 Thread 0x000001a6e3698320 nmethod 2776 0x000001a6d824da10 code [0x000001a6d824dba0, 0x000001a6d824dc78]
Event: 13.271 Thread 0x000001a6e3698320 2777       1       sun.management.MemoryPoolImpl::getName (5 bytes)
Event: 13.271 Thread 0x000001a6e3698320 nmethod 2777 0x000001a6d824dd10 code [0x000001a6d824dea0, 0x000001a6d824df78]
Event: 14.195 Thread 0x000001a6e3698320 2778       3       java.util.concurrent.locks.AbstractQueuedSynchronizer$Node::setStatusRelaxed (12 bytes)
Event: 14.195 Thread 0x000001a6e3698320 nmethod 2778 0x000001a6d0ba2010 code [0x000001a6d0ba21a0, 0x000001a6d0ba22b8]
Event: 14.326 Thread 0x000001a6e3698320 2779       3       jdk.internal.misc.Unsafe::putIntOpaque (9 bytes)
Event: 14.326 Thread 0x000001a6e3698320 nmethod 2779 0x000001a6d0ba2390 code [0x000001a6d0ba2520, 0x000001a6d0ba2638]

GC Heap History (6 events):
Event: 2.893 GC heap before
{Heap before GC invocations=0 (full 0):
 garbage-first heap   total 262144K, used 26624K [0x00000000e0000000, 0x0000000100000000)
  region size 1024K, 23 young (23552K), 0 survivors (0K)
 Metaspace       used 3074K, committed 3200K, reserved 393216K
  class space    used 366K, committed 448K, reserved 327680K
}
Event: 2.900 GC heap after
{Heap after GC invocations=1 (full 0):
 garbage-first heap   total 262144K, used 11225K [0x00000000e0000000, 0x0000000100000000)
  region size 1024K, 3 young (3072K), 3 survivors (3072K)
 Metaspace       used 3074K, committed 3200K, reserved 393216K
  class space    used 366K, committed 448K, reserved 327680K
}
Event: 4.134 GC heap before
{Heap before GC invocations=1 (full 0):
 garbage-first heap   total 262144K, used 40921K [0x00000000e0000000, 0x0000000100000000)
  region size 1024K, 30 young (30720K), 3 survivors (3072K)
 Metaspace       used 4627K, committed 4800K, reserved 393216K
  class space    used 581K, committed 640K, reserved 327680K
}
Event: 4.147 GC heap after
{Heap after GC invocations=2 (full 0):
 garbage-first heap   total 262144K, used 14871K [0x00000000e0000000, 0x0000000100000000)
  region size 1024K, 3 young (3072K), 3 survivors (3072K)
 Metaspace       used 4627K, committed 4800K, reserved 393216K
  class space    used 581K, committed 640K, reserved 327680K
}
Event: 12.090 GC heap before
{Heap before GC invocations=2 (full 0):
 garbage-first heap   total 262144K, used 130583K [0x00000000e0000000, 0x0000000100000000)
  region size 1024K, 115 young (117760K), 3 survivors (3072K)
 Metaspace       used 21220K, committed 21504K, reserved 393216K
  class space    used 2928K, committed 3072K, reserved 327680K
}
Event: 12.115 GC heap after
{Heap after GC invocations=3 (full 0):
 garbage-first heap   total 262144K, used 23505K [0x00000000e0000000, 0x0000000100000000)
  region size 1024K, 12 young (12288K), 12 survivors (12288K)
 Metaspace       used 21220K, committed 21504K, reserved 393216K
  class space    used 2928K, committed 3072K, reserved 327680K
}

Deoptimization events (20 events):
Event: 12.076 Thread 0x000001a6fdb64c40 Uncommon trap: trap_request=0xffffffcc fr.pc=0x000001a6d8230624 relative=0x0000000000001384
Event: 12.076 Thread 0x000001a6fdb64c40 Uncommon trap: reason=intrinsic_or_type_checked_inlining action=make_not_entrant pc=0x000001a6d8230624 method=java.util.ArrayList.toArray([Ljava/lang/Object;)[Ljava/lang/Object; @ 36 c2
Event: 12.076 Thread 0x000001a6fdb64c40 DEOPT PACKING pc=0x000001a6d8230624 sp=0x00000027628f9d60
Event: 12.076 Thread 0x000001a6fdb64c40 DEOPT UNPACKING pc=0x000001a6d7ba23a3 sp=0x00000027628f9cb0 mode 2
Event: 12.327 Thread 0x000001a6fdb64c40 Uncommon trap: trap_request=0xffffff45 fr.pc=0x000001a6d822e33c relative=0x00000000000002fc
Event: 12.327 Thread 0x000001a6fdb64c40 Uncommon trap: reason=unstable_if action=reinterpret pc=0x000001a6d822e33c method=java.util.HashMap.getNode(Ljava/lang/Object;)Ljava/util/HashMap$Node; @ 131 c2
Event: 12.327 Thread 0x000001a6fdb64c40 DEOPT PACKING pc=0x000001a6d822e33c sp=0x00000027628fa7c0
Event: 12.327 Thread 0x000001a6fdb64c40 DEOPT UNPACKING pc=0x000001a6d7ba23a3 sp=0x00000027628fa6f0 mode 2
Event: 12.327 Thread 0x000001a6fdb64c40 Uncommon trap: trap_request=0xffffff45 fr.pc=0x000001a6d82420ac relative=0x0000000000000a2c
Event: 12.327 Thread 0x000001a6fdb64c40 Uncommon trap: reason=unstable_if action=reinterpret pc=0x000001a6d82420ac method=java.util.HashMap.putVal(ILjava/lang/Object;Ljava/lang/Object;ZZ)Ljava/lang/Object; @ 206 c2
Event: 12.327 Thread 0x000001a6fdb64c40 DEOPT PACKING pc=0x000001a6d82420ac sp=0x00000027628fa700
Event: 12.327 Thread 0x000001a6fdb64c40 DEOPT UNPACKING pc=0x000001a6d7ba23a3 sp=0x00000027628fa698 mode 2
Event: 12.327 Thread 0x000001a6fdb64c40 Uncommon trap: trap_request=0xffffff45 fr.pc=0x000001a6d822d9e0 relative=0x0000000000000320
Event: 12.327 Thread 0x000001a6fdb64c40 Uncommon trap: reason=unstable_if action=reinterpret pc=0x000001a6d822d9e0 method=java.util.HashMap.getNode(Ljava/lang/Object;)Ljava/util/HashMap$Node; @ 131 c2
Event: 12.327 Thread 0x000001a6fdb64c40 DEOPT PACKING pc=0x000001a6d822d9e0 sp=0x00000027628fa760
Event: 12.327 Thread 0x000001a6fdb64c40 DEOPT UNPACKING pc=0x000001a6d7ba23a3 sp=0x00000027628fa6f0 mode 2
Event: 12.733 Thread 0x000001a6fdb64c40 Uncommon trap: trap_request=0xffffffde fr.pc=0x000001a6d80fb89c relative=0x000000000000019c
Event: 12.733 Thread 0x000001a6fdb64c40 Uncommon trap: reason=class_check action=maybe_recompile pc=0x000001a6d80fb89c method=java.lang.String.equals(Ljava/lang/Object;)Z @ 8 c2
Event: 12.733 Thread 0x000001a6fdb64c40 DEOPT PACKING pc=0x000001a6d80fb89c sp=0x00000027628f8b80
Event: 12.733 Thread 0x000001a6fdb64c40 DEOPT UNPACKING pc=0x000001a6d7ba23a3 sp=0x00000027628f8b28 mode 2

Classes unloaded (0 events):
No events

Classes redefined (0 events):
No events

Internal exceptions (20 events):
Event: 9.095 Thread 0x000001a6fdb64c40 Exception <a 'java/lang/NoSuchMethodError'{0x00000000ec2972c0}: 'java.lang.Object java.lang.invoke.Invokers$Holder.invoker(java.lang.Object, java.lang.Object, java.lang.Object, java.lang.Object, java.lang.Object, java.lang.Object, java.lang.Object, java.lang.Object, java.lang.Object, java.lang.Object)'> (0x00000000ec2972c0) 
thrown [s\open\src\hotspot\share\interpreter\linkResolver.cpp, line 759]
Event: 9.095 Thread 0x000001a6fdb64c40 Exception <a 'java/lang/NoSuchMethodError'{0x00000000ec29cec8}: 'java.lang.Object java.lang.invoke.DirectMethodHandle$Holder.invokeSpecial(java.lang.Object, java.lang.Object, java.lang.Object, java.lang.Object, java.lang.Object, java.lang.Object, java.lang.Object, java.lang.Object, java.lang.Object, java.lang.Object, java.lang.Object)'> (0x00000000ec29cec8) 
thrown [s\open\src\hotspot\share\interpreter\linkResolver.cpp, line 759]
Event: 9.486 Thread 0x000001a6fdb64c40 Exception <a 'java/lang/NoSuchMethodError'{0x00000000ebb78348}: 'java.lang.Object java.lang.invoke.DirectMethodHandle$Holder.newInvokeSpecial(java.lang.Object, java.lang.Object, java.lang.Object, java.lang.Object, java.lang.Object, java.lang.Object, java.lang.Object, java.lang.Object)'> (0x00000000ebb78348) 
thrown [s\open\src\hotspot\share\interpreter\linkResolver.cpp, line 759]
Event: 9.487 Thread 0x000001a6fdb64c40 Exception <a 'java/lang/NoSuchMethodError'{0x00000000ebb7d800}: 'java.lang.Object java.lang.invoke.DirectMethodHandle$Holder.invokeSpecial(java.lang.Object, java.lang.Object, java.lang.Object, java.lang.Object, java.lang.Object, java.lang.Object, java.lang.Object, java.lang.Object, java.lang.Object)'> (0x00000000ebb7d800) 
thrown [s\open\src\hotspot\share\interpreter\linkResolver.cpp, line 759]
Event: 9.488 Thread 0x000001a6fdb64c40 Exception <a 'java/lang/NoSuchMethodError'{0x00000000ebb828d0}: 'java.lang.Object java.lang.invoke.Invokers$Holder.linkToTargetMethod(java.lang.Object, java.lang.Object, java.lang.Object, java.lang.Object, java.lang.Object, java.lang.Object, java.lang.Object, java.lang.Object)'> (0x00000000ebb828d0) 
thrown [s\open\src\hotspot\share\interpreter\linkResolver.cpp, line 759]
Event: 9.535 Thread 0x000001a6fdb64c40 Exception <a 'java/lang/NoSuchMethodError'{0x00000000eba9fd60}: 'java.lang.Object java.lang.invoke.DirectMethodHandle$Holder.newInvokeSpecial(java.lang.Object, java.lang.Object, int)'> (0x00000000eba9fd60) 
thrown [s\open\src\hotspot\share\interpreter\linkResolver.cpp, line 759]
Event: 9.677 Thread 0x000001a6fdb64c40 Exception <a 'java/lang/NoSuchMethodError'{0x00000000eb7247a0}: 'int java.lang.invoke.DirectMethodHandle$Holder.invokeStatic(java.lang.Object, java.lang.Object, int)'> (0x00000000eb7247a0) 
thrown [s\open\src\hotspot\share\interpreter\linkResolver.cpp, line 759]
Event: 9.778 Thread 0x000001a6fdb64c40 Exception <a 'java/lang/NoSuchMethodError'{0x00000000eb57a430}: 'void java.lang.invoke.DirectMethodHandle$Holder.invokeStaticInit(java.lang.Object, java.lang.Object, java.lang.Object, java.lang.Object)'> (0x00000000eb57a430) 
thrown [s\open\src\hotspot\share\interpreter\linkResolver.cpp, line 759]
Event: 9.831 Thread 0x000001a6fdb64c40 Exception <a 'java/lang/NoSuchMethodError'{0x00000000eb4b6508}: 'int java.lang.invoke.DirectMethodHandle$Holder.invokeSpecialIFC(java.lang.Object, java.lang.Object, java.lang.Object, java.lang.Object)'> (0x00000000eb4b6508) 
thrown [s\open\src\hotspot\share\interpreter\linkResolver.cpp, line 759]
Event: 9.835 Thread 0x000001a6fdb64c40 Exception <a 'java/lang/IncompatibleClassChangeError'{0x00000000eb4c5740}: Found class java.lang.Object, but interface was expected> (0x00000000eb4c5740) 
thrown [s\open\src\hotspot\share\interpreter\linkResolver.cpp, line 826]
Event: 9.917 Thread 0x000001a6fdb64c40 Implicit null exception at 0x000001a6d8179c58 to 0x000001a6d8179cee
Event: 10.331 Thread 0x000001a6fdb64c40 Exception <a 'java/lang/NoSuchMethodError'{0x00000000ea9120e0}: 'void java.lang.invoke.DirectMethodHandle$Holder.invokeSpecial(java.lang.Object, java.lang.Object, java.lang.Object, java.lang.Object, java.lang.Object)'> (0x00000000ea9120e0) 
thrown [s\open\src\hotspot\share\interpreter\linkResolver.cpp, line 759]
Event: 10.334 Thread 0x000001a6fdb64c40 Exception <a 'java/lang/NoSuchMethodError'{0x00000000ea91d718}: 'java.lang.Object java.lang.invoke.Invokers$Holder.invoker(java.lang.Object, java.lang.Object, java.lang.Object, java.lang.Object, java.lang.Object)'> (0x00000000ea91d718) 
thrown [s\open\src\hotspot\share\interpreter\linkResolver.cpp, line 759]
Event: 10.653 Thread 0x000001a6fdb64c40 Exception <a 'java/lang/NoSuchMethodError'{0x00000000ea36c640}: 'int java.lang.invoke.DirectMethodHandle$Holder.invokeStaticInit(java.lang.Object, java.lang.Object, java.lang.Object)'> (0x00000000ea36c640) 
thrown [s\open\src\hotspot\share\interpreter\linkResolver.cpp, line 759]
Event: 10.814 Thread 0x000001a6fdb64c40 Exception <a 'java/lang/NoSuchMethodError'{0x00000000ea1bc5b0}: 'int java.lang.invoke.DirectMethodHandle$Holder.invokeStatic(java.lang.Object, java.lang.Object, java.lang.Object, java.lang.Object)'> (0x00000000ea1bc5b0) 
thrown [s\open\src\hotspot\share\interpreter\linkResolver.cpp, line 759]
Event: 10.817 Thread 0x000001a6fdb64c40 Exception <a 'java/lang/NoSuchMethodError'{0x00000000ea1c01d8}: 'java.lang.Object java.lang.invoke.Invokers$Holder.invokeExact_MT(java.lang.Object, java.lang.Object, java.lang.Object, java.lang.Object, java.lang.Object, java.lang.Object)'> (0x00000000ea1c01d8) 
thrown [s\open\src\hotspot\share\interpreter\linkResolver.cpp, line 759]
Event: 11.514 Thread 0x000001a6fdb64c40 Exception <a 'java/lang/NoSuchMethodError'{0x00000000e9447cd8}: 'java.lang.Object java.lang.invoke.Invokers$Holder.invoker(java.lang.Object, java.lang.Object, java.lang.Object, java.lang.Object)'> (0x00000000e9447cd8) 
thrown [s\open\src\hotspot\share\interpreter\linkResolver.cpp, line 759]
Event: 11.978 Thread 0x000001a6fdb64c40 Exception <a 'java/lang/NoSuchMethodError'{0x00000000e8fde5c8}: 'java.lang.Object java.lang.invoke.DirectMethodHandle$Holder.invokeVirtual(java.lang.Object, java.lang.Object, java.lang.Object, java.lang.Object)'> (0x00000000e8fde5c8) 
thrown [s\open\src\hotspot\share\interpreter\linkResolver.cpp, line 759]
Event: 12.360 Thread 0x000001a6fdb64c40 Exception <a 'java/lang/NoSuchMethodError'{0x00000000efccc4e0}: 'java.lang.Object java.lang.invoke.DirectMethodHandle$Holder.newInvokeSpecial(java.lang.Object, java.lang.Object, java.lang.Object, java.lang.Object, java.lang.Object, java.lang.Object, java.lang.Object)'> (0x00000000efccc4e0) 
thrown [s\open\src\hotspot\share\interpreter\linkResolver.cpp, line 759]
Event: 12.361 Thread 0x000001a6fdb64c40 Exception <a 'java/lang/NoSuchMethodError'{0x00000000efcd11b0}: 'java.lang.Object java.lang.invoke.Invokers$Holder.linkToTargetMethod(java.lang.Object, java.lang.Object, java.lang.Object, java.lang.Object, java.lang.Object, java.lang.Object, java.lang.Object)'> (0x00000000efcd11b0) 
thrown [s\open\src\hotspot\share\interpreter\linkResolver.cpp, line 759]

VM Operations (20 events):
Event: 9.921 Executing VM operation: Cleanup
Event: 9.930 Executing VM operation: Cleanup done
Event: 10.062 Executing VM operation: HandshakeAllThreads
Event: 10.063 Executing VM operation: HandshakeAllThreads done
Event: 10.063 Executing VM operation: HandshakeAllThreads
Event: 10.063 Executing VM operation: HandshakeAllThreads done
Event: 11.069 Executing VM operation: Cleanup
Event: 11.069 Executing VM operation: Cleanup done
Event: 12.074 Executing VM operation: Cleanup
Event: 12.074 Executing VM operation: Cleanup done
Event: 12.090 Executing VM operation: CollectForMetadataAllocation
Event: 12.116 Executing VM operation: CollectForMetadataAllocation done
Event: 12.129 Executing VM operation: G1Concurrent
Event: 12.143 Executing VM operation: G1Concurrent done
Event: 12.145 Executing VM operation: G1Concurrent
Event: 12.146 Executing VM operation: G1Concurrent done
Event: 13.154 Executing VM operation: Cleanup
Event: 13.154 Executing VM operation: Cleanup done
Event: 14.162 Executing VM operation: Cleanup
Event: 14.162 Executing VM operation: Cleanup done

Events (20 events):
Event: 11.825 loading class javax/xml/xpath/XPathException
Event: 11.825 loading class javax/xml/xpath/XPathException done
Event: 11.825 loading class javax/xml/xpath/XPathExpressionException done
Event: 11.826 loading class org/xml/sax/ErrorHandler
Event: 11.826 loading class org/xml/sax/ErrorHandler done
Event: 11.848 loading class java/nio/file/AtomicMoveNotSupportedException
Event: 11.849 loading class java/nio/file/AtomicMoveNotSupportedException done
Event: 12.188 Thread 0x000001a6ff3db5c0 Thread exited: 0x000001a6ff3db5c0
Event: 12.210 loading class java/util/Collections$2
Event: 12.211 loading class java/util/Collections$2 done
Event: 12.651 Thread 0x000001a6fdd64cc0 Thread added: 0x000001a6fdd64cc0
Event: 12.700 loading class java/util/zip/GZIPInputStream
Event: 12.701 loading class java/util/zip/GZIPInputStream done
Event: 12.701 loading class java/util/zip/GZIPOutputStream
Event: 12.702 loading class java/util/zip/DeflaterOutputStream
Event: 12.702 loading class java/util/zip/DeflaterOutputStream done
Event: 12.702 loading class java/util/zip/GZIPOutputStream done
Event: 12.711 loading class java/io/UnsupportedEncodingException
Event: 12.712 loading class java/io/UnsupportedEncodingException done
Event: 12.751 Thread 0x000001a6fd10fd20 Thread added: 0x000001a6fd10fd20


Dynamic libraries:
0x00007ff61b550000 - 0x00007ff61b560000 	C:\Program Files\Java\jdk-17\bin\java.exe
0x00007ffc74380000 - 0x00007ffc745e6000 	C:\WINDOWS\SYSTEM32\ntdll.dll
0x00007ffc734d0000 - 0x00007ffc73599000 	C:\WINDOWS\System32\KERNEL32.DLL
0x00007ffc71770000 - 0x00007ffc71b6a000 	C:\WINDOWS\System32\KERNELBASE.dll
0x00007ffc71cb0000 - 0x00007ffc71dfc000 	C:\WINDOWS\System32\ucrtbase.dll
0x00007ffc65500000 - 0x00007ffc65519000 	C:\Program Files\Java\jdk-17\bin\jli.dll
0x00007ffc74280000 - 0x00007ffc74336000 	C:\WINDOWS\System32\ADVAPI32.dll
0x00007ffc73040000 - 0x00007ffc730e9000 	C:\WINDOWS\System32\msvcrt.dll
0x00007ffc730f0000 - 0x00007ffc7319a000 	C:\WINDOWS\System32\sechost.dll
0x00007ffc73cf0000 - 0x00007ffc73e08000 	C:\WINDOWS\System32\RPCRT4.dll
0x00007ffc725e0000 - 0x00007ffc727a7000 	C:\WINDOWS\System32\USER32.dll
0x00007ffc71740000 - 0x00007ffc71767000 	C:\WINDOWS\System32\win32u.dll
0x00007ffc73ec0000 - 0x00007ffc73eeb000 	C:\WINDOWS\System32\GDI32.dll
0x00007ffc71610000 - 0x00007ffc7173b000 	C:\WINDOWS\System32\gdi32full.dll
0x00007ffc60a10000 - 0x00007ffc60a2b000 	C:\Program Files\Java\jdk-17\bin\VCRUNTIME140.dll
0x00007ffc71b70000 - 0x00007ffc71c13000 	C:\WINDOWS\System32\msvcp_win.dll
0x00007ffc60090000 - 0x00007ffc60322000 	C:\WINDOWS\WinSxS\amd64_microsoft.windows.common-controls_6595b64144ccf1df_6.0.26100.8521_none_3e08b75ce33403b3\COMCTL32.dll
0x00007ffc6a7d0000 - 0x00007ffc6a7db000 	C:\WINDOWS\SYSTEM32\VERSION.dll
0x00007ffc732a0000 - 0x00007ffc732d2000 	C:\WINDOWS\System32\IMM32.DLL
0x00007ffc6b300000 - 0x00007ffc6b30c000 	C:\Program Files\Java\jdk-17\bin\vcruntime140_1.dll
0x00007ffc40440000 - 0x00007ffc404ce000 	C:\Program Files\Java\jdk-17\bin\msvcp140.dll
0x00007ffbcbfd0000 - 0x00007ffbccbb0000 	C:\Program Files\Java\jdk-17\bin\server\jvm.dll
0x00007ffc73670000 - 0x00007ffc73678000 	C:\WINDOWS\System32\PSAPI.DLL
0x00007ffc4b550000 - 0x00007ffc4b55a000 	C:\WINDOWS\SYSTEM32\WSOCK32.dll
0x00007ffc73210000 - 0x00007ffc73290000 	C:\WINDOWS\System32\WS2_32.dll
0x00007ffc6a790000 - 0x00007ffc6a7c6000 	C:\WINDOWS\SYSTEM32\WINMM.dll
0x00007ffc70360000 - 0x00007ffc7037b000 	C:\WINDOWS\SYSTEM32\kernel.appcore.dll
0x00007ffc5f1f0000 - 0x00007ffc5f1fa000 	C:\Program Files\Java\jdk-17\bin\jimage.dll
0x00007ffc6c4e0000 - 0x00007ffc6c722000 	C:\WINDOWS\SYSTEM32\DBGHELP.DLL
0x00007ffc72150000 - 0x00007ffc724d3000 	C:\WINDOWS\System32\combase.dll
0x00007ffc73c10000 - 0x00007ffc73ce9000 	C:\WINDOWS\System32\OLEAUT32.dll
0x00007ffc59a30000 - 0x00007ffc59a6b000 	C:\WINDOWS\SYSTEM32\dbgcore.DLL
0x00007ffc71e00000 - 0x00007ffc71ea8000 	C:\WINDOWS\System32\bcryptPrimitives.dll
0x00007ffc4bae0000 - 0x00007ffc4baee000 	C:\Program Files\Java\jdk-17\bin\instrument.dll
0x00007ffc5f1c0000 - 0x00007ffc5f1e5000 	C:\Program Files\Java\jdk-17\bin\java.dll
0x00007ffc40360000 - 0x00007ffc40437000 	C:\Program Files\Java\jdk-17\bin\jsvml.dll
0x00007ffc72800000 - 0x00007ffc72f84000 	C:\WINDOWS\System32\SHELL32.dll
0x00007ffc6f1b0000 - 0x00007ffc6fa30000 	C:\WINDOWS\SYSTEM32\windows.storage.dll
0x00007ffc73b10000 - 0x00007ffc73c06000 	C:\WINDOWS\System32\SHCORE.dll
0x00007ffc731a0000 - 0x00007ffc73207000 	C:\WINDOWS\System32\shlwapi.dll
0x00007ffc71530000 - 0x00007ffc71559000 	C:\WINDOWS\SYSTEM32\profapi.dll
0x00007ffc488c0000 - 0x00007ffc488d8000 	C:\Program Files\Java\jdk-17\bin\zip.dll
0x00007ffc510d0000 - 0x00007ffc510e9000 	C:\Program Files\Java\jdk-17\bin\net.dll
0x00007ffc67de0000 - 0x00007ffc67f09000 	C:\WINDOWS\SYSTEM32\WINHTTP.dll
0x00007ffc708b0000 - 0x00007ffc7091c000 	C:\WINDOWS\system32\mswsock.dll
0x00007ffc4b3b0000 - 0x00007ffc4b3c6000 	C:\Program Files\Java\jdk-17\bin\nio.dll
0x00007ffc51010000 - 0x00007ffc51020000 	C:\Program Files\Java\jdk-17\bin\verify.dll
0x00007ffc41a50000 - 0x00007ffc41a77000 	C:\Users\wwwsy\.gradle\native\660c5614fbf4a5f2a75b1949f50a0caf5cd603558e7d8a26e50b933a0cfb79d1\windows-amd64\native-platform.dll
0x00007ffc40d60000 - 0x00007ffc40dd7000 	C:\Users\wwwsy\.gradle\native\0.2.8\x86_64-windows-gnu\gradle-fileevents.dll
0x00007ffc5f1b0000 - 0x00007ffc5f1ba000 	C:\Program Files\Java\jdk-17\bin\management.dll
0x00007ffc510c0000 - 0x00007ffc510cb000 	C:\Program Files\Java\jdk-17\bin\management_ext.dll
0x00007ffc6fd40000 - 0x00007ffc6fd73000 	C:\WINDOWS\SYSTEM32\IPHLPAPI.DLL
0x00007ffc734c0000 - 0x00007ffc734ca000 	C:\WINDOWS\System32\NSI.dll
0x00007ffc684e0000 - 0x00007ffc684fd000 	C:\WINDOWS\SYSTEM32\dhcpcsvc6.DLL
0x00007ffc67db0000 - 0x00007ffc67dd5000 	C:\WINDOWS\SYSTEM32\dhcpcsvc.DLL
0x00007ffc6fd80000 - 0x00007ffc6feca000 	C:\WINDOWS\SYSTEM32\DNSAPI.dll
0x00007ffc706d0000 - 0x00007ffc706dd000 	C:\WINDOWS\SYSTEM32\DSPARSE.dll
0x00007ffc70cb0000 - 0x00007ffc70ccb000 	C:\WINDOWS\SYSTEM32\CRYPTSP.dll
0x00007ffc702c0000 - 0x00007ffc702f9000 	C:\WINDOWS\system32\rsaenh.dll
0x00007ffc70960000 - 0x00007ffc70993000 	C:\WINDOWS\SYSTEM32\USERENV.dll
0x00007ffc71500000 - 0x00007ffc7152a000 	C:\WINDOWS\SYSTEM32\bcrypt.dll
0x00007ffc70b10000 - 0x00007ffc70b1c000 	C:\WINDOWS\SYSTEM32\CRYPTBASE.dll
0x00007ffc48880000 - 0x00007ffc4888e000 	C:\Program Files\Java\jdk-17\bin\sunmscapi.dll
0x00007ffc71eb0000 - 0x00007ffc72028000 	C:\WINDOWS\System32\CRYPT32.dll
0x00007ffc70d50000 - 0x00007ffc70d80000 	C:\WINDOWS\SYSTEM32\ncrypt.dll
0x00007ffc70d00000 - 0x00007ffc70d3f000 	C:\WINDOWS\SYSTEM32\NTASN1.dll
0x00007ffc0eda0000 - 0x00007ffc0eda8000 	C:\WINDOWS\system32\wshunix.dll

dbghelp: loaded successfully - version: 4.0.5 - missing functions: none
symbol engine: initialized successfully - sym options: 0x614 - pdb path: .;C:\Program Files\Java\jdk-17\bin;C:\WINDOWS\SYSTEM32;C:\WINDOWS\WinSxS\amd64_microsoft.windows.common-controls_6595b64144ccf1df_6.0.26100.8521_none_3e08b75ce33403b3;C:\Program Files\Java\jdk-17\bin\server;C:\Users\wwwsy\.gradle\native\660c5614fbf4a5f2a75b1949f50a0caf5cd603558e7d8a26e50b933a0cfb79d1\windows-amd64;C:\Users\wwwsy\.gradle\native\0.2.8\x86_64-windows-gnu

VM Arguments:
jvm_args: --add-opens=java.base/java.lang=ALL-UNNAMED --add-opens=java.base/java.lang.invoke=ALL-UNNAMED --add-opens=java.base/java.util=ALL-UNNAMED --add-opens=java.prefs/java.util.prefs=ALL-UNNAMED --add-exports=jdk.compiler/com.sun.tools.javac.api=ALL-UNNAMED --add-exports=jdk.compiler/com.sun.tools.javac.util=ALL-UNNAMED --add-opens=java.base/java.util=ALL-UNNAMED --add-opens=java.prefs/java.util.prefs=ALL-UNNAMED --add-opens=java.base/java.nio.charset=ALL-UNNAMED --add-opens=java.base/java.net=ALL-UNNAMED --add-opens=java.base/java.util.concurrent=ALL-UNNAMED --add-opens=java.base/java.util.concurrent.atomic=ALL-UNNAMED --add-opens=java.xml/javax.xml.namespace=ALL-UNNAMED --add-opens=java.base/java.time=ALL-UNNAMED -XX:MaxMetaspaceSize=384m -XX:+HeapDumpOnOutOfMemoryError -Xms256m -Xmx512m -Dfile.encoding=UTF-8 -Duser.country=IN -Duser.language=en -Duser.variant -javaagent:C:\Users\wwwsy\.gradle\wrapper\dists\gradle-9.4.1-bin\arn2x92ynaizyzdaamcbpbhtj\gradle-9.4.1\lib\agents\gradle-instrumentation-agent-9.4.1.jar 
java_command: org.gradle.launcher.daemon.bootstrap.GradleDaemon 9.4.1
java_class_path (initial): C:\Users\wwwsy\.gradle\wrapper\dists\gradle-9.4.1-bin\arn2x92ynaizyzdaamcbpbhtj\gradle-9.4.1\lib\gradle-daemon-main-9.4.1.jar
Launcher Type: SUN_STANDARD

[Global flags]
     intx CICompilerCount                          = 4                                         {product} {ergonomic}
   size_t CompressedClassSpaceSize                 = 335544320                                 {product} {ergonomic}
     uint ConcGCThreads                            = 2                                         {product} {ergonomic}
     uint G1ConcRefinementThreads                  = 8                                         {product} {ergonomic}
   size_t G1HeapRegionSize                         = 1048576                                   {product} {ergonomic}
    uintx GCDrainStackTargetSize                   = 64                                        {product} {ergonomic}
     bool HeapDumpOnOutOfMemoryError               = true                                   {manageable} {command line}
   size_t InitialHeapSize                          = 268435456                                 {product} {command line}
   size_t MarkStackSize                            = 4194304                                   {product} {ergonomic}
   size_t MaxHeapSize                              = 536870912                                 {product} {command line}
   size_t MaxMetaspaceSize                         = 402653184                                 {product} {command line}
   size_t MaxNewSize                               = 321912832                                 {product} {ergonomic}
   size_t MinHeapDeltaBytes                        = 1048576                                   {product} {ergonomic}
   size_t MinHeapSize                              = 268435456                                 {product} {command line}
    uintx NonNMethodCodeHeapSize                   = 5839372                                {pd product} {ergonomic}
    uintx NonProfiledCodeHeapSize                  = 122909434                              {pd product} {ergonomic}
    uintx ProfiledCodeHeapSize                     = 122909434                              {pd product} {ergonomic}
    uintx ReservedCodeCacheSize                    = 251658240                              {pd product} {ergonomic}
     bool SegmentedCodeCache                       = true                                      {product} {ergonomic}
   size_t SoftMaxHeapSize                          = 536870912                              {manageable} {ergonomic}
     bool UseCompressedClassPointers               = true                           {product lp64_product} {ergonomic}
     bool UseCompressedOops                        = true                           {product lp64_product} {ergonomic}
     bool UseG1GC                                  = true                                      {product} {ergonomic}
     bool UseLargePagesIndividualAllocation        = false                                  {pd product} {ergonomic}

Logging:
Log output configuration:
 #0: stdout all=warning uptime,level,tags
 #1: stderr all=off uptime,level,tags

Environment Variables:
JAVA_HOME=C:\Program Files\Java\jdk-17
PATH=C:\Program Files\Common Files\Oracle\Java\javapath;C:\oraclexe\app\oracle\product\11.2.0\server\bin;C:\Python310\Scripts\;C:\Python310\;C:\Program Files (x86)\Common Files\Oracle\Java\javapath;C:\ProgramData\Oracle\Java\javapath;C:\Windows\system32;C:\Windows;C:\Windows\System32\Wbem;C:\Windows\System32\WindowsPowerShell\v1.0\;C:\Windows\System32\OpenSSH\;C:\Program Files (x86)\NVIDIA Corporation\PhysX\Common;C:\Program Files\Microsoft SQL Server\Client SDK\ODBC\170\Tools\Binn\;C:\Program Files\Java\jdk-13.0.2\bin;C:\Program Files\Microsoft\Web Platform Installer\;C:\Program Files (x86)\Microsoft ASP.NET\ASP.NET Web Pages\v1.0\;C:\Program Files\Microsoft SQL Server\110\Tools\Binn\;c:\Program Files (x86)\Microsoft SQL Server\100\Tools\Binn\;c:\Program Files (x86)\Microsoft SQL Server\100\DTS\Binn\;C:\Program Files (x86)\Microsoft SQL Server\150\Tools\Binn\;C:\Program Files\Microsoft SQL Server\150\Tools\Binn\;C:\Program Files\Microsoft SQL Server\150\DTS\Binn\;C:\Program Files\Azure Data Studio\bin;C:\WINDOWS\system32;C:\WINDOWS;C:\WINDOWS\System32\Wbem;C:\WINDOWS\System32\WindowsPowerShell\v1.0\;C:\WINDOWS\System32\OpenSSH\;C:\MinGW\bin;C:\Program Files\Git\cmd;C:\Python34\Scripts.;C:\Users\wwwsy\AppData\Local\Programs\Python\Python39;C:\Users\wwwsy\AppData\Local\Programs\Python\Python39\Scripts;C:\ProgramData\chocolatey\bin;C:\Users\wwwsy\AppData\Local\atom\app-1.12.6.;C:\Program Files\dotnet\;C:\Program Files\php\;C:\Program Files\MySQL\MySQL Server 8.0\bin;;C:\WINDOWS\system32;C:\WINDOWS;C:\WINDOWS\System32\Wbem;C:\WINDOWS\System32\WindowsPowerShell\v1.0\;C:\WINDOWS\System32\OpenSSH\;C:\Program Files\NVIDIA Corporation\NVIDIA App\NvDLISR;C:\Program Files\nodejs\;C:\Program Files\Java\jdk-17\bin;C:\Program Files\MySQL\MySQL Shell 8.0\bin\;C:\Windows\system32;C:\Windows;C:\Windows\System32\Wbem;C:\Windows\System32\WindowsPowerShell\v1.0\;C:\Windows\System32\OpenSSH\;C:\Program Files (x86)\NVIDIA Corporation\PhysX\Common;C:\Program Files\NVIDIA Corporation\NVIDIA 
USERNAME=wwwsy
OS=Windows_NT
PROCESSOR_IDENTIFIER=AMD64 Family 23 Model 24 Stepping 1, AuthenticAMD



---------------  S Y S T E M  ---------------

OS:
 Windows 11 , 64 bit Build 26100 (10.0.26100.8521)
OS uptime: 0 days 17:48 hours
Hyper-V role detected

CPU: total 8 (initial active 8) (8 cores per cpu, 2 threads per core) family 23 model 24 stepping 1 microcode 0x8108109, cx8, cmov, fxsr, ht, mmx, 3dnowpref, sse, sse2, sse3, ssse3, sse4a, sse4.1, sse4.2, popcnt, lzcnt, tsc, tscinvbit, avx, avx2, aes, clmul, bmi1, bmi2, adx, sha, fma, vzeroupper, clflush, clflushopt, hv

Memory: 4k page, system-wide physical 6079M (581M free)
TotalPageFile size 14271M (AvailPageFile size 41M)
current process WorkingSet (physical memory assigned to process): 271M, peak: 271M
current process commit charge ("private bytes"): 437M, peak: 437M

vm_info: Java HotSpot(TM) 64-Bit Server VM (17.0.12+8-LTS-286) for windows-amd64 JRE (17.0.12+8-LTS-286), built on Jun  5 2024 06:46:59 by "mach5one" with MS VC++ 17.6 (VS2022)

END.
