#
# There is insufficient memory for the Java Runtime Environment to continue.
# Native memory allocation (malloc) failed to allocate 1048576 bytes. Error detail: AllocateHeap
# Possible reasons:
#   The system is out of physical RAM or swap space
#   This process is running with CompressedOops enabled, and the Java Heap may be blocking the growth of the native heap
# Possible solutions:
#   Reduce memory load on the system
#   Increase physical memory or swap space
#   Check if swap backing store is full
#   Decrease Java heap size (-Xmx/-Xms)
#   Decrease number of Java threads
#   Decrease Java thread stack sizes (-Xss)
#   Set larger code cache with -XX:ReservedCodeCacheSize=
#   JVM is running with Unscaled Compressed Oops mode in which the Java heap is
#     placed in the first 4GB address space. The Java Heap base address is the
#     maximum limit for the native heap growth. Please use -XX:HeapBaseMinAddress
#     to set the Java Heap base and to place the Java Heap above 4GB virtual address.
# This output file may be truncated or incomplete.
#
#  Out of Memory Error (allocation.cpp:44), pid=11564, tid=11308
#
# JRE version: OpenJDK Runtime Environment Temurin-21.0.10+7 (21.0.10+7) (build 21.0.10+7-LTS)
# Java VM: OpenJDK 64-Bit Server VM Temurin-21.0.10+7 (21.0.10+7-LTS, mixed mode, sharing, tiered, compressed oops, compressed class ptrs, parallel gc, windows-amd64)
# No core dump will be written. Minidumps are not enabled by default on client versions of Windows
#

---------------  S U M M A R Y ------------

Command Line: --add-modules=ALL-SYSTEM --add-opens=java.base/java.util=ALL-UNNAMED --add-opens=java.base/java.lang=ALL-UNNAMED --add-opens=java.base/sun.nio.fs=ALL-UNNAMED -Declipse.application=org.eclipse.jdt.ls.core.id1 -Dosgi.bundles.defaultStartLevel=4 -Declipse.product=org.eclipse.jdt.ls.core.product -Djava.import.generatesMetadataFilesAtProjectRoot=false -DDetectVMInstallationsJob.disabled=true -Dfile.encoding=utf8 -XX:+UseParallelGC -XX:GCTimeRatio=4 -XX:AdaptiveSizePolicyWeight=90 -Dsun.zip.disableMemoryMapping=true -Xmx2G -Xms100m -Xlog:disable -javaagent:c:\Users\wwwsy\.vscode\extensions\redhat.java-1.54.0-win32-x64\lombok\lombok-1.18.39-4050.jar -XX:+HeapDumpOnOutOfMemoryError -XX:HeapDumpPath=c:\Users\wwwsy\AppData\Roaming\Code\User\workspaceStorage\19967a0d81c6ff72191a729900264a2a\redhat.java -Daether.dependencyCollector.impl=bf c:\Users\wwwsy\.vscode\extensions\redhat.java-1.54.0-win32-x64\server\plugins\org.eclipse.equinox.launcher_1.7.100.v20251111-0406.jar -configuration c:\Users\wwwsy\AppData\Roaming\Code\User\globalStorage\redhat.java\1.54.0\config_win -data c:\Users\wwwsy\AppData\Roaming\Code\User\workspaceStorage\19967a0d81c6ff72191a729900264a2a\redhat.java\jdt_ws --pipe=\\.\pipe\lsp-d94a03632f5ea38ea59fb51630d2f065-sock

Host: AMD Ryzen 5 3550H with Radeon Vega Mobile Gfx  , 8 cores, 5G,  Windows 11 , 64 bit Build 26100 (10.0.26100.8521)
Time: Mon Jun 15 13:56:44 2026 India Standard Time elapsed time: 63472.952246 seconds (0d 17h 37m 52s)

---------------  T H R E A D  ---------------

Current thread (0x0000011e011cbcf0):  JavaThread "Attach Listener" daemon [_thread_in_vm, id=11308, stack(0x0000000529d00000,0x0000000529e00000) (1024K)]

Stack: [0x0000000529d00000,0x0000000529e00000]
Native frames: (J=compiled Java code, j=interpreted, Vv=VM code, C=native code)
V  [jvm.dll+0x6d7a39]
V  [jvm.dll+0x8b4b26]
V  [jvm.dll+0x8b70de]
V  [jvm.dll+0x8b77c3]
V  [jvm.dll+0x284346]
V  [jvm.dll+0xc1277]
V  [jvm.dll+0x6d82e9]
V  [jvm.dll+0x1334a6]
V  [jvm.dll+0x3f857e]
V  [jvm.dll+0x85f59d]
V  [jvm.dll+0x6d626d]
C  [ucrtbase.dll+0x2cd30]
C  [KERNEL32.DLL+0x2e957]
C  [ntdll.dll+0x87c1c]


---------------  P R O C E S S  ---------------

Threads class SMR info:
_java_thread_list=0x0000011e15082a40, length=46, elements={
0x0000011da96849c0, 0x0000011da973c350, 0x0000011e011c4f70, 0x0000011e011c8140,
0x0000011e011cbcf0, 0x0000011e011cd020, 0x0000011e011cda80, 0x0000011e011d1e30,
0x0000011e02ad4770, 0x0000011e02c8d400, 0x0000011e02da7970, 0x0000011e075dc2e0,
0x0000011e07786900, 0x0000011e02dc9d80, 0x0000011e02dbad10, 0x0000011e076f1c00,
0x0000011e077754d0, 0x0000011e0722f570, 0x0000011e0777bdc0, 0x0000011e0777b730,
0x0000011e0a48e930, 0x0000011e0a48b4b0, 0x0000011e0a48cef0, 0x0000011e0a48e2a0,
0x0000011e0a48efc0, 0x0000011e0a48bb40, 0x0000011e0a48f650, 0x0000011e0a48d580,
0x0000011e0a48dc10, 0x0000011e0a48c1d0, 0x0000011e0a48c860, 0x0000011e0a490370,
0x0000011e09b3ad80, 0x0000011e0ba65340, 0x0000011e13ca1b00, 0x0000011e09b37f90,
0x0000011e09b3baa0, 0x0000011e09b399d0, 0x0000011e0a48a790, 0x0000011e09b38620,
0x0000011e09b38cb0, 0x0000011e0ba66060, 0x0000011e0ba6a890, 0x0000011e09b3ce50,
0x0000011e09b3a060, 0x0000011e09b3c130
}

Java Threads: ( => current thread )
  0x0000011da96849c0 JavaThread "main"                              [_thread_blocked, id=16304, stack(0x0000000529600000,0x0000000529700000) (1024K)]
  0x0000011da973c350 JavaThread "Reference Handler"          daemon [_thread_blocked, id=11716, stack(0x0000000529a00000,0x0000000529b00000) (1024K)]
  0x0000011e011c4f70 JavaThread "Finalizer"                  daemon [_thread_blocked, id=10864, stack(0x0000000529b00000,0x0000000529c00000) (1024K)]
  0x0000011e011c8140 JavaThread "Signal Dispatcher"          daemon [_thread_blocked, id=10040, stack(0x0000000529c00000,0x0000000529d00000) (1024K)]
=>0x0000011e011cbcf0 JavaThread "Attach Listener"            daemon [_thread_in_vm, id=11308, stack(0x0000000529d00000,0x0000000529e00000) (1024K)]
  0x0000011e011cd020 JavaThread "Service Thread"             daemon [_thread_blocked, id=12480, stack(0x0000000529e00000,0x0000000529f00000) (1024K)]
  0x0000011e011cda80 JavaThread "Monitor Deflation Thread"   daemon [_thread_blocked, id=16032, stack(0x0000000529f00000,0x000000052a000000) (1024K)]
  0x0000011e011d1e30 JavaThread "C2 CompilerThread0"         daemon [_thread_blocked, id=2216, stack(0x000000052a000000,0x000000052a100000) (1024K)]
  0x0000011e02ad4770 JavaThread "C1 CompilerThread0"         daemon [_thread_blocked, id=10888, stack(0x000000052a100000,0x000000052a200000) (1024K)]
  0x0000011e02c8d400 JavaThread "Common-Cleaner"             daemon [_thread_blocked, id=10168, stack(0x000000052a300000,0x000000052a400000) (1024K)]
  0x0000011e02da7970 JavaThread "Notification Thread"        daemon [_thread_blocked, id=3524, stack(0x000000052a200000,0x000000052a300000) (1024K)]
  0x0000011e075dc2e0 JavaThread "Active Thread: Equinox Container: f105b24d-2b8e-4e47-b7bc-70d462d7a9a2"        [_thread_blocked, id=4540, stack(0x000000052a400000,0x000000052a500000) (1024K)]
  0x0000011e07786900 JavaThread "Refresh Thread: Equinox Container: f105b24d-2b8e-4e47-b7bc-70d462d7a9a2" daemon [_thread_blocked, id=1104, stack(0x000000052ac00000,0x000000052ad00000) (1024K)]
  0x0000011e02dc9d80 JavaThread "Framework Event Dispatcher: Equinox Container: f105b24d-2b8e-4e47-b7bc-70d462d7a9a2" daemon [_thread_blocked, id=7040, stack(0x000000052ad00000,0x000000052ae00000) (1024K)]
  0x0000011e02dbad10 JavaThread "Start Level: Equinox Container: f105b24d-2b8e-4e47-b7bc-70d462d7a9a2" daemon [_thread_blocked, id=14704, stack(0x000000052ae00000,0x000000052af00000) (1024K)]
  0x0000011e076f1c00 JavaThread "Bundle File Closer"         daemon [_thread_blocked, id=4448, stack(0x000000052af00000,0x000000052b000000) (1024K)]
  0x0000011e077754d0 JavaThread "SCR Component Actor"        daemon [_thread_blocked, id=12968, stack(0x000000052b000000,0x000000052b100000) (1024K)]
  0x0000011e0722f570 JavaThread "Worker-JM"                         [_thread_blocked, id=14328, stack(0x000000052b200000,0x000000052b300000) (1024K)]
  0x0000011e0777bdc0 JavaThread "JNA Cleaner"                daemon [_thread_blocked, id=8888, stack(0x000000052b400000,0x000000052b500000) (1024K)]
  0x0000011e0777b730 JavaThread "Java indexing"              daemon [_thread_blocked, id=7008, stack(0x000000052b700000,0x000000052b800000) (1024K)]
  0x0000011e0a48e930 JavaThread "Thread-1"                   daemon [_thread_in_native, id=3464, stack(0x000000052be00000,0x000000052bf00000) (1024K)]
  0x0000011e0a48b4b0 JavaThread "Thread-2"                   daemon [_thread_in_native, id=14592, stack(0x000000052bf00000,0x000000052c000000) (1024K)]
  0x0000011e0a48cef0 JavaThread "Thread-3"                   daemon [_thread_in_native, id=12772, stack(0x000000052c000000,0x000000052c100000) (1024K)]
  0x0000011e0a48e2a0 JavaThread "Thread-4"                   daemon [_thread_in_native, id=12912, stack(0x000000052c100000,0x000000052c200000) (1024K)]
  0x0000011e0a48efc0 JavaThread "Thread-5"                   daemon [_thread_in_native, id=12736, stack(0x000000052c200000,0x000000052c300000) (1024K)]
  0x0000011e0a48bb40 JavaThread "Thread-6"                   daemon [_thread_in_native, id=2536, stack(0x000000052c300000,0x000000052c400000) (1024K)]
  0x0000011e0a48f650 JavaThread "Thread-7"                   daemon [_thread_in_native, id=3308, stack(0x000000052c400000,0x000000052c500000) (1024K)]
  0x0000011e0a48d580 JavaThread "Thread-8"                   daemon [_thread_in_native, id=3164, stack(0x000000052c500000,0x000000052c600000) (1024K)]
  0x0000011e0a48dc10 JavaThread "Thread-9"                   daemon [_thread_in_native, id=8628, stack(0x000000052c600000,0x000000052c700000) (1024K)]
  0x0000011e0a48c1d0 JavaThread "pool-2-thread-1"                   [_thread_blocked, id=6824, stack(0x000000052c700000,0x000000052c800000) (1024K)]
  0x0000011e0a48c860 JavaThread "WorkspaceEventsHandler"            [_thread_blocked, id=2192, stack(0x000000052c800000,0x000000052c900000) (1024K)]
  0x0000011e0a490370 JavaThread "pool-1-thread-1"                   [_thread_blocked, id=3236, stack(0x000000052c900000,0x000000052ca00000) (1024K)]
  0x0000011e09b3ad80 JavaThread "Timer-0"                           [_thread_blocked, id=3068, stack(0x000000052cf00000,0x000000052d000000) (1024K)]
  0x0000011e0ba65340 JavaThread "Cleaner-0"                  daemon [_thread_blocked, id=6832, stack(0x000000052d700000,0x000000052d800000) (1024K)]
  0x0000011e13ca1b00 JavaThread "Java Debug Server"          daemon [_thread_in_native, id=7512, stack(0x000000052b900000,0x000000052ba00000) (1024K)]
  0x0000011e09b37f90 JavaThread "RxSchedulerPurge-1"         daemon [_thread_blocked, id=11468, stack(0x000000052d100000,0x000000052d200000) (1024K)]
  0x0000011e09b3baa0 JavaThread "RxCachedWorkerPoolEvictor-1" daemon [_thread_blocked, id=15520, stack(0x000000052d300000,0x000000052d400000) (1024K)]
  0x0000011e09b399d0 JavaThread "Worker-8"                          [_thread_blocked, id=10568, stack(0x0000000529300000,0x0000000529400000) (1024K)]
  0x0000011e0a48a790 JavaThread "ForkJoinPool.commonPool-worker-17" daemon [_thread_blocked, id=19320, stack(0x0000000529500000,0x0000000529600000) (1024K)]
  0x0000011e09b38620 JavaThread "ForkJoinPool.commonPool-worker-20" daemon [_thread_blocked, id=7616, stack(0x000000052b500000,0x000000052b600000) (1024K)]
  0x0000011e09b38cb0 JavaThread "ForkJoinPool.commonPool-worker-22" daemon [_thread_blocked, id=3440, stack(0x000000052b800000,0x000000052b900000) (1024K)]
  0x0000011e0ba66060 JavaThread "Compiler Source File Reader" daemon [_thread_blocked, id=9308, stack(0x000000052d000000,0x000000052d100000) (1024K)]
  0x0000011e0ba6a890 JavaThread "Compiler Source File Reader" daemon [_thread_blocked, id=17416, stack(0x000000052d200000,0x000000052d300000) (1024K)]
  0x0000011e09b3ce50 JavaThread "Compiler Source File Reader" daemon [_thread_blocked, id=11612, stack(0x000000052d400000,0x000000052d500000) (1024K)]
  0x0000011e09b3a060 JavaThread "Worker-17"                         [_thread_blocked, id=18032, stack(0x0000000529400000,0x0000000529500000) (1024K)]
  0x0000011e09b3c130 JavaThread "Worker-18"                         [_thread_blocked, id=18468, stack(0x000000052b300000,0x000000052b400000) (1024K)]
Total: 46

Other Threads:
  0x0000011e011c2030 VMThread "VM Thread"                           [id=15940, stack(0x0000000529900000,0x0000000529a00000) (1024K)]
  0x0000011e010dbb20 WatcherThread "VM Periodic Task Thread"        [id=11696, stack(0x0000000529800000,0x0000000529900000) (1024K)]
  0x0000011da96a2ba0 WorkerThread "GC Thread#0"                     [id=2116, stack(0x0000000529700000,0x0000000529800000) (1024K)]
  0x0000011e02d2fd30 WorkerThread "GC Thread#1"                     [id=1464, stack(0x000000052a500000,0x000000052a600000) (1024K)]
  0x0000011e02d2f5d0 WorkerThread "GC Thread#2"                     [id=1568, stack(0x000000052a600000,0x000000052a700000) (1024K)]
  0x0000011e02d300e0 WorkerThread "GC Thread#3"                     [id=1660, stack(0x000000052a700000,0x000000052a800000) (1024K)]
  0x0000011e02d30840 WorkerThread "GC Thread#4"                     [id=5616, stack(0x000000052a800000,0x000000052a900000) (1024K)]
  0x0000011e02d30bf0 WorkerThread "GC Thread#5"                     [id=11212, stack(0x000000052a900000,0x000000052aa00000) (1024K)]
  0x0000011e02d2f220 WorkerThread "GC Thread#6"                     [id=10328, stack(0x000000052aa00000,0x000000052ab00000) (1024K)]
  0x0000011e07011520 WorkerThread "GC Thread#7"                     [id=10104, stack(0x000000052ab00000,0x000000052ac00000) (1024K)]
Total: 10

Threads with active compile tasks:
Total: 0

VM state: not at safepoint (normal execution)

VM Mutex/Monitor currently owned by a thread: None

Heap address: 0x0000000080000000, size: 2048 MB, Compressed Oops mode: 32-bit

CDS archive(s) mapped at: [0x0000011dc0000000-0x0000011dc0ba0000-0x0000011dc0ba0000), size 12189696, SharedBaseAddress: 0x0000011dc0000000, ArchiveRelocationMode: 1.
Compressed class space mapped at: 0x0000011dc1000000-0x0000011e01000000, reserved size: 1073741824
Narrow klass base: 0x0000011dc0000000, Narrow klass shift: 0, Narrow klass range: 0x100000000

GC Precious Log:
 CardTable entry size: 512
 CPUs: 8 total, 8 available
 Memory: 6079M
 Large Page Support: Disabled
 NUMA Support: Disabled
 Compressed Oops: Enabled (32-bit)
 Alignments: Space 512K, Generation 512K, Heap 2M
 Heap Min Capacity: 100M
 Heap Initial Capacity: 100M
 Heap Max Capacity: 2G
 Pre-touch: Disabled
 Parallel Workers: 8

Heap:
 PSYoungGen      total 9216K, used 7515K [0x00000000d5580000, 0x00000000d5f80000, 0x0000000100000000)
  eden space 8704K, 84% used [0x00000000d5580000,0x00000000d5cb6f58,0x00000000d5e00000)
  from space 512K, 25% used [0x00000000d5e80000,0x00000000d5ea0000,0x00000000d5f00000)
  to   space 512K, 0% used [0x00000000d5f00000,0x00000000d5f00000,0x00000000d5f80000)
 ParOldGen       total 472576K, used 472239K [0x0000000080000000, 0x000000009cd80000, 0x00000000d5580000)
  object space 472576K, 99% used [0x0000000080000000,0x000000009cd2bfb8,0x000000009cd80000)
 Metaspace       used 101774K, committed 103936K, reserved 1179648K
  class space    used 11035K, committed 12096K, reserved 1048576K

Card table byte_map: [0x0000011da9040000,0x0000011da9450000] _byte_map_base: 0x0000011da8c40000

Marking Bits: (ParMarkBitMap*) 0x00007ffbedab3450
 Begin Bits: [0x0000011dbbb30000, 0x0000011dbdb30000)
 End Bits:   [0x0000011dbdb30000, 0x0000011dbfb30000)

Polling page: 0x0000011da7880000

Metaspace:

Usage:
  Non-class:     88.61 MB used.
      Class:     10.78 MB used.
       Both:     99.39 MB used.

Virtual space:
  Non-class space:      128.00 MB reserved,      89.69 MB ( 70%) committed,  2 nodes.
      Class space:        1.00 GB reserved,      11.81 MB (  1%) committed,  1 nodes.
             Both:        1.12 GB reserved,     101.50 MB (  9%) committed. 

Chunk freelists:
   Non-Class:  6.47 MB
       Class:  4.35 MB
        Both:  10.82 MB

MaxMetaspaceSize: unlimited
CompressedClassSpaceSize: 1.00 GB
Initial GC threshold: 21.00 MB
Current GC threshold: 168.75 MB
CDS: on
 - commit_granule_bytes: 65536.
 - commit_granule_words: 8192.
 - virtual_space_node_default_size: 8388608.
 - enlarge_chunks_in_place: 1.
 - use_allocation_guard: 0.


Internal statistics:

num_allocs_failed_limit: 9.
num_arena_births: 2142.
num_arena_deaths: 652.
num_vsnodes_births: 3.
num_vsnodes_deaths: 0.
num_space_committed: 1624.
num_space_uncommitted: 0.
num_chunks_returned_to_freelist: 748.
num_chunks_taken_from_freelist: 7362.
num_chunk_merges: 205.
num_chunk_splits: 4423.
num_chunks_enlarged: 2492.
num_inconsistent_stats: 0.

CodeHeap 'non-profiled nmethods': size=120000Kb used=20711Kb max_used=24456Kb free=99288Kb
 bounds [0x0000011db4350000, 0x0000011db5b40000, 0x0000011dbb880000]
CodeHeap 'profiled nmethods': size=120000Kb used=43071Kb max_used=52041Kb free=76928Kb
 bounds [0x0000011dac880000, 0x0000011dafb60000, 0x0000011db3db0000]
CodeHeap 'non-nmethods': size=5760Kb used=1531Kb max_used=1614Kb free=4228Kb
 bounds [0x0000011db3db0000, 0x0000011db4020000, 0x0000011db4350000]
CodeCache: size=245760Kb, used=65313Kb, max_used=78111Kb, free=180444Kb
 total_blobs=19319, nmethods=18463, adapters=756, full_count=0
Compilation: enabled, stopped_count=0, restarted_count=0

Compilation events (20 events):
Event: 63430.697 Thread 0x0000011e011d1e30 25348       4       jdk.internal.misc.VM::isBooted (13 bytes)
Event: 63430.698 Thread 0x0000011e011d1e30 nmethod 25348 0x0000011db5584b10 code [0x0000011db5584ca0, 0x0000011db5584d38]
Event: 63430.699 Thread 0x0000011e02ad4770 25349       3       org.eclipse.core.internal.localstore.SafeChunkyOutputStream::write (22 bytes)
Event: 63430.700 Thread 0x0000011e02ad4770 nmethod 25349 0x0000011dad847d90 code [0x0000011dad847f60, 0x0000011dad8481e0]
Event: 63430.704 Thread 0x0000011e02ad4770 25350       3       org.eclipse.core.internal.jobs.OrderedLock::release (60 bytes)
Event: 63430.705 Thread 0x0000011e02ad4770 nmethod 25350 0x0000011dadbf9790 code [0x0000011dadbf99a0, 0x0000011dadbf9e38]
Event: 63434.771 Thread 0x0000011e02ad4770 25351  s    3       org.eclipse.core.internal.jobs.OrderedLock::attempt (50 bytes)
Event: 63434.772 Thread 0x0000011e02ad4770 nmethod 25351 0x0000011dadf19610 code [0x0000011dadf197e0, 0x0000011dadf19c00]
Event: 63434.913 Thread 0x0000011e011d1e30 25352       4       org.eclipse.core.internal.resources.MarkerManager$$Lambda/0x0000011dc129a6a8::visitElement (23 bytes)
Event: 63434.920 Thread 0x0000011e011d1e30 nmethod 25352 0x0000011db44af090 code [0x0000011db44af260, 0x0000011db44af4d0]
Event: 63434.920 Thread 0x0000011e011d1e30 25353       4       org.eclipse.jdt.internal.core.builder.ModuleEntryProcessor::computeLimitModules (30 bytes)
Event: 63434.925 Thread 0x0000011e011d1e30 nmethod 25353 0x0000011db4a75490 code [0x0000011db4a75640, 0x0000011db4a758e0]
Event: 63434.926 Thread 0x0000011e011d1e30 25354       4       org.eclipse.jdt.internal.core.builder.NameEnvironment::collectModuleEntries (351 bytes)
Event: 63434.992 Thread 0x0000011e02ad4770 25356       2       java.lang.Class::reflectionData (43 bytes)
Event: 63434.992 Thread 0x0000011e02ad4770 nmethod 25356 0x0000011dadaed590 code [0x0000011dadaed760, 0x0000011dadaed980]
Event: 63435.031 Thread 0x0000011e011d1e30 nmethod 25354 0x0000011db4d60c10 code [0x0000011db4d60f60, 0x0000011db4d62948]
Event: 63435.031 Thread 0x0000011e011d1e30 25355       4       org.eclipse.jdt.internal.core.builder.ClasspathJar::equals (120 bytes)
Event: 63435.037 Thread 0x0000011e011d1e30 nmethod 25355 0x0000011db4d40310 code [0x0000011db4d40500, 0x0000011db4d409a0]
Event: 63435.174 Thread 0x0000011e011d1e30 25357       4       org.eclipse.jdt.ls.core.internal.filesystem.JLSFsUtils::generatesMetadataFilesAtProjectRoot (17 bytes)
Event: 63435.185 Thread 0x0000011e011d1e30 nmethod 25357 0x0000011db5488090 code [0x0000011db54882a0, 0x0000011db5488888]

GC Heap History (20 events):
Event: 63384.601 GC heap before
{Heap before GC invocations=2563 (full 6):
 PSYoungGen      total 6656K, used 6172K [0x00000000d5580000, 0x00000000d5e80000, 0x0000000100000000)
  eden space 5632K, 100% used [0x00000000d5580000,0x00000000d5b00000,0x00000000d5b00000)
  from space 1024K, 52% used [0x00000000d5b00000,0x00000000d5b87288,0x00000000d5c00000)
  to   space 1024K, 0% used [0x00000000d5d80000,0x00000000d5d80000,0x00000000d5e80000)
 ParOldGen       total 466944K, used 466142K [0x0000000080000000, 0x000000009c800000, 0x00000000d5580000)
  object space 466944K, 99% used [0x0000000080000000,0x000000009c737998,0x000000009c800000)
 Metaspace       used 101701K, committed 103936K, reserved 1179648K
  class space    used 11031K, committed 12096K, reserved 1048576K
}
Event: 63384.604 GC heap after
{Heap after GC invocations=2563 (full 6):
 PSYoungGen      total 8192K, used 576K [0x00000000d5580000, 0x00000000d5e80000, 0x0000000100000000)
  eden space 7168K, 0% used [0x00000000d5580000,0x00000000d5580000,0x00000000d5c80000)
  from space 1024K, 56% used [0x00000000d5d80000,0x00000000d5e10000,0x00000000d5e80000)
  to   space 1024K, 0% used [0x00000000d5c80000,0x00000000d5c80000,0x00000000d5d80000)
 ParOldGen       total 466944K, used 466386K [0x0000000080000000, 0x000000009c800000, 0x00000000d5580000)
  object space 466944K, 99% used [0x0000000080000000,0x000000009c774b98,0x000000009c800000)
 Metaspace       used 101701K, committed 103936K, reserved 1179648K
  class space    used 11031K, committed 12096K, reserved 1048576K
}
Event: 63384.617 GC heap before
{Heap before GC invocations=2564 (full 6):
 PSYoungGen      total 8192K, used 7744K [0x00000000d5580000, 0x00000000d5e80000, 0x0000000100000000)
  eden space 7168K, 100% used [0x00000000d5580000,0x00000000d5c80000,0x00000000d5c80000)
  from space 1024K, 56% used [0x00000000d5d80000,0x00000000d5e10000,0x00000000d5e80000)
  to   space 1024K, 0% used [0x00000000d5c80000,0x00000000d5c80000,0x00000000d5d80000)
 ParOldGen       total 466944K, used 466386K [0x0000000080000000, 0x000000009c800000, 0x00000000d5580000)
  object space 466944K, 99% used [0x0000000080000000,0x000000009c774bb8,0x000000009c800000)
 Metaspace       used 101701K, committed 103936K, reserved 1179648K
  class space    used 11031K, committed 12096K, reserved 1048576K
}
Event: 63384.621 GC heap after
{Heap after GC invocations=2564 (full 6):
 PSYoungGen      total 8192K, used 859K [0x00000000d5580000, 0x00000000d5e80000, 0x0000000100000000)
  eden space 7168K, 0% used [0x00000000d5580000,0x00000000d5580000,0x00000000d5c80000)
  from space 1024K, 83% used [0x00000000d5c80000,0x00000000d5d56d98,0x00000000d5d80000)
  to   space 1024K, 0% used [0x00000000d5d80000,0x00000000d5d80000,0x00000000d5e80000)
 ParOldGen       total 468992K, used 468629K [0x0000000080000000, 0x000000009ca00000, 0x00000000d5580000)
  object space 468992K, 99% used [0x0000000080000000,0x000000009c9a5608,0x000000009ca00000)
 Metaspace       used 101701K, committed 103936K, reserved 1179648K
  class space    used 11031K, committed 12096K, reserved 1048576K
}
Event: 63384.629 GC heap before
{Heap before GC invocations=2565 (full 6):
 PSYoungGen      total 8192K, used 8027K [0x00000000d5580000, 0x00000000d5e80000, 0x0000000100000000)
  eden space 7168K, 100% used [0x00000000d5580000,0x00000000d5c80000,0x00000000d5c80000)
  from space 1024K, 83% used [0x00000000d5c80000,0x00000000d5d56d98,0x00000000d5d80000)
  to   space 1024K, 0% used [0x00000000d5d80000,0x00000000d5d80000,0x00000000d5e80000)
 ParOldGen       total 468992K, used 468631K [0x0000000080000000, 0x000000009ca00000, 0x00000000d5580000)
  object space 468992K, 99% used [0x0000000080000000,0x000000009c9a5f68,0x000000009ca00000)
 Metaspace       used 101701K, committed 103936K, reserved 1179648K
  class space    used 11031K, committed 12096K, reserved 1048576K
}
Event: 63384.633 GC heap after
{Heap after GC invocations=2565 (full 6):
 PSYoungGen      total 8192K, used 570K [0x00000000d5580000, 0x00000000d6000000, 0x0000000100000000)
  eden space 7168K, 0% used [0x00000000d5580000,0x00000000d5580000,0x00000000d5c80000)
  from space 1024K, 55% used [0x00000000d5d80000,0x00000000d5e0e900,0x00000000d5e80000)
  to   space 1024K, 0% used [0x00000000d5c80000,0x00000000d5c80000,0x00000000d5d80000)
 ParOldGen       total 471040K, used 470758K [0x0000000080000000, 0x000000009cc00000, 0x00000000d5580000)
  object space 471040K, 99% used [0x0000000080000000,0x000000009cbb9bb8,0x000000009cc00000)
 Metaspace       used 101701K, committed 103936K, reserved 1179648K
  class space    used 11031K, committed 12096K, reserved 1048576K
}
Event: 63384.645 GC heap before
{Heap before GC invocations=2566 (full 6):
 PSYoungGen      total 8192K, used 6410K [0x00000000d5580000, 0x00000000d6000000, 0x0000000100000000)
  eden space 7168K, 81% used [0x00000000d5580000,0x00000000d5b33f98,0x00000000d5c80000)
  from space 1024K, 55% used [0x00000000d5d80000,0x00000000d5e0e900,0x00000000d5e80000)
  to   space 1024K, 0% used [0x00000000d5c80000,0x00000000d5c80000,0x00000000d5d80000)
 ParOldGen       total 471040K, used 470758K [0x0000000080000000, 0x000000009cc00000, 0x00000000d5580000)
  object space 471040K, 99% used [0x0000000080000000,0x000000009cbb9bb8,0x000000009cc00000)
 Metaspace       used 101701K, committed 103936K, reserved 1179648K
  class space    used 11031K, committed 12096K, reserved 1048576K
}
Event: 63384.648 GC heap after
{Heap after GC invocations=2566 (full 6):
 PSYoungGen      total 8192K, used 544K [0x00000000d5580000, 0x00000000d6000000, 0x0000000100000000)
  eden space 7168K, 0% used [0x00000000d5580000,0x00000000d5580000,0x00000000d5c80000)
  from space 1024K, 53% used [0x00000000d5c80000,0x00000000d5d08000,0x00000000d5d80000)
  to   space 1024K, 0% used [0x00000000d5f00000,0x00000000d5f00000,0x00000000d6000000)
 ParOldGen       total 471552K, used 471163K [0x0000000080000000, 0x000000009cc80000, 0x00000000d5580000)
  object space 471552K, 99% used [0x0000000080000000,0x000000009cc1edb8,0x000000009cc80000)
 Metaspace       used 101701K, committed 103936K, reserved 1179648K
  class space    used 11031K, committed 12096K, reserved 1048576K
}
Event: 63384.661 GC heap before
{Heap before GC invocations=2567 (full 6):
 PSYoungGen      total 8192K, used 7712K [0x00000000d5580000, 0x00000000d6000000, 0x0000000100000000)
  eden space 7168K, 100% used [0x00000000d5580000,0x00000000d5c80000,0x00000000d5c80000)
  from space 1024K, 53% used [0x00000000d5c80000,0x00000000d5d08000,0x00000000d5d80000)
  to   space 1024K, 0% used [0x00000000d5f00000,0x00000000d5f00000,0x00000000d6000000)
 ParOldGen       total 471552K, used 471163K [0x0000000080000000, 0x000000009cc80000, 0x00000000d5580000)
  object space 471552K, 99% used [0x0000000080000000,0x000000009cc1edb8,0x000000009cc80000)
 Metaspace       used 101701K, committed 103936K, reserved 1179648K
  class space    used 11031K, committed 12096K, reserved 1048576K
}
Event: 63384.663 GC heap after
{Heap after GC invocations=2567 (full 6):
 PSYoungGen      total 9216K, used 361K [0x00000000d5580000, 0x00000000d5f80000, 0x0000000100000000)
  eden space 8704K, 0% used [0x00000000d5580000,0x00000000d5580000,0x00000000d5e00000)
  from space 512K, 70% used [0x00000000d5f00000,0x00000000d5f5a400,0x00000000d5f80000)
  to   space 512K, 0% used [0x00000000d5e80000,0x00000000d5e80000,0x00000000d5f00000)
 ParOldGen       total 472064K, used 471595K [0x0000000080000000, 0x000000009cd00000, 0x00000000d5580000)
  object space 472064K, 99% used [0x0000000080000000,0x000000009cc8adb8,0x000000009cd00000)
 Metaspace       used 101701K, committed 103936K, reserved 1179648K
  class space    used 11031K, committed 12096K, reserved 1048576K
}
Event: 63384.713 GC heap before
{Heap before GC invocations=2568 (full 6):
 PSYoungGen      total 9216K, used 9065K [0x00000000d5580000, 0x00000000d5f80000, 0x0000000100000000)
  eden space 8704K, 100% used [0x00000000d5580000,0x00000000d5e00000,0x00000000d5e00000)
  from space 512K, 70% used [0x00000000d5f00000,0x00000000d5f5a400,0x00000000d5f80000)
  to   space 512K, 0% used [0x00000000d5e80000,0x00000000d5e80000,0x00000000d5f00000)
 ParOldGen       total 472064K, used 471595K [0x0000000080000000, 0x000000009cd00000, 0x00000000d5580000)
  object space 472064K, 99% used [0x0000000080000000,0x000000009cc8adb8,0x000000009cd00000)
 Metaspace       used 101701K, committed 103936K, reserved 1179648K
  class space    used 11031K, committed 12096K, reserved 1048576K
}
Event: 63384.716 GC heap after
{Heap after GC invocations=2568 (full 6):
 PSYoungGen      total 9216K, used 512K [0x00000000d5580000, 0x00000000d6000000, 0x0000000100000000)
  eden space 8704K, 0% used [0x00000000d5580000,0x00000000d5580000,0x00000000d5e00000)
  from space 512K, 100% used [0x00000000d5e80000,0x00000000d5f00000,0x00000000d5f00000)
  to   space 1024K, 0% used [0x00000000d5f00000,0x00000000d5f00000,0x00000000d6000000)
 ParOldGen       total 472064K, used 471743K [0x0000000080000000, 0x000000009cd00000, 0x00000000d5580000)
  object space 472064K, 99% used [0x0000000080000000,0x000000009ccaffb8,0x000000009cd00000)
 Metaspace       used 101701K, committed 103936K, reserved 1179648K
  class space    used 11031K, committed 12096K, reserved 1048576K
}
Event: 63384.758 GC heap before
{Heap before GC invocations=2569 (full 6):
 PSYoungGen      total 9216K, used 9216K [0x00000000d5580000, 0x00000000d6000000, 0x0000000100000000)
  eden space 8704K, 100% used [0x00000000d5580000,0x00000000d5e00000,0x00000000d5e00000)
  from space 512K, 100% used [0x00000000d5e80000,0x00000000d5f00000,0x00000000d5f00000)
  to   space 1024K, 0% used [0x00000000d5f00000,0x00000000d5f00000,0x00000000d6000000)
 ParOldGen       total 472064K, used 471743K [0x0000000080000000, 0x000000009cd00000, 0x00000000d5580000)
  object space 472064K, 99% used [0x0000000080000000,0x000000009ccaffb8,0x000000009cd00000)
 Metaspace       used 101702K, committed 103936K, reserved 1179648K
  class space    used 11031K, committed 12096K, reserved 1048576K
}
Event: 63384.765 GC heap after
{Heap after GC invocations=2569 (full 6):
 PSYoungGen      total 9728K, used 570K [0x00000000d5580000, 0x00000000d6000000, 0x0000000100000000)
  eden space 8704K, 0% used [0x00000000d5580000,0x00000000d5580000,0x00000000d5e00000)
  from space 1024K, 55% used [0x00000000d5f00000,0x00000000d5f8e900,0x00000000d6000000)
  to   space 1024K, 0% used [0x00000000d5e00000,0x00000000d5e00000,0x00000000d5f00000)
 ParOldGen       total 472576K, used 472135K [0x0000000080000000, 0x000000009cd80000, 0x00000000d5580000)
  object space 472576K, 99% used [0x0000000080000000,0x000000009cd11fb8,0x000000009cd80000)
 Metaspace       used 101702K, committed 103936K, reserved 1179648K
  class space    used 11031K, committed 12096K, reserved 1048576K
}
Event: 63384.809 GC heap before
{Heap before GC invocations=2570 (full 6):
 PSYoungGen      total 9728K, used 8199K [0x00000000d5580000, 0x00000000d6000000, 0x0000000100000000)
  eden space 8704K, 87% used [0x00000000d5580000,0x00000000d5cf3510,0x00000000d5e00000)
  from space 1024K, 55% used [0x00000000d5f00000,0x00000000d5f8e900,0x00000000d6000000)
  to   space 1024K, 0% used [0x00000000d5e00000,0x00000000d5e00000,0x00000000d5f00000)
 ParOldGen       total 472576K, used 472135K [0x0000000080000000, 0x000000009cd80000, 0x00000000d5580000)
  object space 472576K, 99% used [0x0000000080000000,0x000000009cd11fb8,0x000000009cd80000)
 Metaspace       used 101702K, committed 103936K, reserved 1179648K
  class space    used 11031K, committed 12096K, reserved 1048576K
}
Event: 63384.813 GC heap after
{Heap after GC invocations=2570 (full 6):
 PSYoungGen      total 9728K, used 282K [0x00000000d5580000, 0x00000000d5f80000, 0x0000000100000000)
  eden space 8704K, 0% used [0x00000000d5580000,0x00000000d5580000,0x00000000d5e00000)
  from space 1024K, 27% used [0x00000000d5e00000,0x00000000d5e46900,0x00000000d5f00000)
  to   space 512K, 0% used [0x00000000d5f00000,0x00000000d5f00000,0x00000000d5f80000)
 ParOldGen       total 472576K, used 472183K [0x0000000080000000, 0x000000009cd80000, 0x00000000d5580000)
  object space 472576K, 99% used [0x0000000080000000,0x000000009cd1dfb8,0x000000009cd80000)
 Metaspace       used 101702K, committed 103936K, reserved 1179648K
  class space    used 11031K, committed 12096K, reserved 1048576K
}
Event: 63384.847 GC heap before
{Heap before GC invocations=2571 (full 6):
 PSYoungGen      total 9728K, used 8383K [0x00000000d5580000, 0x00000000d5f80000, 0x0000000100000000)
  eden space 8704K, 93% used [0x00000000d5580000,0x00000000d5d694e8,0x00000000d5e00000)
  from space 1024K, 27% used [0x00000000d5e00000,0x00000000d5e46900,0x00000000d5f00000)
  to   space 512K, 0% used [0x00000000d5f00000,0x00000000d5f00000,0x00000000d5f80000)
 ParOldGen       total 472576K, used 472183K [0x0000000080000000, 0x000000009cd80000, 0x00000000d5580000)
  object space 472576K, 99% used [0x0000000080000000,0x000000009cd1dfb8,0x000000009cd80000)
 Metaspace       used 101702K, committed 103936K, reserved 1179648K
  class space    used 11031K, committed 12096K, reserved 1048576K
}
Event: 63384.850 GC heap after
{Heap after GC invocations=2571 (full 6):
 PSYoungGen      total 9216K, used 128K [0x00000000d5580000, 0x00000000d5f80000, 0x0000000100000000)
  eden space 8704K, 0% used [0x00000000d5580000,0x00000000d5580000,0x00000000d5e00000)
  from space 512K, 25% used [0x00000000d5f00000,0x00000000d5f20000,0x00000000d5f80000)
  to   space 512K, 0% used [0x00000000d5e80000,0x00000000d5e80000,0x00000000d5f00000)
 ParOldGen       total 472576K, used 472199K [0x0000000080000000, 0x000000009cd80000, 0x00000000d5580000)
  object space 472576K, 99% used [0x0000000080000000,0x000000009cd21fb8,0x000000009cd80000)
 Metaspace       used 101702K, committed 103936K, reserved 1179648K
  class space    used 11031K, committed 12096K, reserved 1048576K
}
Event: 63384.881 GC heap before
{Heap before GC invocations=2572 (full 6):
 PSYoungGen      total 9216K, used 8832K [0x00000000d5580000, 0x00000000d5f80000, 0x0000000100000000)
  eden space 8704K, 100% used [0x00000000d5580000,0x00000000d5e00000,0x00000000d5e00000)
  from space 512K, 25% used [0x00000000d5f00000,0x00000000d5f20000,0x00000000d5f80000)
  to   space 512K, 0% used [0x00000000d5e80000,0x00000000d5e80000,0x00000000d5f00000)
 ParOldGen       total 472576K, used 472199K [0x0000000080000000, 0x000000009cd80000, 0x00000000d5580000)
  object space 472576K, 99% used [0x0000000080000000,0x000000009cd21fb8,0x000000009cd80000)
 Metaspace       used 101703K, committed 103936K, reserved 1179648K
  class space    used 11031K, committed 12096K, reserved 1048576K
}
Event: 63384.885 GC heap after
{Heap after GC invocations=2572 (full 6):
 PSYoungGen      total 9216K, used 128K [0x00000000d5580000, 0x00000000d5f80000, 0x0000000100000000)
  eden space 8704K, 0% used [0x00000000d5580000,0x00000000d5580000,0x00000000d5e00000)
  from space 512K, 25% used [0x00000000d5e80000,0x00000000d5ea0000,0x00000000d5f00000)
  to   space 512K, 0% used [0x00000000d5f00000,0x00000000d5f00000,0x00000000d5f80000)
 ParOldGen       total 472576K, used 472239K [0x0000000080000000, 0x000000009cd80000, 0x00000000d5580000)
  object space 472576K, 99% used [0x0000000080000000,0x000000009cd2bfb8,0x000000009cd80000)
 Metaspace       used 101703K, committed 103936K, reserved 1179648K
  class space    used 11031K, committed 12096K, reserved 1048576K
}

Dll operation events (15 events):
Event: 0.024 Loaded shared library c:\Users\wwwsy\.vscode\extensions\redhat.java-1.54.0-win32-x64\jre\21.0.10-win32-x86_64\bin\java.dll
Event: 0.200 Loaded shared library c:\Users\wwwsy\.vscode\extensions\redhat.java-1.54.0-win32-x64\jre\21.0.10-win32-x86_64\bin\zip.dll
Event: 0.253 Loaded shared library C:\Users\wwwsy\.vscode\extensions\redhat.java-1.54.0-win32-x64\jre\21.0.10-win32-x86_64\bin\instrument.dll
Event: 0.266 Loaded shared library C:\Users\wwwsy\.vscode\extensions\redhat.java-1.54.0-win32-x64\jre\21.0.10-win32-x86_64\bin\net.dll
Event: 0.274 Loaded shared library C:\Users\wwwsy\.vscode\extensions\redhat.java-1.54.0-win32-x64\jre\21.0.10-win32-x86_64\bin\nio.dll
Event: 0.290 Loaded shared library C:\Users\wwwsy\.vscode\extensions\redhat.java-1.54.0-win32-x64\jre\21.0.10-win32-x86_64\bin\zip.dll
Event: 0.350 Loaded shared library C:\Users\wwwsy\.vscode\extensions\redhat.java-1.54.0-win32-x64\jre\21.0.10-win32-x86_64\bin\jimage.dll
Event: 0.924 Loaded shared library c:\Users\wwwsy\.vscode\extensions\redhat.java-1.54.0-win32-x64\jre\21.0.10-win32-x86_64\bin\verify.dll
Event: 16.700 Loaded shared library C:\Users\wwwsy\AppData\Roaming\Code\User\globalStorage\redhat.java\1.54.0\config_win\org.eclipse.equinox.launcher\org.eclipse.equinox.launcher.win32.win32.x86_64_1.3.0.v20260203-2149\eclipse_11919.dll
Event: 32.078 Loaded shared library C:\Users\wwwsy\AppData\Local\Temp\jna-113562173\jna3841397644833053002.dll
Event: 45.029 Loaded shared library C:\Users\wwwsy\.gradle\native\660c5614fbf4a5f2a75b1949f50a0caf5cd603558e7d8a26e50b933a0cfb79d1\windows-amd64\native-platform.dll
Event: 57.872 Loaded shared library C:\Users\wwwsy\.vscode\extensions\redhat.java-1.54.0-win32-x64\jre\21.0.10-win32-x86_64\bin\management.dll
Event: 57.921 Loaded shared library C:\Users\wwwsy\.vscode\extensions\redhat.java-1.54.0-win32-x64\jre\21.0.10-win32-x86_64\bin\management_ext.dll
Event: 64.018 Loaded shared library C:\Users\wwwsy\.vscode\extensions\redhat.java-1.54.0-win32-x64\jre\21.0.10-win32-x86_64\bin\extnet.dll
Event: 71.741 Loaded shared library C:\Users\wwwsy\.vscode\extensions\redhat.java-1.54.0-win32-x64\jre\21.0.10-win32-x86_64\bin\sunmscapi.dll

Deoptimization events (20 events):
Event: 63416.739 Thread 0x0000011e0a48c860 Uncommon trap: trap_request=0xfffffff4 fr.pc=0x0000011db45f524c relative=0x000000000000010c
Event: 63416.739 Thread 0x0000011e0a48c860 Uncommon trap: reason=null_check action=make_not_entrant pc=0x0000011db45f524c method=java.lang.Class.reflectionData()Ljava/lang/Class$ReflectionData; @ 18 c2
Event: 63416.739 Thread 0x0000011e0a48c860 DEOPT PACKING pc=0x0000011db45f524c sp=0x000000052c8fecc0
Event: 63416.739 Thread 0x0000011e0a48c860 DEOPT UNPACKING pc=0x0000011db3e03aa2 sp=0x000000052c8fec58 mode 2
Event: 63430.659 Thread 0x0000011e09b3c130 Uncommon trap: trap_request=0xfffffff4 fr.pc=0x0000011db4b75728 relative=0x0000000000001448
Event: 63430.659 Thread 0x0000011e09b3c130 Uncommon trap: reason=null_check action=make_not_entrant pc=0x0000011db4b75728 method=java.lang.invoke.MethodTypeForm.cachedLambdaForm(I)Ljava/lang/invoke/LambdaForm; @ 15 c2
Event: 63430.659 Thread 0x0000011e09b3c130 DEOPT PACKING pc=0x0000011db4b75728 sp=0x000000052b3fe300
Event: 63430.659 Thread 0x0000011e09b3c130 DEOPT UNPACKING pc=0x0000011db3e03aa2 sp=0x000000052b3fe220 mode 2
Event: 63431.079 Thread 0x0000011e0777cae0 Uncommon trap: trap_request=0xffffff45 fr.pc=0x0000011db5a17dc8 relative=0x0000000000000848
Event: 63431.079 Thread 0x0000011e0777cae0 Uncommon trap: reason=unstable_if action=reinterpret pc=0x0000011db5a17dc8 method=java.util.concurrent.locks.AbstractQueuedSynchronizer$ConditionObject.unlinkCancelledWaiters(Ljava/util/concurrent/locks/AbstractQueuedSynchronizer$ConditionNode;)V @ 8 c2
Event: 63431.079 Thread 0x0000011e0777cae0 DEOPT PACKING pc=0x0000011db5a17dc8 sp=0x000000052bbff3b0
Event: 63431.079 Thread 0x0000011e0777cae0 DEOPT UNPACKING pc=0x0000011db3e03aa2 sp=0x000000052bbff2e0 mode 2
Event: 63440.336 Thread 0x0000011e0ba6c2d0 Uncommon trap: trap_request=0xffffff45 fr.pc=0x0000011db5a17dc8 relative=0x0000000000000848
Event: 63440.336 Thread 0x0000011e0ba6c2d0 Uncommon trap: reason=unstable_if action=reinterpret pc=0x0000011db5a17dc8 method=java.util.concurrent.locks.AbstractQueuedSynchronizer$ConditionObject.unlinkCancelledWaiters(Ljava/util/concurrent/locks/AbstractQueuedSynchronizer$ConditionNode;)V @ 8 c2
Event: 63440.336 Thread 0x0000011e0ba6c2d0 DEOPT PACKING pc=0x0000011db5a17dc8 sp=0x000000052cdfeed0
Event: 63440.337 Thread 0x0000011e0ba6c2d0 DEOPT UNPACKING pc=0x0000011db3e03aa2 sp=0x000000052cdfee00 mode 2
Event: 63445.048 Thread 0x0000011e13ca2190 Uncommon trap: trap_request=0xffffff45 fr.pc=0x0000011db5a17dc8 relative=0x0000000000000848
Event: 63445.048 Thread 0x0000011e13ca2190 Uncommon trap: reason=unstable_if action=reinterpret pc=0x0000011db5a17dc8 method=java.util.concurrent.locks.AbstractQueuedSynchronizer$ConditionObject.unlinkCancelledWaiters(Ljava/util/concurrent/locks/AbstractQueuedSynchronizer$ConditionNode;)V @ 8 c2
Event: 63445.048 Thread 0x0000011e13ca2190 DEOPT PACKING pc=0x0000011db5a17dc8 sp=0x000000052ccff2c0
Event: 63445.048 Thread 0x0000011e13ca2190 DEOPT UNPACKING pc=0x0000011db3e03aa2 sp=0x000000052ccff1f0 mode 2

Classes loaded (20 events):
Event: 469.720 Loading class java/util/stream/Nodes$AbstractConcNode done
Event: 469.720 Loading class java/util/stream/Nodes$ConcNode done
Event: 469.739 Loading class java/io/ObjectOutputStream$BlockDataOutputStream
Event: 469.740 Loading class java/io/ObjectOutputStream$BlockDataOutputStream done
Event: 469.740 Loading class java/io/ObjectOutputStream$HandleTable
Event: 469.740 Loading class java/io/ObjectOutputStream$HandleTable done
Event: 469.740 Loading class java/io/ObjectOutputStream$ReplaceTable
Event: 469.740 Loading class java/io/ObjectOutputStream$ReplaceTable done
Event: 881.527 Loading class jdk/internal/module/IllegalAccessLogger
Event: 881.528 Loading class jdk/internal/module/IllegalAccessLogger done
Event: 63140.192 Loading class jdk/internal/module/IllegalAccessLogger
Event: 63140.193 Loading class jdk/internal/module/IllegalAccessLogger done
Event: 63157.760 Loading class jdk/internal/module/IllegalAccessLogger
Event: 63157.760 Loading class jdk/internal/module/IllegalAccessLogger done
Event: 63181.478 Loading class jdk/internal/module/IllegalAccessLogger
Event: 63181.478 Loading class jdk/internal/module/IllegalAccessLogger done
Event: 63187.927 Loading class jdk/internal/module/IllegalAccessLogger
Event: 63187.927 Loading class jdk/internal/module/IllegalAccessLogger done
Event: 63189.469 Loading class jdk/internal/module/IllegalAccessLogger
Event: 63189.469 Loading class jdk/internal/module/IllegalAccessLogger done

Classes unloaded (20 events):
Event: 63145.683 Thread 0x0000011e011c2030 Unloading class 0x0000011dc1016400 'java/lang/invoke/LambdaForm$MH+0x0000011dc1016400'
Event: 63145.684 Thread 0x0000011e011c2030 Unloading class 0x0000011dc100d800 'java/lang/invoke/LambdaForm$MH+0x0000011dc100d800'
Event: 63145.685 Thread 0x0000011e011c2030 Unloading class 0x0000011dc100d400 'java/lang/invoke/LambdaForm$MH+0x0000011dc100d400'
Event: 63145.685 Thread 0x0000011e011c2030 Unloading class 0x0000011dc100d000 'java/lang/invoke/LambdaForm$MH+0x0000011dc100d000'
Event: 63145.685 Thread 0x0000011e011c2030 Unloading class 0x0000011dc100cc00 'java/lang/invoke/LambdaForm$MH+0x0000011dc100cc00'
Event: 63145.685 Thread 0x0000011e011c2030 Unloading class 0x0000011dc100c800 'java/lang/invoke/LambdaForm$BMH+0x0000011dc100c800'
Event: 63145.685 Thread 0x0000011e011c2030 Unloading class 0x0000011dc100c000 'java/lang/invoke/LambdaForm$DMH+0x0000011dc100c000'
Event: 63145.685 Thread 0x0000011e011c2030 Unloading class 0x0000011dc1008c00 'java/lang/invoke/LambdaForm$MH+0x0000011dc1008c00'
Event: 63145.685 Thread 0x0000011e011c2030 Unloading class 0x0000011dc1008800 'java/lang/invoke/LambdaForm$MH+0x0000011dc1008800'
Event: 63145.686 Thread 0x0000011e011c2030 Unloading class 0x0000011dc1008400 'java/lang/invoke/LambdaForm$MH+0x0000011dc1008400'
Event: 63145.686 Thread 0x0000011e011c2030 Unloading class 0x0000011dc1007000 'java/lang/invoke/LambdaForm$MH+0x0000011dc1007000'
Event: 63145.686 Thread 0x0000011e011c2030 Unloading class 0x0000011dc1006800 'java/lang/invoke/LambdaForm$MH+0x0000011dc1006800'
Event: 63145.686 Thread 0x0000011e011c2030 Unloading class 0x0000011dc1006400 'java/lang/invoke/LambdaForm$MH+0x0000011dc1006400'
Event: 63145.686 Thread 0x0000011e011c2030 Unloading class 0x0000011dc1006000 'java/lang/invoke/LambdaForm$MH+0x0000011dc1006000'
Event: 63145.686 Thread 0x0000011e011c2030 Unloading class 0x0000011dc1005c00 'java/lang/invoke/LambdaForm$BMH+0x0000011dc1005c00'
Event: 63145.686 Thread 0x0000011e011c2030 Unloading class 0x0000011dc1004800 'java/lang/invoke/LambdaForm$DMH+0x0000011dc1004800'
Event: 63145.686 Thread 0x0000011e011c2030 Unloading class 0x0000011dc1002400 'java/lang/invoke/LambdaForm$MH+0x0000011dc1002400'
Event: 63145.686 Thread 0x0000011e011c2030 Unloading class 0x0000011dc1002000 'java/lang/invoke/LambdaForm$MH+0x0000011dc1002000'
Event: 63145.687 Thread 0x0000011e011c2030 Unloading class 0x0000011dc1001800 'java/lang/invoke/LambdaForm$MH+0x0000011dc1001800'
Event: 63145.687 Thread 0x0000011e011c2030 Unloading class 0x0000011dc1000400 'java/lang/invoke/LambdaForm$MH+0x0000011dc1000400'

Classes redefined (0 events):
No events

Internal exceptions (20 events):
Event: 63173.203 Thread 0x0000011e09b3a6f0 Exception <a 'java/lang/ArrayIndexOutOfBoundsException'{0x00000000d56229e0}> (0x00000000d56229e0) 
thrown [s\src\hotspot\share\runtime\sharedRuntime.cpp, line 625]
Event: 63175.231 Thread 0x0000011e0a490370 Exception <a 'java/lang/ArrayIndexOutOfBoundsException'{0x00000000d6029e00}> (0x00000000d6029e00) 
thrown [s\src\hotspot\share\runtime\sharedRuntime.cpp, line 625]
Event: 63175.976 Thread 0x0000011e0a490370 Exception <a 'java/lang/ArrayIndexOutOfBoundsException'{0x00000000d5d7bed0}> (0x00000000d5d7bed0) 
thrown [s\src\hotspot\share\runtime\sharedRuntime.cpp, line 625]
Event: 63176.362 Thread 0x0000011e0a490370 Exception <a 'java/lang/ArrayIndexOutOfBoundsException'{0x00000000d572d0f8}> (0x00000000d572d0f8) 
thrown [s\src\hotspot\share\runtime\sharedRuntime.cpp, line 625]
Event: 63178.397 Thread 0x0000011e0a490370 Exception <a 'java/lang/ArrayIndexOutOfBoundsException'{0x00000000d585b4c8}> (0x00000000d585b4c8) 
thrown [s\src\hotspot\share\runtime\sharedRuntime.cpp, line 625]
Event: 63181.122 Thread 0x0000011e0777b730 Exception <a 'sun/nio/fs/WindowsException'{0x00000000d55d9300}> (0x00000000d55d9300) 
thrown [s\src\hotspot\share\prims\jni.cpp, line 520]
Event: 63182.150 Thread 0x0000011e0777b730 Exception <a 'sun/nio/fs/WindowsException'{0x00000000d55a68a8}> (0x00000000d55a68a8) 
thrown [s\src\hotspot\share\prims\jni.cpp, line 520]
Event: 63187.596 Thread 0x0000011e0777b730 Exception <a 'sun/nio/fs/WindowsException'{0x00000000d5752448}> (0x00000000d5752448) 
thrown [s\src\hotspot\share\prims\jni.cpp, line 520]
Event: 63188.380 Thread 0x0000011e0777b730 Exception <a 'sun/nio/fs/WindowsException'{0x00000000d581db40}> (0x00000000d581db40) 
thrown [s\src\hotspot\share\prims\jni.cpp, line 520]
Event: 63384.724 Thread 0x0000011e0a48a790 Exception <a 'sun/nio/fs/WindowsException'{0x00000000d5589308}> (0x00000000d5589308) 
thrown [s\src\hotspot\share\prims\jni.cpp, line 520]
Event: 63384.725 Thread 0x0000011e0a48a790 Exception <a 'sun/nio/fs/WindowsException'{0x00000000d5589bd0}> (0x00000000d5589bd0) 
thrown [s\src\hotspot\share\prims\jni.cpp, line 520]
Event: 63384.886 Thread 0x0000011e0a48ae20 Exception <a 'sun/nio/fs/WindowsException'{0x00000000d5580730}> (0x00000000d5580730) 
thrown [s\src\hotspot\share\prims\jni.cpp, line 520]
Event: 63384.887 Thread 0x0000011e0a48ae20 Exception <a 'sun/nio/fs/WindowsException'{0x00000000d5580ff8}> (0x00000000d5580ff8) 
thrown [s\src\hotspot\share\prims\jni.cpp, line 520]
Event: 63416.730 Thread 0x0000011e0a48c860 Implicit null exception at 0x0000011db52064fb to 0x0000011db520ad0c
Event: 63416.738 Thread 0x0000011e0a48c860 Implicit null exception at 0x0000011db5106a9e to 0x0000011db510704c
Event: 63416.739 Thread 0x0000011e0a48c860 Implicit null exception at 0x0000011db4fbd4b9 to 0x0000011db4fbd6d8
Event: 63416.739 Thread 0x0000011e0a48c860 Implicit null exception at 0x0000011db45f518e to 0x0000011db45f5235
Event: 63430.618 Thread 0x0000011e09b3c130 Exception <a 'sun/nio/fs/WindowsException'{0x00000000d57fc858}> (0x00000000d57fc858) 
thrown [s\src\hotspot\share\prims\jni.cpp, line 520]
Event: 63430.618 Thread 0x0000011e09b3c130 Exception <a 'sun/nio/fs/WindowsException'{0x00000000d57fd140}> (0x00000000d57fd140) 
thrown [s\src\hotspot\share\prims\jni.cpp, line 520]
Event: 63430.659 Thread 0x0000011e09b3c130 Implicit null exception at 0x0000011db4b74388 to 0x0000011db4b756e4

ZGC Phase Switch (0 events):
No events

VM Operations (20 events):
Event: 63384.758 Executing safepoint VM operation: ParallelGCFailedAllocation (Allocation Failure)
Event: 63384.765 Executing safepoint VM operation: ParallelGCFailedAllocation (Allocation Failure) done
Event: 63384.809 Executing safepoint VM operation: ParallelGCFailedAllocation (Allocation Failure)
Event: 63384.813 Executing safepoint VM operation: ParallelGCFailedAllocation (Allocation Failure) done
Event: 63384.847 Executing safepoint VM operation: ParallelGCFailedAllocation (Allocation Failure)
Event: 63384.850 Executing safepoint VM operation: ParallelGCFailedAllocation (Allocation Failure) done
Event: 63384.881 Executing safepoint VM operation: ParallelGCFailedAllocation (Allocation Failure)
Event: 63384.885 Executing safepoint VM operation: ParallelGCFailedAllocation (Allocation Failure) done
Event: 63417.104 Executing safepoint VM operation: Cleanup
Event: 63417.105 Executing safepoint VM operation: Cleanup done
Event: 63419.106 Executing safepoint VM operation: Cleanup
Event: 63419.106 Executing safepoint VM operation: Cleanup done
Event: 63421.107 Executing safepoint VM operation: Cleanup
Event: 63421.107 Executing safepoint VM operation: Cleanup done
Event: 63427.455 Executing non-safepoint VM operation: HandshakeAllThreads (HandshakeForDeflation)
Event: 63427.455 Executing non-safepoint VM operation: HandshakeAllThreads (HandshakeForDeflation) done
Event: 63427.455 Executing non-safepoint VM operation: RendezvousGCThreads
Event: 63427.455 Executing non-safepoint VM operation: RendezvousGCThreads done
Event: 63431.457 Executing safepoint VM operation: Cleanup
Event: 63431.457 Executing safepoint VM operation: Cleanup done

Memory protections (0 events):
No events

Nmethod flushes (20 events):
Event: 63150.296 Thread 0x0000011e011c2030 flushing  nmethod 0x0000011daf92a110
Event: 63150.296 Thread 0x0000011e011c2030 flushing  nmethod 0x0000011daf932c90
Event: 63150.297 Thread 0x0000011e011c2030 flushing  nmethod 0x0000011daf93c210
Event: 63150.297 Thread 0x0000011e011c2030 flushing  nmethod 0x0000011daf961510
Event: 63150.297 Thread 0x0000011e011c2030 flushing  nmethod 0x0000011daf967190
Event: 63150.297 Thread 0x0000011e011c2030 flushing  nmethod 0x0000011daf968c90
Event: 63150.297 Thread 0x0000011e011c2030 flushing  nmethod 0x0000011daf97e710
Event: 63150.297 Thread 0x0000011e011c2030 flushing  nmethod 0x0000011daf97fb10
Event: 63150.297 Thread 0x0000011e011c2030 flushing  nmethod 0x0000011daf983f90
Event: 63150.297 Thread 0x0000011e011c2030 flushing  nmethod 0x0000011daf990590
Event: 63150.297 Thread 0x0000011e011c2030 flushing  nmethod 0x0000011daf9b2e10
Event: 63150.297 Thread 0x0000011e011c2030 flushing  nmethod 0x0000011daf9ce910
Event: 63150.297 Thread 0x0000011e011c2030 flushing  nmethod 0x0000011daf9d1690
Event: 63150.297 Thread 0x0000011e011c2030 flushing  nmethod 0x0000011daf9f1590
Event: 63150.297 Thread 0x0000011e011c2030 flushing  nmethod 0x0000011dafa2d510
Event: 63150.297 Thread 0x0000011e011c2030 flushing  nmethod 0x0000011dafa2fd90
Event: 63150.297 Thread 0x0000011e011c2030 flushing  nmethod 0x0000011dafa31f10
Event: 63150.297 Thread 0x0000011e011c2030 flushing  nmethod 0x0000011dafa32810
Event: 63150.297 Thread 0x0000011e011c2030 flushing  nmethod 0x0000011dafa4b590
Event: 63150.297 Thread 0x0000011e011c2030 flushing  nmethod 0x0000011dafa55110

Events (20 events):
Event: 63189.322 Thread 0x0000011e09b3a060 Thread added: 0x0000011e09b3ce50
Event: 63232.277 Thread 0x0000011e0777c450 Thread exited: 0x0000011e0777c450
Event: 63249.491 Thread 0x0000011e0ba6b5b0 Thread exited: 0x0000011e0ba6b5b0
Event: 63249.892 Thread 0x0000011e0777b0a0 Thread exited: 0x0000011e0777b0a0
Event: 63250.666 Thread 0x0000011e09b3a6f0 Thread exited: 0x0000011e09b3a6f0
Event: 63310.334 Thread 0x0000011e13c9fa30 Thread exited: 0x0000011e13c9fa30
Event: 63310.334 Thread 0x0000011e09b3a060 Thread exited: 0x0000011e09b3a060
Event: 63310.680 Thread 0x0000011e0a491db0 Thread exited: 0x0000011e0a491db0
Event: 63318.021 Thread 0x0000011e09b399d0 Thread added: 0x0000011e09b3a060
Event: 63318.028 Thread 0x0000011e0777d800 Thread exited: 0x0000011e0777d800
Event: 63370.681 Thread 0x0000011e09b3d4e0 Thread exited: 0x0000011e09b3d4e0
Event: 63418.440 Thread 0x0000011e09b399d0 Thread added: 0x0000011e09b3c130
Event: 63430.622 Thread 0x0000011e09b3c130 Thread added: 0x0000011e09b3d4e0
Event: 63430.623 Thread 0x0000011e09b3d4e0 Thread exited: 0x0000011e09b3d4e0
Event: 63430.686 Thread 0x0000011e09b3c130 Thread added: 0x0000011e09b3d4e0
Event: 63430.686 Thread 0x0000011e09b3d4e0 Thread exited: 0x0000011e09b3d4e0
Event: 63431.080 Thread 0x0000011e0777cae0 Thread exited: 0x0000011e0777cae0
Event: 63440.337 Thread 0x0000011e0ba6c2d0 Thread exited: 0x0000011e0ba6c2d0
Event: 63444.892 Thread 0x0000011e0a48ae20 Thread exited: 0x0000011e0a48ae20
Event: 63445.049 Thread 0x0000011e13ca2190 Thread exited: 0x0000011e13ca2190


Dynamic libraries:
0x00007ff6b8920000 - 0x00007ff6b892e000 	c:\Users\wwwsy\.vscode\extensions\redhat.java-1.54.0-win32-x64\jre\21.0.10-win32-x86_64\bin\java.exe
0x00007ffc74380000 - 0x00007ffc745e6000 	C:\WINDOWS\SYSTEM32\ntdll.dll
0x00007ffc734d0000 - 0x00007ffc73599000 	C:\WINDOWS\System32\KERNEL32.DLL
0x00007ffc71770000 - 0x00007ffc71b6a000 	C:\WINDOWS\System32\KERNELBASE.dll
0x00007ffc71cb0000 - 0x00007ffc71dfc000 	C:\WINDOWS\System32\ucrtbase.dll
0x00007ffc40b90000 - 0x00007ffc40bae000 	c:\Users\wwwsy\.vscode\extensions\redhat.java-1.54.0-win32-x64\jre\21.0.10-win32-x86_64\bin\VCRUNTIME140.dll
0x00007ffc40b70000 - 0x00007ffc40b88000 	c:\Users\wwwsy\.vscode\extensions\redhat.java-1.54.0-win32-x64\jre\21.0.10-win32-x86_64\bin\jli.dll
0x00007ffc725e0000 - 0x00007ffc727a7000 	C:\WINDOWS\System32\USER32.dll
0x00007ffc71740000 - 0x00007ffc71767000 	C:\WINDOWS\System32\win32u.dll
0x00007ffc60090000 - 0x00007ffc60322000 	C:\WINDOWS\WinSxS\amd64_microsoft.windows.common-controls_6595b64144ccf1df_6.0.26100.8521_none_3e08b75ce33403b3\COMCTL32.dll
0x00007ffc73ec0000 - 0x00007ffc73eeb000 	C:\WINDOWS\System32\GDI32.dll
0x00007ffc73040000 - 0x00007ffc730e9000 	C:\WINDOWS\System32\msvcrt.dll
0x00007ffc71610000 - 0x00007ffc7173b000 	C:\WINDOWS\System32\gdi32full.dll
0x00007ffc71b70000 - 0x00007ffc71c13000 	C:\WINDOWS\System32\msvcp_win.dll
0x00007ffc732a0000 - 0x00007ffc732d2000 	C:\WINDOWS\System32\IMM32.DLL
0x00007ffc68390000 - 0x00007ffc6839c000 	c:\Users\wwwsy\.vscode\extensions\redhat.java-1.54.0-win32-x64\jre\21.0.10-win32-x86_64\bin\vcruntime140_1.dll
0x00007ffc37f10000 - 0x00007ffc37f9d000 	c:\Users\wwwsy\.vscode\extensions\redhat.java-1.54.0-win32-x64\jre\21.0.10-win32-x86_64\bin\msvcp140.dll
0x00007ffbecdf0000 - 0x00007ffbedb91000 	c:\Users\wwwsy\.vscode\extensions\redhat.java-1.54.0-win32-x64\jre\21.0.10-win32-x86_64\bin\server\jvm.dll
0x00007ffc74280000 - 0x00007ffc74336000 	C:\WINDOWS\System32\ADVAPI32.dll
0x00007ffc730f0000 - 0x00007ffc7319a000 	C:\WINDOWS\System32\sechost.dll
0x00007ffc73cf0000 - 0x00007ffc73e08000 	C:\WINDOWS\System32\RPCRT4.dll
0x00007ffc73210000 - 0x00007ffc73290000 	C:\WINDOWS\System32\WS2_32.dll
0x00007ffc71490000 - 0x00007ffc714ee000 	C:\WINDOWS\SYSTEM32\POWRPROF.dll
0x00007ffc6a790000 - 0x00007ffc6a7c6000 	C:\WINDOWS\SYSTEM32\WINMM.dll
0x00007ffc6a7d0000 - 0x00007ffc6a7db000 	C:\WINDOWS\SYSTEM32\VERSION.dll
0x00007ffc71470000 - 0x00007ffc71484000 	C:\WINDOWS\SYSTEM32\UMPDC.dll
0x00007ffc70360000 - 0x00007ffc7037b000 	C:\WINDOWS\SYSTEM32\kernel.appcore.dll
0x00007ffc65970000 - 0x00007ffc6597a000 	c:\Users\wwwsy\.vscode\extensions\redhat.java-1.54.0-win32-x64\jre\21.0.10-win32-x86_64\bin\jimage.dll
0x00007ffc6c4e0000 - 0x00007ffc6c722000 	C:\WINDOWS\SYSTEM32\DBGHELP.DLL
0x00007ffc72150000 - 0x00007ffc724d3000 	C:\WINDOWS\System32\combase.dll
0x00007ffc73c10000 - 0x00007ffc73ce9000 	C:\WINDOWS\System32\OLEAUT32.dll
0x00007ffc59a30000 - 0x00007ffc59a6b000 	C:\WINDOWS\SYSTEM32\dbgcore.DLL
0x00007ffc71e00000 - 0x00007ffc71ea8000 	C:\WINDOWS\System32\bcryptPrimitives.dll
0x00007ffc4a400000 - 0x00007ffc4a40f000 	c:\Users\wwwsy\.vscode\extensions\redhat.java-1.54.0-win32-x64\jre\21.0.10-win32-x86_64\bin\instrument.dll
0x00007ffc40b30000 - 0x00007ffc40b50000 	c:\Users\wwwsy\.vscode\extensions\redhat.java-1.54.0-win32-x64\jre\21.0.10-win32-x86_64\bin\java.dll
0x00007ffc72800000 - 0x00007ffc72f84000 	C:\WINDOWS\System32\SHELL32.dll
0x00007ffc6f1b0000 - 0x00007ffc6fa30000 	C:\WINDOWS\SYSTEM32\windows.storage.dll
0x00007ffc73b10000 - 0x00007ffc73c06000 	C:\WINDOWS\System32\SHCORE.dll
0x00007ffc731a0000 - 0x00007ffc73207000 	C:\WINDOWS\System32\shlwapi.dll
0x00007ffc71530000 - 0x00007ffc71559000 	C:\WINDOWS\SYSTEM32\profapi.dll
0x00007ffc40b10000 - 0x00007ffc40b28000 	c:\Users\wwwsy\.vscode\extensions\redhat.java-1.54.0-win32-x64\jre\21.0.10-win32-x86_64\bin\zip.dll
0x00007ffc464f0000 - 0x00007ffc46500000 	C:\Users\wwwsy\.vscode\extensions\redhat.java-1.54.0-win32-x64\jre\21.0.10-win32-x86_64\bin\net.dll
0x00007ffc67de0000 - 0x00007ffc67f09000 	C:\WINDOWS\SYSTEM32\WINHTTP.dll
0x00007ffc708b0000 - 0x00007ffc7091c000 	C:\WINDOWS\system32\mswsock.dll
0x00007ffc40af0000 - 0x00007ffc40b06000 	C:\Users\wwwsy\.vscode\extensions\redhat.java-1.54.0-win32-x64\jre\21.0.10-win32-x86_64\bin\nio.dll
0x00007ffc44c00000 - 0x00007ffc44c10000 	c:\Users\wwwsy\.vscode\extensions\redhat.java-1.54.0-win32-x64\jre\21.0.10-win32-x86_64\bin\verify.dll
0x00007ffc362b0000 - 0x00007ffc362f5000 	C:\Users\wwwsy\AppData\Roaming\Code\User\globalStorage\redhat.java\1.54.0\config_win\org.eclipse.equinox.launcher\org.eclipse.equinox.launcher.win32.win32.x86_64_1.3.0.v20260203-2149\eclipse_11919.dll
0x00007ffc73ef0000 - 0x00007ffc74088000 	C:\WINDOWS\System32\ole32.dll
0x00007ffc70cb0000 - 0x00007ffc70ccb000 	C:\WINDOWS\SYSTEM32\CRYPTSP.dll
0x00007ffc702c0000 - 0x00007ffc702f9000 	C:\WINDOWS\system32\rsaenh.dll
0x00007ffc70960000 - 0x00007ffc70993000 	C:\WINDOWS\SYSTEM32\USERENV.dll
0x00007ffc71500000 - 0x00007ffc7152a000 	C:\WINDOWS\SYSTEM32\bcrypt.dll
0x00007ffc70b10000 - 0x00007ffc70b1c000 	C:\WINDOWS\SYSTEM32\CRYPTBASE.dll
0x00007ffc6fd40000 - 0x00007ffc6fd73000 	C:\WINDOWS\SYSTEM32\IPHLPAPI.DLL
0x00007ffc734c0000 - 0x00007ffc734ca000 	C:\WINDOWS\System32\NSI.dll
0x00007ffc40bf0000 - 0x00007ffc40c39000 	C:\Users\wwwsy\AppData\Local\Temp\jna-113562173\jna3841397644833053002.dll
0x00007ffc73670000 - 0x00007ffc73678000 	C:\WINDOWS\System32\PSAPI.DLL
0x00007ffc684e0000 - 0x00007ffc684fd000 	C:\WINDOWS\SYSTEM32\dhcpcsvc6.DLL
0x00007ffc67db0000 - 0x00007ffc67dd5000 	C:\WINDOWS\SYSTEM32\dhcpcsvc.DLL
0x00007ffc41a50000 - 0x00007ffc41a77000 	C:\Users\wwwsy\.gradle\native\660c5614fbf4a5f2a75b1949f50a0caf5cd603558e7d8a26e50b933a0cfb79d1\windows-amd64\native-platform.dll
0x00007ffc6dd00000 - 0x00007ffc6dd0a000 	C:\Users\wwwsy\.vscode\extensions\redhat.java-1.54.0-win32-x64\jre\21.0.10-win32-x86_64\bin\management.dll
0x00007ffc6a340000 - 0x00007ffc6a34c000 	C:\Users\wwwsy\.vscode\extensions\redhat.java-1.54.0-win32-x64\jre\21.0.10-win32-x86_64\bin\management_ext.dll
0x00007ffc3ae70000 - 0x00007ffc3ae79000 	C:\Users\wwwsy\.vscode\extensions\redhat.java-1.54.0-win32-x64\jre\21.0.10-win32-x86_64\bin\extnet.dll
0x00007ffc41100000 - 0x00007ffc4110e000 	C:\Users\wwwsy\.vscode\extensions\redhat.java-1.54.0-win32-x64\jre\21.0.10-win32-x86_64\bin\sunmscapi.dll
0x00007ffc71eb0000 - 0x00007ffc72028000 	C:\WINDOWS\System32\CRYPT32.dll
0x00007ffc70d50000 - 0x00007ffc70d80000 	C:\WINDOWS\SYSTEM32\ncrypt.dll
0x00007ffc70d00000 - 0x00007ffc70d3f000 	C:\WINDOWS\SYSTEM32\NTASN1.dll
0x00007ffc0eda0000 - 0x00007ffc0eda8000 	C:\WINDOWS\system32\wshunix.dll

JVMTI agents:
c:\Users\wwwsy\.vscode\extensions\redhat.java-1.54.0-win32-x64\lombok\lombok-1.18.39-4050.jar path:c:\Users\wwwsy\.vscode\extensions\redhat.java-1.54.0-win32-x64\jre\21.0.10-win32-x86_64\bin\instrument.dll, loaded, initialized, instrumentlib options:none

dbghelp: loaded successfully - version: 4.0.5 - missing functions: none
symbol engine: initialized successfully - sym options: 0x614 - pdb path: .;c:\Users\wwwsy\.vscode\extensions\redhat.java-1.54.0-win32-x64\jre\21.0.10-win32-x86_64\bin;C:\WINDOWS\SYSTEM32;C:\WINDOWS\WinSxS\amd64_microsoft.windows.common-controls_6595b64144ccf1df_6.0.26100.8521_none_3e08b75ce33403b3;c:\Users\wwwsy\.vscode\extensions\redhat.java-1.54.0-win32-x64\jre\21.0.10-win32-x86_64\bin\server;C:\Users\wwwsy\AppData\Roaming\Code\User\globalStorage\redhat.java\1.54.0\config_win\org.eclipse.equinox.launcher\org.eclipse.equinox.launcher.win32.win32.x86_64_1.3.0.v20260203-2149;C:\Users\wwwsy\AppData\Local\Temp\jna-113562173;C:\Users\wwwsy\.gradle\native\660c5614fbf4a5f2a75b1949f50a0caf5cd603558e7d8a26e50b933a0cfb79d1\windows-amd64

VM Arguments:
jvm_args: --add-modules=ALL-SYSTEM --add-opens=java.base/java.util=ALL-UNNAMED --add-opens=java.base/java.lang=ALL-UNNAMED --add-opens=java.base/sun.nio.fs=ALL-UNNAMED -Declipse.application=org.eclipse.jdt.ls.core.id1 -Dosgi.bundles.defaultStartLevel=4 -Declipse.product=org.eclipse.jdt.ls.core.product -Djava.import.generatesMetadataFilesAtProjectRoot=false -DDetectVMInstallationsJob.disabled=true -Dfile.encoding=utf8 -XX:+UseParallelGC -XX:GCTimeRatio=4 -XX:AdaptiveSizePolicyWeight=90 -Dsun.zip.disableMemoryMapping=true -Xmx2G -Xms100m -Xlog:disable -javaagent:c:\Users\wwwsy\.vscode\extensions\redhat.java-1.54.0-win32-x64\lombok\lombok-1.18.39-4050.jar -XX:+HeapDumpOnOutOfMemoryError -XX:HeapDumpPath=c:\Users\wwwsy\AppData\Roaming\Code\User\workspaceStorage\19967a0d81c6ff72191a729900264a2a\redhat.java -Daether.dependencyCollector.impl=bf 
java_command: c:\Users\wwwsy\.vscode\extensions\redhat.java-1.54.0-win32-x64\server\plugins\org.eclipse.equinox.launcher_1.7.100.v20251111-0406.jar -configuration c:\Users\wwwsy\AppData\Roaming\Code\User\globalStorage\redhat.java\1.54.0\config_win -data c:\Users\wwwsy\AppData\Roaming\Code\User\workspaceStorage\19967a0d81c6ff72191a729900264a2a\redhat.java\jdt_ws --pipe=\\.\pipe\lsp-d94a03632f5ea38ea59fb51630d2f065-sock
java_class_path (initial): c:\Users\wwwsy\.vscode\extensions\redhat.java-1.54.0-win32-x64\server\plugins\org.eclipse.equinox.launcher_1.7.100.v20251111-0406.jar
Launcher Type: SUN_STANDARD

[Global flags]
    uintx AdaptiveSizePolicyWeight                 = 90                                        {product} {command line}
     intx CICompilerCount                          = 4                                         {product} {ergonomic}
    uintx GCTimeRatio                              = 4                                         {product} {command line}
     bool HeapDumpOnOutOfMemoryError               = true                                   {manageable} {command line}
    ccstr HeapDumpPath                             = c:\Users\wwwsy\AppData\Roaming\Code\User\workspaceStorage\19967a0d81c6ff72191a729900264a2a\redhat.java         {manageable} {command line}
   size_t InitialHeapSize                          = 104857600                                 {product} {command line}
   size_t MaxHeapSize                              = 2147483648                                {product} {command line}
   size_t MaxNewSize                               = 715653120                                 {product} {ergonomic}
   size_t MinHeapDeltaBytes                        = 524288                                    {product} {ergonomic}
   size_t MinHeapSize                              = 104857600                                 {product} {command line}
   size_t NewSize                                  = 34603008                                  {product} {ergonomic}
    uintx NonNMethodCodeHeapSize                   = 5839372                                {pd product} {ergonomic}
    uintx NonProfiledCodeHeapSize                  = 122909434                              {pd product} {ergonomic}
   size_t OldSize                                  = 70254592                                  {product} {ergonomic}
    uintx ProfiledCodeHeapSize                     = 122909434                              {pd product} {ergonomic}
    uintx ReservedCodeCacheSize                    = 251658240                              {pd product} {ergonomic}
     bool SegmentedCodeCache                       = true                                      {product} {ergonomic}
   size_t SoftMaxHeapSize                          = 2147483648                             {manageable} {ergonomic}
     bool UseCompressedOops                        = true                           {product lp64_product} {ergonomic}
     bool UseLargePagesIndividualAllocation        = false                                  {pd product} {ergonomic}
     bool UseParallelGC                            = true                                      {product} {command line}

Logging:
Log output configuration:
 #0: stdout all=off uptime,level,tags foldmultilines=false
 #1: stderr all=off uptime,level,tags foldmultilines=false

Release file:
JAVA_VERSION="21.0.10" 
MODULES="java.base java.compiler java.datatransfer java.xml java.prefs java.desktop java.instrument java.logging java.management java.security.sasl java.naming java.rmi java.management.rmi java.net.http java.scripting java.security.jgss java.transaction.xa java.sql java.sql.rowset java.xml.crypto java.se java.smartcardio jdk.accessibility jdk.internal.jvmstat jdk.attach jdk.charsets jdk.internal.opt jdk.zipfs jdk.compiler jdk.crypto.ec jdk.crypto.cryptoki jdk.crypto.mscapi jdk.dynalink jdk.internal.ed jdk.editpad jdk.hotspot.agent jdk.httpserver jdk.internal.le jdk.internal.vm.ci jdk.internal.vm.compiler jdk.internal.vm.compiler.management jdk.jartool jdk.javadoc jdk.jcmd jdk.management jdk.management.agent jdk.jconsole jdk.jdeps jdk.jdwp.agent jdk.jdi jdk.jfr jdk.jshell jdk.jsobject jdk.jstatd jdk.localedata jdk.management.jfr jdk.naming.dns jdk.naming.rmi jdk.net jdk.nio.mapmode jdk.random jdk.sctp jdk.security.auth jdk.security.jgss jdk.unsupported jdk.unsupported.desktop jdk.xml.dom" 

Environment Variables:
JAVA_HOME=C:\Program Files\Java\jdk-17
PATH=C:\Program Files\Common Files\Oracle\Java\javapath;C:\oraclexe\app\oracle\product\11.2.0\server\bin;C:\Python310\Scripts\;C:\Python310\;C:\Program Files (x86)\Common Files\Oracle\Java\javapath;C:\ProgramData\Oracle\Java\javapath;C:\Windows\system32;C:\Windows;C:\Windows\System32\Wbem;C:\Windows\System32\WindowsPowerShell\v1.0\;C:\Windows\System32\OpenSSH\;C:\Program Files (x86)\NVIDIA Corporation\PhysX\Common;C:\Program Files\Microsoft SQL Server\Client SDK\ODBC\170\Tools\Binn\;C:\Program Files\Java\jdk-13.0.2\bin;C:\Program Files\Microsoft\Web Platform Installer\;C:\Program Files (x86)\Microsoft ASP.NET\ASP.NET Web Pages\v1.0\;C:\Program Files\Microsoft SQL Server\110\Tools\Binn\;c:\Program Files (x86)\Microsoft SQL Server\100\Tools\Binn\;c:\Program Files (x86)\Microsoft SQL Server\100\DTS\Binn\;C:\Program Files (x86)\Microsoft SQL Server\150\Tools\Binn\;C:\Program Files\Microsoft SQL Server\150\Tools\Binn\;C:\Program Files\Microsoft SQL Server\150\DTS\Binn\;C:\Program Files\Azure Data Studio\bin;C:\WINDOWS\system32;C:\WINDOWS;C:\WINDOWS\System32\Wbem;C:\WINDOWS\System32\WindowsPowerShell\v1.0\;C:\WINDOWS\System32\OpenSSH\;C:\MinGW\bin;C:\Program Files\Git\cmd;C:\Python34\Scripts.;C:\Users\wwwsy\AppData\Local\Programs\Python\Python39;C:\Users\wwwsy\AppData\Local\Programs\Python\Python39\Scripts;C:\ProgramData\chocolatey\bin;C:\Users\wwwsy\AppData\Local\atom\app-1.12.6.;C:\Program Files\dotnet\;C:\Program Files\php\;C:\Program Files\MySQL\MySQL Server 8.0\bin;;C:\WINDOWS\system32;C:\WINDOWS;C:\WINDOWS\System32\Wbem;C:\WINDOWS\System32\WindowsPowerShell\v1.0\;C:\WINDOWS\System32\OpenSSH\;C:\Program Files\NVIDIA Corporation\NVIDIA App\NvDLISR;C:\Program Files\nodejs\;C:\Program Files\Java\jdk-17\bin;C:\Program Files\MySQL\MySQL Shell 8.0\bin\;C:\Windows\system32;C:\Windows;C:\Windows\System32\Wbem;C:\Windows\System32\WindowsPowerShell\v1.0\;C:\Windows\System32\OpenSSH\;C:\Program Files (x86)\NVIDIA Corporation\PhysX\Common;C:\Program Files\NVIDIA Corporation\NVIDIA NvDLISR;C:\Program Files\Microsoft SQL Server\130\Tools\Binn\;C:\Program Files\Microsoft SQL Server\Client SDK\ODBC\170\Tools\Binn\;C:\Program Files\Java\jdk-13.0.2\bin;C:\Program Files\Microsoft\Web Platform Installer\;C:\Program Files (x86)\Microsoft ASP.NET\ASP.NET Web Pages\v1.0\;C:\Program Files\Microsoft SQL Server\110\Tools\Binn\;C:\Program Files\dotnet\;c:\Program Files (x86)\Microsoft SQL Server\100\Tools\Binn\;c:\Program Files (x86)\Microsoft SQL Server\100\DTS\Binn\;C:\Program Files (x86)\Microsoft SQL Server\150\Tools\Binn\;C:\Program Files\Microsoft SQL Server\150\Tools\Binn\;C:\Program Files\Microsoft SQL Server\150\DTS\Binn\;C:\Program F;C:\Users\wwwsy\AppData\Local\Microsoft\WindowsApps;C:\Users\wwwsy\AppData\Local\Programs\Microsoft VS Code\bin;C:\Users\wwwsy\AppData\Roaming\npm
USERNAME=wwwsy
OS=Windows_NT
PROCESSOR_IDENTIFIER=AMD64 Family 23 Model 24 Stepping 1, AuthenticAMD
TMP=C:\Users\wwwsy\AppData\Local\Temp
TEMP=C:\Users\wwwsy\AppData\Local\Temp




Periodic native trim disabled

---------------  S Y S T E M  ---------------

OS:
 Windows 11 , 64 bit Build 26100 (10.0.26100.8521)
OS uptime: 0 days 17:46 hours
Hyper-V role detected

CPU: total 8 (initial active 8) (8 cores per cpu, 2 threads per core) family 23 model 24 stepping 1 microcode 0x8108109, cx8, cmov, fxsr, ht, mmx, 3dnowpref, sse, sse2, sse3, ssse3, sse4a, sse4.1, sse4.2, popcnt, lzcnt, tsc, tscinvbit, avx, avx2, aes, clmul, bmi1, bmi2, adx, sha, fma, vzeroupper, clflush, clflushopt, hv, rdtscp, f16c
Processor Information for the first 8 processors :
  Max Mhz: 2100, Current Mhz: 2100, Mhz Limit: 2100

Memory: 4k page, system-wide physical 6079M (652M free)
TotalPageFile size 14271M (AvailPageFile size 5M)
current process WorkingSet (physical memory assigned to process): 92M, peak: 965M
current process commit charge ("private bytes"): 902M, peak: 1179M

vm_info: OpenJDK 64-Bit Server VM (21.0.10+7-LTS) for windows-amd64 JRE (21.0.10+7-LTS), built on 2026-01-20T00:00:00Z by "admin" with MS VC++ 17.12 (VS2022)

END.
