#
# There is insufficient memory for the Java Runtime Environment to continue.
# Native memory allocation (malloc) failed to allocate 561616 bytes. Error detail: Chunk::new
# Possible reasons:
#   The system is out of physical RAM or swap space
#   This process is running with CompressedOops enabled, and the Java Heap may be blocking the growth of the native heap
# Possible solutions:
#   Reduce memory load on the system
#   Increase physical memory or swap space
#   Check if swap backing store is full
#   Decrease Java heap size (-Xmx/-Xms)
#   Decrease number of Java threads
#   Decrease Java thread stack sizes (-Xss)
#   Set larger code cache with -XX:ReservedCodeCacheSize=
#   JVM is running with Unscaled Compressed Oops mode in which the Java heap is
#     placed in the first 4GB address space. The Java Heap base address is the
#     maximum limit for the native heap growth. Please use -XX:HeapBaseMinAddress
#     to set the Java Heap base and to place the Java Heap above 4GB virtual address.
# This output file may be truncated or incomplete.
#
#  Out of Memory Error (arena.cpp:168), pid=14972, tid=3564
#
# JRE version: OpenJDK Runtime Environment Temurin-21.0.10+7 (21.0.10+7) (build 21.0.10+7-LTS)
# Java VM: OpenJDK 64-Bit Server VM Temurin-21.0.10+7 (21.0.10+7-LTS, mixed mode, sharing, tiered, compressed oops, compressed class ptrs, parallel gc, windows-amd64)
# No core dump will be written. Minidumps are not enabled by default on client versions of Windows
#

---------------  S U M M A R Y ------------

Command Line: --add-modules=ALL-SYSTEM --add-opens=java.base/java.util=ALL-UNNAMED --add-opens=java.base/java.lang=ALL-UNNAMED --add-opens=java.base/sun.nio.fs=ALL-UNNAMED -Declipse.application=org.eclipse.jdt.ls.core.id1 -Dosgi.bundles.defaultStartLevel=4 -Declipse.product=org.eclipse.jdt.ls.core.product -Djava.import.generatesMetadataFilesAtProjectRoot=false -DDetectVMInstallationsJob.disabled=true -Dfile.encoding=utf8 -XX:+UseParallelGC -XX:GCTimeRatio=4 -XX:AdaptiveSizePolicyWeight=90 -Dsun.zip.disableMemoryMapping=true -Xmx2G -Xms100m -Xlog:disable -javaagent:c:\Users\wwwsy\.vscode\extensions\redhat.java-1.54.0-win32-x64\lombok\lombok-1.18.39-4050.jar c:\Users\wwwsy\.vscode\extensions\redhat.java-1.54.0-win32-x64\server\plugins\org.eclipse.equinox.launcher_1.7.100.v20251111-0406.jar -configuration c:\Users\wwwsy\AppData\Roaming\Code\User\globalStorage\redhat.java\1.54.0\config_ss_win -data c:\Users\wwwsy\AppData\Roaming\Code\User\workspaceStorage\19967a0d81c6ff72191a729900264a2a\redhat.java\ss_ws --pipe=\\.\pipe\lsp-613fa48866eae993562304ce7b971c4d-sock

Host: AMD Ryzen 5 3550H with Radeon Vega Mobile Gfx  , 8 cores, 5G,  Windows 11 , 64 bit Build 26100 (10.0.26100.8521)
Time: Tue Jun  2 19:23:28 2026 India Standard Time elapsed time: 24.180973 seconds (0d 0h 0m 24s)

---------------  T H R E A D  ---------------

Current thread (0x000001b26254d240):  JavaThread "C2 CompilerThread1" daemon [_thread_in_native, id=3564, stack(0x000000489b900000,0x000000489ba00000) (1024K)]


Current CompileTask:
C2:24181 4433       4       jdk.internal.jrtfs.JrtFileSystem::lambda$iteratorOf$2 (20 bytes)

Stack: [0x000000489b900000,0x000000489ba00000]
Native frames: (J=compiled Java code, j=interpreted, Vv=VM code, C=native code)
V  [jvm.dll+0x6d7a39]
V  [jvm.dll+0x8b4b26]
V  [jvm.dll+0x8b70de]
V  [jvm.dll+0x8b77c3]
V  [jvm.dll+0x284346]
V  [jvm.dll+0xc66ed]
V  [jvm.dll+0xc6c31]
V  [jvm.dll+0x3bec01]
V  [jvm.dll+0x38b162]
V  [jvm.dll+0x38a5aa]
V  [jvm.dll+0x24c560]
V  [jvm.dll+0x24bb40]
V  [jvm.dll+0x1cb34e]
V  [jvm.dll+0x25b85d]
V  [jvm.dll+0x259dea]
V  [jvm.dll+0x3f857e]
V  [jvm.dll+0x85f59d]
V  [jvm.dll+0x6d626d]
C  [ucrtbase.dll+0x2cd30]
C  [KERNEL32.DLL+0x2e957]
C  [ntdll.dll+0x87c1c]


---------------  P R O C E S S  ---------------

Threads class SMR info:
_java_thread_list=0x000001b26333b420, length=38, elements={
0x000001b201debc30, 0x000001b21aa43f60, 0x000001b21aa46f00, 0x000001b21aa4c390,
0x000001b21aa4cdf0, 0x000001b21aa4d850, 0x000001b21aa4f810, 0x000001b21aa55520,
0x000001b25d44b440, 0x000001b25d63a770, 0x000001b25d771980, 0x000001b262846d40,
0x000001b2628ca310, 0x000001b2628cac50, 0x000001b26294c0c0, 0x000001b26236be30,
0x000001b2629c9ac0, 0x000001b25d72b010, 0x000001b25d7068b0, 0x000001b26254d240,
0x000001b25d704e70, 0x000001b25d704150, 0x000001b25d7047e0, 0x000001b25d706220,
0x000001b25d703430, 0x000001b25d703ac0, 0x000001b25d705500, 0x000001b25d705b90,
0x000001b263f64650, 0x000001b263f63fc0, 0x000001b263f64ce0, 0x000001b263f65a00,
0x000001b263f65370, 0x000001b263f66720, 0x000001b263f66090, 0x000001b263f66db0,
0x000001b263f63930, 0x000001b263f67440
}

Java Threads: ( => current thread )
  0x000001b201debc30 JavaThread "main"                              [_thread_blocked, id=10056, stack(0x0000004899c00000,0x0000004899d00000) (1024K)]
  0x000001b21aa43f60 JavaThread "Reference Handler"          daemon [_thread_blocked, id=5764, stack(0x000000489a000000,0x000000489a100000) (1024K)]
  0x000001b21aa46f00 JavaThread "Finalizer"                  daemon [_thread_blocked, id=1064, stack(0x000000489a100000,0x000000489a200000) (1024K)]
  0x000001b21aa4c390 JavaThread "Signal Dispatcher"          daemon [_thread_blocked, id=13084, stack(0x000000489a200000,0x000000489a300000) (1024K)]
  0x000001b21aa4cdf0 JavaThread "Attach Listener"            daemon [_thread_blocked, id=5632, stack(0x000000489a300000,0x000000489a400000) (1024K)]
  0x000001b21aa4d850 JavaThread "Service Thread"             daemon [_thread_blocked, id=2424, stack(0x000000489a400000,0x000000489a500000) (1024K)]
  0x000001b21aa4f810 JavaThread "Monitor Deflation Thread"   daemon [_thread_blocked, id=16664, stack(0x000000489a500000,0x000000489a600000) (1024K)]
  0x000001b21aa55520 JavaThread "C2 CompilerThread0"         daemon [_thread_in_vm, id=5608, stack(0x000000489a600000,0x000000489a700000) (1024K)]
  0x000001b25d44b440 JavaThread "C1 CompilerThread0"         daemon [_thread_blocked, id=6248, stack(0x000000489a700000,0x000000489a800000) (1024K)]
  0x000001b25d63a770 JavaThread "Common-Cleaner"             daemon [_thread_blocked, id=6536, stack(0x000000489a900000,0x000000489aa00000) (1024K)]
  0x000001b25d771980 JavaThread "Notification Thread"        daemon [_thread_blocked, id=14952, stack(0x000000489a800000,0x000000489a900000) (1024K)]
  0x000001b262846d40 JavaThread "Active Thread: Equinox Container: a2e63759-c16b-4185-97e4-51813046af96"        [_thread_blocked, id=10104, stack(0x000000489aa00000,0x000000489ab00000) (1024K)]
  0x000001b2628ca310 JavaThread "Framework Event Dispatcher: Equinox Container: a2e63759-c16b-4185-97e4-51813046af96" daemon [_thread_blocked, id=14924, stack(0x000000489b100000,0x000000489b200000) (1024K)]
  0x000001b2628cac50 JavaThread "Start Level: Equinox Container: a2e63759-c16b-4185-97e4-51813046af96" daemon [_thread_blocked, id=8056, stack(0x000000489b200000,0x000000489b300000) (1024K)]
  0x000001b26294c0c0 JavaThread "SCR Component Actor"        daemon [_thread_blocked, id=8004, stack(0x000000489b400000,0x000000489b500000) (1024K)]
  0x000001b26236be30 JavaThread "Worker-JM"                         [_thread_blocked, id=2780, stack(0x000000489b500000,0x000000489b600000) (1024K)]
  0x000001b2629c9ac0 JavaThread "JNA Cleaner"                daemon [_thread_blocked, id=7696, stack(0x000000489b600000,0x000000489b700000) (1024K)]
  0x000001b25d72b010 JavaThread "Worker-0"                          [_thread_blocked, id=3604, stack(0x000000489b700000,0x000000489b800000) (1024K)]
  0x000001b25d7068b0 JavaThread "Worker-1"                          [_thread_blocked, id=8532, stack(0x000000489b800000,0x000000489b900000) (1024K)]
=>0x000001b26254d240 JavaThread "C2 CompilerThread1"         daemon [_thread_in_native, id=3564, stack(0x000000489b900000,0x000000489ba00000) (1024K)]
  0x000001b25d704e70 JavaThread "Thread-1"                   daemon [_thread_in_native, id=10584, stack(0x000000489bc00000,0x000000489bd00000) (1024K)]
  0x000001b25d704150 JavaThread "Thread-2"                   daemon [_thread_in_native, id=3780, stack(0x000000489bd00000,0x000000489be00000) (1024K)]
  0x000001b25d7047e0 JavaThread "Thread-3"                   daemon [_thread_in_native, id=2464, stack(0x000000489be00000,0x000000489bf00000) (1024K)]
  0x000001b25d706220 JavaThread "Thread-4"                   daemon [_thread_in_native, id=5508, stack(0x000000489bf00000,0x000000489c000000) (1024K)]
  0x000001b25d703430 JavaThread "Thread-5"                   daemon [_thread_in_native, id=15368, stack(0x000000489c000000,0x000000489c100000) (1024K)]
  0x000001b25d703ac0 JavaThread "Thread-6"                   daemon [_thread_in_native, id=13416, stack(0x000000489c100000,0x000000489c200000) (1024K)]
  0x000001b25d705500 JavaThread "Thread-7"                   daemon [_thread_in_native, id=828, stack(0x000000489c200000,0x000000489c300000) (1024K)]
  0x000001b25d705b90 JavaThread "Thread-8"                   daemon [_thread_in_native, id=14260, stack(0x000000489c300000,0x000000489c400000) (1024K)]
  0x000001b263f64650 JavaThread "Thread-9"                   daemon [_thread_in_native, id=4540, stack(0x000000489c400000,0x000000489c500000) (1024K)]
  0x000001b263f63fc0 JavaThread "pool-2-thread-1"                   [_thread_blocked, id=13056, stack(0x000000489c500000,0x000000489c600000) (1024K)]
  0x000001b263f64ce0 JavaThread "Worker-2"                          [_thread_blocked, id=14664, stack(0x000000489c600000,0x000000489c700000) (1024K)]
  0x000001b263f65a00 JavaThread "WorkspaceEventsHandler"            [_thread_blocked, id=8124, stack(0x000000489c700000,0x000000489c800000) (1024K)]
  0x000001b263f65370 JavaThread "pool-1-thread-1"                   [_thread_blocked, id=11632, stack(0x000000489c800000,0x000000489c900000) (1024K)]
  0x000001b263f66720 JavaThread "Worker-3"                          [_thread_blocked, id=10160, stack(0x000000489c900000,0x000000489ca00000) (1024K)]
  0x000001b263f66090 JavaThread "ForkJoinPool.commonPool-worker-1" daemon [_thread_in_native, id=16712, stack(0x000000489ca00000,0x000000489cb00000) (1024K)]
  0x000001b263f66db0 JavaThread "ForkJoinPool.commonPool-worker-2" daemon [_thread_blocked, id=15676, stack(0x000000489cb00000,0x000000489cc00000) (1024K)]
  0x000001b263f63930 JavaThread "ForkJoinPool.commonPool-worker-3" daemon [_thread_blocked, id=4464, stack(0x000000489cc00000,0x000000489cd00000) (1024K)]
  0x000001b263f67440 JavaThread "ForkJoinPool.commonPool-worker-4" daemon [_thread_blocked, id=7664, stack(0x000000489cd00000,0x000000489ce00000) (1024K)]
Total: 38

Other Threads:
  0x000001b202453c10 VMThread "VM Thread"                           [id=6448, stack(0x0000004899f00000,0x000000489a000000) (1024K)]
  0x000001b21a95ba00 WatcherThread "VM Periodic Task Thread"        [id=12820, stack(0x0000004899e00000,0x0000004899f00000) (1024K)]
  0x000001b2023ccb50 WorkerThread "GC Thread#0"                     [id=2472, stack(0x0000004899d00000,0x0000004899e00000) (1024K)]
  0x000001b262502440 WorkerThread "GC Thread#1"                     [id=13428, stack(0x000000489ab00000,0x000000489ac00000) (1024K)]
  0x000001b2626fea50 WorkerThread "GC Thread#2"                     [id=12548, stack(0x000000489ac00000,0x000000489ad00000) (1024K)]
  0x000001b2626fee00 WorkerThread "GC Thread#3"                     [id=13384, stack(0x000000489ad00000,0x000000489ae00000) (1024K)]
  0x000001b2624fd6b0 WorkerThread "GC Thread#4"                     [id=8512, stack(0x000000489ae00000,0x000000489af00000) (1024K)]
  0x000001b2624fda60 WorkerThread "GC Thread#5"                     [id=14280, stack(0x000000489af00000,0x000000489b000000) (1024K)]
  0x000001b2624fde10 WorkerThread "GC Thread#6"                     [id=2792, stack(0x000000489b000000,0x000000489b100000) (1024K)]
  0x000001b26292b8f0 WorkerThread "GC Thread#7"                     [id=8472, stack(0x000000489b300000,0x000000489b400000) (1024K)]
Total: 10

Threads with active compile tasks:
C2 CompilerThread0  28409 4637       4       jdk.internal.jimage.ImageReader$SharedImageReader::lambda$handleModulesSubTree$1 (43 bytes)
C2 CompilerThread1  28410 4433       4       jdk.internal.jrtfs.JrtFileSystem::lambda$iteratorOf$2 (20 bytes)
Total: 2

VM state: not at safepoint (normal execution)

VM Mutex/Monitor currently owned by a thread: None

Heap address: 0x0000000080000000, size: 2048 MB, Compressed Oops mode: 32-bit

CDS archive(s) mapped at: [0x000001b21b000000-0x000001b21bba0000-0x000001b21bba0000), size 12189696, SharedBaseAddress: 0x000001b21b000000, ArchiveRelocationMode: 1.
Compressed class space mapped at: 0x000001b21c000000-0x000001b25c000000, reserved size: 1073741824
Narrow klass base: 0x000001b21b000000, Narrow klass shift: 0, Narrow klass range: 0x100000000

GC Precious Log:
 CardTable entry size: 512
 CPUs: 8 total, 8 available
 Memory: 6079M
 Large Page Support: Disabled
 NUMA Support: Disabled
 Compressed Oops: Enabled (32-bit)
 Alignments: Space 512K, Generation 512K, Heap 2M
 Heap Min Capacity: 100M
 Heap Initial Capacity: 100M
 Heap Max Capacity: 2G
 Pre-touch: Disabled
 Parallel Workers: 8

Heap:
 PSYoungGen      total 24576K, used 6585K [0x00000000d5580000, 0x00000000d7080000, 0x0000000100000000)
  eden space 22016K, 29% used [0x00000000d5580000,0x00000000d5bee738,0x00000000d6b00000)
  from space 2560K, 0% used [0x00000000d6e00000,0x00000000d6e00000,0x00000000d7080000)
  to   space 2560K, 0% used [0x00000000d6b00000,0x00000000d6b00000,0x00000000d6d80000)
 ParOldGen       total 68608K, used 27764K [0x0000000080000000, 0x0000000084300000, 0x00000000d5580000)
  object space 68608K, 40% used [0x0000000080000000,0x0000000081b1d0e8,0x0000000084300000)
 Metaspace       used 34656K, committed 35712K, reserved 1114112K
  class space    used 3575K, committed 4032K, reserved 1048576K

Card table byte_map: [0x000001b215dc0000,0x000001b2161d0000] _byte_map_base: 0x000001b2159c0000

Marking Bits: (ParMarkBitMap*) 0x00007ff836aa3450
 Begin Bits: [0x000001b216480000, 0x000001b218480000)
 End Bits:   [0x000001b218480000, 0x000001b21a480000)

Polling page: 0x000001b202110000

Metaspace:

Usage:
  Non-class:     30.35 MB used.
      Class:      3.49 MB used.
       Both:     33.84 MB used.

Virtual space:
  Non-class space:       64.00 MB reserved,      30.94 MB ( 48%) committed,  1 nodes.
      Class space:        1.00 GB reserved,       3.94 MB ( <1%) committed,  1 nodes.
             Both:        1.06 GB reserved,      34.88 MB (  3%) committed. 

Chunk freelists:
   Non-Class:  797.00 KB
       Class:  12.12 MB
        Both:  12.89 MB

MaxMetaspaceSize: unlimited
CompressedClassSpaceSize: 1.00 GB
Initial GC threshold: 21.00 MB
Current GC threshold: 58.12 MB
CDS: on
 - commit_granule_bytes: 65536.
 - commit_granule_words: 8192.
 - virtual_space_node_default_size: 8388608.
 - enlarge_chunks_in_place: 1.
 - use_allocation_guard: 0.


Internal statistics:

num_allocs_failed_limit: 6.
num_arena_births: 826.
num_arena_deaths: 148.
num_vsnodes_births: 2.
num_vsnodes_deaths: 0.
num_space_committed: 560.
num_space_uncommitted: 2.
num_chunks_returned_to_freelist: 218.
num_chunks_taken_from_freelist: 2338.
num_chunk_merges: 68.
num_chunk_splits: 1443.
num_chunks_enlarged: 840.
num_inconsistent_stats: 0.

CodeHeap 'non-profiled nmethods': size=120000Kb used=2048Kb max_used=2209Kb free=117951Kb
 bounds [0x000001b20e6b0000, 0x000001b20e920000, 0x000001b215be0000]
CodeHeap 'profiled nmethods': size=120000Kb used=8203Kb max_used=9054Kb free=111796Kb
 bounds [0x000001b206be0000, 0x000001b2074c0000, 0x000001b20e110000]
CodeHeap 'non-nmethods': size=5760Kb used=1367Kb max_used=1414Kb free=4392Kb
 bounds [0x000001b20e110000, 0x000001b20e380000, 0x000001b20e6b0000]
CodeCache: size=245760Kb, used=11618Kb, max_used=12677Kb, free=234139Kb
 total_blobs=4941, nmethods=4278, adapters=569, full_count=0
Compilation: enabled, stopped_count=0, restarted_count=0

Compilation events (20 events):
Event: 22.156 Thread 0x000001b25d44b440 nmethod 4667 0x000001b2074b5e10 code [0x000001b2074b5fc0, 0x000001b2074b60f0]
Event: 22.156 Thread 0x000001b25d44b440 4652       2       org.eclipse.jdt.internal.compiler.util.ObjectVector::elementAt (7 bytes)
Event: 22.156 Thread 0x000001b25d44b440 nmethod 4652 0x000001b2074b6190 code [0x000001b2074b6320, 0x000001b2074b6450]
Event: 22.156 Thread 0x000001b25d44b440 4658       1       org.eclipse.jdt.internal.compiler.classfmt.ModuleInfo$ModuleReferenceInfo::name (5 bytes)
Event: 22.156 Thread 0x000001b25d44b440 nmethod 4658 0x000001b20e8d7910 code [0x000001b20e8d7aa0, 0x000001b20e8d7b68]
Event: 22.156 Thread 0x000001b25d44b440 4651       1       org.eclipse.jdt.internal.compiler.util.ObjectVector::size (5 bytes)
Event: 22.156 Thread 0x000001b25d44b440 nmethod 4651 0x000001b20e8d7c10 code [0x000001b20e8d7da0, 0x000001b20e8d7e68]
Event: 22.157 Thread 0x000001b25d44b440 4655       2       jdk.internal.jrtfs.JrtPath::match (50 bytes)
Event: 22.157 Thread 0x000001b25d44b440 nmethod 4655 0x000001b2074b6510 code [0x000001b2074b66c0, 0x000001b2074b6870]
Event: 22.157 Thread 0x000001b25d44b440 4670       1       org.eclipse.jdt.internal.compiler.impl.JavaFeature::getCompliance (5 bytes)
Event: 22.157 Thread 0x000001b25d44b440 nmethod 4670 0x000001b20e8d7f10 code [0x000001b20e8d80a0, 0x000001b20e8d8168]
Event: 22.157 Thread 0x000001b25d44b440 4648       2       org.eclipse.jdt.internal.compiler.classfmt.ClassFileReader::getConstantClassNameAt (33 bytes)
Event: 22.157 Thread 0x000001b25d44b440 nmethod 4648 0x000001b2074b6910 code [0x000001b2074b6ac0, 0x000001b2074b6d10]
Event: 22.157 Thread 0x000001b25d44b440 4650   !   2       org.eclipse.jdt.internal.core.JarPackageFragmentRoot::getClassFilePath (48 bytes)
Event: 22.158 Thread 0x000001b25d44b440 nmethod 4650 0x000001b2074b6f10 code [0x000001b2074b7100, 0x000001b2074b7408]
Event: 22.158 Thread 0x000001b25d44b440 4663       1       org.eclipse.jdt.internal.core.ClasspathEntry::getOutputLocation (5 bytes)
Event: 22.158 Thread 0x000001b25d44b440 nmethod 4663 0x000001b20e8d8210 code [0x000001b20e8d83a0, 0x000001b20e8d8468]
Event: 22.158 Thread 0x000001b25d44b440 4664       2       org.eclipse.jdt.internal.compiler.classfmt.ModuleInfo$ModuleReferenceInfo::hashCode (8 bytes)
Event: 22.158 Thread 0x000001b25d44b440 nmethod 4664 0x000001b2074b7690 code [0x000001b2074b7840, 0x000001b2074b7960]
Event: 22.158 Thread 0x000001b25d44b440 4647       2       org.eclipse.jdt.core.JavaConventions::validateClassFileName (157 bytes)

GC Heap History (20 events):
Event: 16.081 GC heap after
{Heap after GC invocations=8 (full 1):
 PSYoungGen      total 27648K, used 2592K [0x00000000d5580000, 0x00000000d7480000, 0x0000000100000000)
  eden space 24576K, 0% used [0x00000000d5580000,0x00000000d5580000,0x00000000d6d80000)
  from space 3072K, 84% used [0x00000000d6e80000,0x00000000d7108008,0x00000000d7180000)
  to   space 3072K, 0% used [0x00000000d7180000,0x00000000d7180000,0x00000000d7480000)
 ParOldGen       total 68608K, used 8950K [0x0000000080000000, 0x0000000084300000, 0x00000000d5580000)
  object space 68608K, 13% used [0x0000000080000000,0x00000000808bd9c8,0x0000000084300000)
 Metaspace       used 23161K, committed 23808K, reserved 1114112K
  class space    used 2249K, committed 2560K, reserved 1048576K
}
Event: 16.991 GC heap before
{Heap before GC invocations=9 (full 1):
 PSYoungGen      total 27648K, used 27168K [0x00000000d5580000, 0x00000000d7480000, 0x0000000100000000)
  eden space 24576K, 100% used [0x00000000d5580000,0x00000000d6d80000,0x00000000d6d80000)
  from space 3072K, 84% used [0x00000000d6e80000,0x00000000d7108008,0x00000000d7180000)
  to   space 3072K, 0% used [0x00000000d7180000,0x00000000d7180000,0x00000000d7480000)
 ParOldGen       total 68608K, used 8950K [0x0000000080000000, 0x0000000084300000, 0x00000000d5580000)
  object space 68608K, 13% used [0x0000000080000000,0x00000000808bd9c8,0x0000000084300000)
 Metaspace       used 26876K, committed 27776K, reserved 1114112K
  class space    used 2658K, committed 3072K, reserved 1048576K
}
Event: 16.996 GC heap after
{Heap after GC invocations=9 (full 1):
 PSYoungGen      total 26624K, used 3059K [0x00000000d5580000, 0x00000000d7700000, 0x0000000100000000)
  eden space 23552K, 0% used [0x00000000d5580000,0x00000000d5580000,0x00000000d6c80000)
  from space 3072K, 99% used [0x00000000d7180000,0x00000000d747cec0,0x00000000d7480000)
  to   space 5120K, 0% used [0x00000000d6c80000,0x00000000d6c80000,0x00000000d7180000)
 ParOldGen       total 68608K, used 10407K [0x0000000080000000, 0x0000000084300000, 0x00000000d5580000)
  object space 68608K, 15% used [0x0000000080000000,0x0000000080a29f58,0x0000000084300000)
 Metaspace       used 26876K, committed 27776K, reserved 1114112K
  class space    used 2658K, committed 3072K, reserved 1048576K
}
Event: 17.759 GC heap before
{Heap before GC invocations=10 (full 1):
 PSYoungGen      total 26624K, used 26611K [0x00000000d5580000, 0x00000000d7700000, 0x0000000100000000)
  eden space 23552K, 100% used [0x00000000d5580000,0x00000000d6c80000,0x00000000d6c80000)
  from space 3072K, 99% used [0x00000000d7180000,0x00000000d747cec0,0x00000000d7480000)
  to   space 5120K, 0% used [0x00000000d6c80000,0x00000000d6c80000,0x00000000d7180000)
 ParOldGen       total 68608K, used 10407K [0x0000000080000000, 0x0000000084300000, 0x00000000d5580000)
  object space 68608K, 15% used [0x0000000080000000,0x0000000080a29f58,0x0000000084300000)
 Metaspace       used 29884K, committed 30720K, reserved 1114112K
  class space    used 3006K, committed 3392K, reserved 1048576K
}
Event: 17.764 GC heap after
{Heap after GC invocations=10 (full 1):
 PSYoungGen      total 27648K, used 4353K [0x00000000d5580000, 0x00000000d7500000, 0x0000000100000000)
  eden space 23040K, 0% used [0x00000000d5580000,0x00000000d5580000,0x00000000d6c00000)
  from space 4608K, 94% used [0x00000000d6c80000,0x00000000d70c06e8,0x00000000d7100000)
  to   space 4096K, 0% used [0x00000000d7100000,0x00000000d7100000,0x00000000d7500000)
 ParOldGen       total 68608K, used 10415K [0x0000000080000000, 0x0000000084300000, 0x00000000d5580000)
  object space 68608K, 15% used [0x0000000080000000,0x0000000080a2bf58,0x0000000084300000)
 Metaspace       used 29884K, committed 30720K, reserved 1114112K
  class space    used 3006K, committed 3392K, reserved 1048576K
}
Event: 19.420 GC heap before
{Heap before GC invocations=11 (full 1):
 PSYoungGen      total 27648K, used 27393K [0x00000000d5580000, 0x00000000d7500000, 0x0000000100000000)
  eden space 23040K, 100% used [0x00000000d5580000,0x00000000d6c00000,0x00000000d6c00000)
  from space 4608K, 94% used [0x00000000d6c80000,0x00000000d70c06e8,0x00000000d7100000)
  to   space 4096K, 0% used [0x00000000d7100000,0x00000000d7100000,0x00000000d7500000)
 ParOldGen       total 68608K, used 10415K [0x0000000080000000, 0x0000000084300000, 0x00000000d5580000)
  object space 68608K, 15% used [0x0000000080000000,0x0000000080a2bf90,0x0000000084300000)
 Metaspace       used 32657K, committed 33536K, reserved 1114112K
  class space    used 3311K, committed 3712K, reserved 1048576K
}
Event: 19.426 GC heap after
{Heap after GC invocations=11 (full 1):
 PSYoungGen      total 26112K, used 2790K [0x00000000d5580000, 0x00000000d7400000, 0x0000000100000000)
  eden space 23040K, 0% used [0x00000000d5580000,0x00000000d5580000,0x00000000d6c00000)
  from space 3072K, 90% used [0x00000000d7100000,0x00000000d73b9a70,0x00000000d7400000)
  to   space 3584K, 0% used [0x00000000d6d00000,0x00000000d6d00000,0x00000000d7080000)
 ParOldGen       total 68608K, used 13392K [0x0000000080000000, 0x0000000084300000, 0x00000000d5580000)
  object space 68608K, 19% used [0x0000000080000000,0x0000000080d140c8,0x0000000084300000)
 Metaspace       used 32657K, committed 33536K, reserved 1114112K
  class space    used 3311K, committed 3712K, reserved 1048576K
}
Event: 19.610 GC heap before
{Heap before GC invocations=12 (full 1):
 PSYoungGen      total 26112K, used 25830K [0x00000000d5580000, 0x00000000d7400000, 0x0000000100000000)
  eden space 23040K, 100% used [0x00000000d5580000,0x00000000d6c00000,0x00000000d6c00000)
  from space 3072K, 90% used [0x00000000d7100000,0x00000000d73b9a70,0x00000000d7400000)
  to   space 3584K, 0% used [0x00000000d6d00000,0x00000000d6d00000,0x00000000d7080000)
 ParOldGen       total 68608K, used 13394K [0x0000000080000000, 0x0000000084300000, 0x00000000d5580000)
  object space 68608K, 19% used [0x0000000080000000,0x0000000080d14880,0x0000000084300000)
 Metaspace       used 33355K, committed 34368K, reserved 1114112K
  class space    used 3414K, committed 3840K, reserved 1048576K
}
Event: 19.614 GC heap after
{Heap after GC invocations=12 (full 1):
 PSYoungGen      total 25088K, used 2296K [0x00000000d5580000, 0x00000000d7180000, 0x0000000100000000)
  eden space 22528K, 0% used [0x00000000d5580000,0x00000000d5580000,0x00000000d6b80000)
  from space 2560K, 89% used [0x00000000d6d00000,0x00000000d6f3e2f8,0x00000000d6f80000)
  to   space 2048K, 0% used [0x00000000d6f80000,0x00000000d6f80000,0x00000000d7180000)
 ParOldGen       total 68608K, used 15960K [0x0000000080000000, 0x0000000084300000, 0x00000000d5580000)
  object space 68608K, 23% used [0x0000000080000000,0x0000000080f96170,0x0000000084300000)
 Metaspace       used 33355K, committed 34368K, reserved 1114112K
  class space    used 3414K, committed 3840K, reserved 1048576K
}
Event: 19.754 GC heap before
{Heap before GC invocations=13 (full 1):
 PSYoungGen      total 25088K, used 24824K [0x00000000d5580000, 0x00000000d7180000, 0x0000000100000000)
  eden space 22528K, 100% used [0x00000000d5580000,0x00000000d6b80000,0x00000000d6b80000)
  from space 2560K, 89% used [0x00000000d6d00000,0x00000000d6f3e2f8,0x00000000d6f80000)
  to   space 2048K, 0% used [0x00000000d6f80000,0x00000000d6f80000,0x00000000d7180000)
 ParOldGen       total 68608K, used 15960K [0x0000000080000000, 0x0000000084300000, 0x00000000d5580000)
  object space 68608K, 23% used [0x0000000080000000,0x0000000080f96170,0x0000000084300000)
 Metaspace       used 34057K, committed 35136K, reserved 1114112K
  class space    used 3525K, committed 3968K, reserved 1048576K
}
Event: 21.758 GC heap after
{Heap after GC invocations=13 (full 1):
 PSYoungGen      total 24576K, used 2033K [0x00000000d5580000, 0x00000000d7180000, 0x0000000100000000)
  eden space 22528K, 0% used [0x00000000d5580000,0x00000000d5580000,0x00000000d6b80000)
  from space 2048K, 99% used [0x00000000d6f80000,0x00000000d717c470,0x00000000d7180000)
  to   space 2560K, 0% used [0x00000000d6d00000,0x00000000d6d00000,0x00000000d6f80000)
 ParOldGen       total 68608K, used 18691K [0x0000000080000000, 0x0000000084300000, 0x00000000d5580000)
  object space 68608K, 27% used [0x0000000080000000,0x0000000081240d60,0x0000000084300000)
 Metaspace       used 34057K, committed 35136K, reserved 1114112K
  class space    used 3525K, committed 3968K, reserved 1048576K
}
Event: 21.859 GC heap before
{Heap before GC invocations=14 (full 1):
 PSYoungGen      total 24576K, used 24561K [0x00000000d5580000, 0x00000000d7180000, 0x0000000100000000)
  eden space 22528K, 100% used [0x00000000d5580000,0x00000000d6b80000,0x00000000d6b80000)
  from space 2048K, 99% used [0x00000000d6f80000,0x00000000d717c470,0x00000000d7180000)
  to   space 2560K, 0% used [0x00000000d6d00000,0x00000000d6d00000,0x00000000d6f80000)
 ParOldGen       total 68608K, used 18691K [0x0000000080000000, 0x0000000084300000, 0x00000000d5580000)
  object space 68608K, 27% used [0x0000000080000000,0x0000000081240d60,0x0000000084300000)
 Metaspace       used 34384K, committed 35456K, reserved 1114112K
  class space    used 3563K, committed 4032K, reserved 1048576K
}
Event: 21.865 GC heap after
{Heap after GC invocations=14 (full 1):
 PSYoungGen      total 24576K, used 2530K [0x00000000d5580000, 0x00000000d7400000, 0x0000000100000000)
  eden space 22016K, 0% used [0x00000000d5580000,0x00000000d5580000,0x00000000d6b00000)
  from space 2560K, 98% used [0x00000000d6d00000,0x00000000d6f78810,0x00000000d6f80000)
  to   space 4608K, 0% used [0x00000000d6f80000,0x00000000d6f80000,0x00000000d7400000)
 ParOldGen       total 68608K, used 20688K [0x0000000080000000, 0x0000000084300000, 0x00000000d5580000)
  object space 68608K, 30% used [0x0000000080000000,0x0000000081434170,0x0000000084300000)
 Metaspace       used 34384K, committed 35456K, reserved 1114112K
  class space    used 3563K, committed 4032K, reserved 1048576K
}
Event: 21.935 GC heap before
{Heap before GC invocations=15 (full 1):
 PSYoungGen      total 24576K, used 24546K [0x00000000d5580000, 0x00000000d7400000, 0x0000000100000000)
  eden space 22016K, 100% used [0x00000000d5580000,0x00000000d6b00000,0x00000000d6b00000)
  from space 2560K, 98% used [0x00000000d6d00000,0x00000000d6f78810,0x00000000d6f80000)
  to   space 4608K, 0% used [0x00000000d6f80000,0x00000000d6f80000,0x00000000d7400000)
 ParOldGen       total 68608K, used 20688K [0x0000000080000000, 0x0000000084300000, 0x00000000d5580000)
  object space 68608K, 30% used [0x0000000080000000,0x0000000081434170,0x0000000084300000)
 Metaspace       used 34443K, committed 35520K, reserved 1114112K
  class space    used 3565K, committed 4032K, reserved 1048576K
}
Event: 21.938 GC heap after
{Heap after GC invocations=15 (full 1):
 PSYoungGen      total 24576K, used 2468K [0x00000000d5580000, 0x00000000d7200000, 0x0000000100000000)
  eden space 22016K, 0% used [0x00000000d5580000,0x00000000d5580000,0x00000000d6b00000)
  from space 2560K, 96% used [0x00000000d6f80000,0x00000000d71e9000,0x00000000d7200000)
  to   space 3584K, 0% used [0x00000000d6b00000,0x00000000d6b00000,0x00000000d6e80000)
 ParOldGen       total 68608K, used 23066K [0x0000000080000000, 0x0000000084300000, 0x00000000d5580000)
  object space 68608K, 33% used [0x0000000080000000,0x0000000081686840,0x0000000084300000)
 Metaspace       used 34443K, committed 35520K, reserved 1114112K
  class space    used 3565K, committed 4032K, reserved 1048576K
}
Event: 22.050 GC heap before
{Heap before GC invocations=16 (full 1):
 PSYoungGen      total 24576K, used 24484K [0x00000000d5580000, 0x00000000d7200000, 0x0000000100000000)
  eden space 22016K, 100% used [0x00000000d5580000,0x00000000d6b00000,0x00000000d6b00000)
  from space 2560K, 96% used [0x00000000d6f80000,0x00000000d71e9000,0x00000000d7200000)
  to   space 3584K, 0% used [0x00000000d6b00000,0x00000000d6b00000,0x00000000d6e80000)
 ParOldGen       total 68608K, used 23066K [0x0000000080000000, 0x0000000084300000, 0x00000000d5580000)
  object space 68608K, 33% used [0x0000000080000000,0x0000000081686840,0x0000000084300000)
 Metaspace       used 34618K, committed 35648K, reserved 1114112K
  class space    used 3571K, committed 4032K, reserved 1048576K
}
Event: 22.055 GC heap after
{Heap after GC invocations=16 (full 1):
 PSYoungGen      total 24576K, used 2464K [0x00000000d5580000, 0x00000000d7100000, 0x0000000100000000)
  eden space 22016K, 0% used [0x00000000d5580000,0x00000000d5580000,0x00000000d6b00000)
  from space 2560K, 96% used [0x00000000d6b00000,0x00000000d6d68010,0x00000000d6d80000)
  to   space 3072K, 0% used [0x00000000d6e00000,0x00000000d6e00000,0x00000000d7100000)
 ParOldGen       total 68608K, used 25394K [0x0000000080000000, 0x0000000084300000, 0x00000000d5580000)
  object space 68608K, 37% used [0x0000000080000000,0x00000000818cc8b8,0x0000000084300000)
 Metaspace       used 34618K, committed 35648K, reserved 1114112K
  class space    used 3571K, committed 4032K, reserved 1048576K
}
Event: 22.158 GC heap before
{Heap before GC invocations=17 (full 1):
 PSYoungGen      total 24576K, used 23449K [0x00000000d5580000, 0x00000000d7100000, 0x0000000100000000)
  eden space 22016K, 95% used [0x00000000d5580000,0x00000000d69fe7d0,0x00000000d6b00000)
  from space 2560K, 96% used [0x00000000d6b00000,0x00000000d6d68010,0x00000000d6d80000)
  to   space 3072K, 0% used [0x00000000d6e00000,0x00000000d6e00000,0x00000000d7100000)
 ParOldGen       total 68608K, used 25394K [0x0000000080000000, 0x0000000084300000, 0x00000000d5580000)
  object space 68608K, 37% used [0x0000000080000000,0x00000000818cc8b8,0x0000000084300000)
 Metaspace       used 34830K, committed 35840K, reserved 1114112K
  class space    used 3580K, committed 4032K, reserved 1048576K
}
Event: 22.164 GC heap after
{Heap after GC invocations=17 (full 1):
 PSYoungGen      total 24576K, used 2072K [0x00000000d5580000, 0x00000000d7080000, 0x0000000100000000)
  eden space 22016K, 0% used [0x00000000d5580000,0x00000000d5580000,0x00000000d6b00000)
  from space 2560K, 80% used [0x00000000d6e00000,0x00000000d7006200,0x00000000d7080000)
  to   space 2560K, 0% used [0x00000000d6b00000,0x00000000d6b00000,0x00000000d6d80000)
 ParOldGen       total 68608K, used 27794K [0x0000000080000000, 0x0000000084300000, 0x00000000d5580000)
  object space 68608K, 40% used [0x0000000080000000,0x0000000081b248c8,0x0000000084300000)
 Metaspace       used 34830K, committed 35840K, reserved 1114112K
  class space    used 3580K, committed 4032K, reserved 1048576K
}
Event: 22.164 GC heap before
{Heap before GC invocations=18 (full 2):
 PSYoungGen      total 24576K, used 2072K [0x00000000d5580000, 0x00000000d7080000, 0x0000000100000000)
  eden space 22016K, 0% used [0x00000000d5580000,0x00000000d5580000,0x00000000d6b00000)
  from space 2560K, 80% used [0x00000000d6e00000,0x00000000d7006200,0x00000000d7080000)
  to   space 2560K, 0% used [0x00000000d6b00000,0x00000000d6b00000,0x00000000d6d80000)
 ParOldGen       total 68608K, used 27794K [0x0000000080000000, 0x0000000084300000, 0x00000000d5580000)
  object space 68608K, 40% used [0x0000000080000000,0x0000000081b248c8,0x0000000084300000)
 Metaspace       used 34830K, committed 35840K, reserved 1114112K
  class space    used 3580K, committed 4032K, reserved 1048576K
}

Dll operation events (10 events):
Event: 0.025 Loaded shared library c:\Users\wwwsy\.vscode\extensions\redhat.java-1.54.0-win32-x64\jre\21.0.10-win32-x86_64\bin\java.dll
Event: 0.236 Loaded shared library c:\Users\wwwsy\.vscode\extensions\redhat.java-1.54.0-win32-x64\jre\21.0.10-win32-x86_64\bin\zip.dll
Event: 0.291 Loaded shared library C:\Users\wwwsy\.vscode\extensions\redhat.java-1.54.0-win32-x64\jre\21.0.10-win32-x86_64\bin\instrument.dll
Event: 0.309 Loaded shared library C:\Users\wwwsy\.vscode\extensions\redhat.java-1.54.0-win32-x64\jre\21.0.10-win32-x86_64\bin\net.dll
Event: 0.317 Loaded shared library C:\Users\wwwsy\.vscode\extensions\redhat.java-1.54.0-win32-x64\jre\21.0.10-win32-x86_64\bin\nio.dll
Event: 0.325 Loaded shared library C:\Users\wwwsy\.vscode\extensions\redhat.java-1.54.0-win32-x64\jre\21.0.10-win32-x86_64\bin\zip.dll
Event: 0.358 Loaded shared library C:\Users\wwwsy\.vscode\extensions\redhat.java-1.54.0-win32-x64\jre\21.0.10-win32-x86_64\bin\jimage.dll
Event: 0.705 Loaded shared library c:\Users\wwwsy\.vscode\extensions\redhat.java-1.54.0-win32-x64\jre\21.0.10-win32-x86_64\bin\verify.dll
Event: 12.943 Loaded shared library C:\Users\wwwsy\AppData\Roaming\Code\User\globalStorage\redhat.java\1.54.0\config_ss_win\org.eclipse.equinox.launcher\org.eclipse.equinox.launcher.win32.win32.x86_64_1.3.0.v20260203-2149\eclipse_11919.dll
Event: 14.539 Loaded shared library C:\Users\wwwsy\AppData\Local\Temp\jna-113562173\jna7171882465572895676.dll

Deoptimization events (20 events):
Event: 21.875 Thread 0x000001b263f65370 DEOPT PACKING pc=0x000001b20e8a66c8 sp=0x000000489c8fd110
Event: 21.875 Thread 0x000001b263f65370 DEOPT UNPACKING pc=0x000001b20e163aa2 sp=0x000000489c8fd0b0 mode 2
Event: 21.915 Thread 0x000001b263f66090 DEOPT PACKING pc=0x000001b206c885f8 sp=0x000000489caf9e50
Event: 21.915 Thread 0x000001b263f66090 DEOPT UNPACKING pc=0x000001b20e164242 sp=0x000000489caf9338 mode 0
Event: 21.972 Thread 0x000001b263f66db0 DEOPT PACKING pc=0x000001b206f66c9f sp=0x000000489cbfd880
Event: 21.972 Thread 0x000001b263f66db0 DEOPT UNPACKING pc=0x000001b20e164242 sp=0x000000489cbfcd58 mode 0
Event: 21.972 Thread 0x000001b263f65370 DEOPT PACKING pc=0x000001b206f66c9f sp=0x000000489c8fd320
Event: 21.972 Thread 0x000001b263f65370 DEOPT UNPACKING pc=0x000001b20e164242 sp=0x000000489c8fc7f8 mode 0
Event: 22.021 Thread 0x000001b263f66db0 DEOPT PACKING pc=0x000001b20742a0a6 sp=0x000000489cbfd600
Event: 22.021 Thread 0x000001b263f66db0 DEOPT UNPACKING pc=0x000001b20e164242 sp=0x000000489cbfcaf0 mode 0
Event: 22.026 Thread 0x000001b263f66db0 DEOPT PACKING pc=0x000001b206f66c9f sp=0x000000489cbfd800
Event: 22.026 Thread 0x000001b263f66db0 DEOPT UNPACKING pc=0x000001b20e164242 sp=0x000000489cbfccd8 mode 0
Event: 22.094 Thread 0x000001b263f63930 DEOPT PACKING pc=0x000001b206f66c9f sp=0x000000489ccfde00
Event: 22.094 Thread 0x000001b263f63930 DEOPT UNPACKING pc=0x000001b20e164242 sp=0x000000489ccfd2d8 mode 0
Event: 22.135 Thread 0x000001b263f66db0 Uncommon trap: trap_request=0xffffff45 fr.pc=0x000001b20e6ed370 relative=0x00000000000001b0
Event: 22.135 Thread 0x000001b263f66db0 Uncommon trap: reason=unstable_if action=reinterpret pc=0x000001b20e6ed370 method=jdk.internal.util.ArraysSupport.vectorizedHashCode(Ljava/lang/Object;IIII)I @ 2 c2
Event: 22.135 Thread 0x000001b263f66db0 DEOPT PACKING pc=0x000001b20e6ed370 sp=0x000000489cbfdfa0
Event: 22.135 Thread 0x000001b263f66db0 DEOPT UNPACKING pc=0x000001b20e163aa2 sp=0x000000489cbfdf50 mode 2
Event: 22.135 Thread 0x000001b263f67440 DEOPT PACKING pc=0x000001b206c885f8 sp=0x000000489cdfda20
Event: 22.135 Thread 0x000001b263f67440 DEOPT UNPACKING pc=0x000001b20e164242 sp=0x000000489cdfcf08 mode 0

Classes loaded (20 events):
Event: 19.445 Loading class java/lang/invoke/MethodHandleImpl$Makers$2
Event: 19.445 Loading class java/lang/invoke/MethodHandleImpl$Makers$2 done
Event: 19.445 Loading class java/lang/invoke/MethodHandleImpl$Makers$3
Event: 19.445 Loading class java/lang/invoke/MethodHandleImpl$Makers$3 done
Event: 19.451 Loading class java/lang/runtime/ObjectMethods$1
Event: 19.452 Loading class java/lang/runtime/ObjectMethods$1 done
Event: 19.668 Loading class java/lang/invoke/MethodHandleImpl$CountingWrapper
Event: 19.668 Loading class java/lang/invoke/MethodHandleImpl$CountingWrapper done
Event: 19.684 Loading class java/util/AbstractList$ListItr
Event: 19.684 Loading class java/util/AbstractList$ListItr done
Event: 19.684 Loading class sun/misc/Unsafe
Event: 19.685 Loading class sun/misc/Unsafe done
Event: 19.687 Loading class java/util/concurrent/locks/ReentrantReadWriteLock$Sync$HoldCounter
Event: 19.688 Loading class java/util/concurrent/locks/ReentrantReadWriteLock$Sync$HoldCounter done
Event: 19.698 Loading class java/nio/channels/Channels$ReadableByteChannelImpl
Event: 19.698 Loading class java/nio/channels/Channels$ReadableByteChannelImpl done
Event: 19.699 Loading class java/nio/channels/NonWritableChannelException
Event: 19.699 Loading class java/nio/channels/NonWritableChannelException done
Event: 21.896 Loading class java/lang/invoke/MethodHandleImpl$CountingWrapper$1
Event: 21.896 Loading class java/lang/invoke/MethodHandleImpl$CountingWrapper$1 done

Classes unloaded (20 events):
Event: 22.175 Thread 0x000001b202453c10 Unloading class 0x000001b21c3a4000 'java/lang/invoke/LambdaForm$DMH+0x000001b21c3a4000'
Event: 22.175 Thread 0x000001b202453c10 Unloading class 0x000001b21c36ac88 'jdk/internal/jimage/BasicImageReader$2'
Event: 22.175 Thread 0x000001b202453c10 Unloading class 0x000001b21c369db8 'jdk/internal/jimage/BasicImageReader$1'
Event: 22.175 Thread 0x000001b202453c10 Unloading class 0x000001b21c36aa18 'jdk/internal/jimage/ImageReader$Resource'
Event: 22.175 Thread 0x000001b202453c10 Unloading class 0x000001b21c36a7a8 'jdk/internal/jimage/ImageReader$LinkNode'
Event: 22.175 Thread 0x000001b202453c10 Unloading class 0x000001b21c36a538 'jdk/internal/jimage/ImageReader$Directory'
Event: 22.175 Thread 0x000001b202453c10 Unloading class 0x000001b21c36a2c8 'jdk/internal/jimage/ImageReader$Node'
Event: 22.175 Thread 0x000001b202453c10 Unloading class 0x000001b21c368e00 'jdk/internal/jimage/ImageStrings'
Event: 22.175 Thread 0x000001b202453c10 Unloading class 0x000001b21c36a000 'jdk/internal/jimage/ImageReader$SharedImageReader'
Event: 22.175 Thread 0x000001b202453c10 Unloading class 0x000001b21c369af0 'jdk/internal/jimage/BasicImageReader'
Event: 22.175 Thread 0x000001b202453c10 Unloading class 0x000001b21c3698c8 'jdk/internal/jimage/ImageReader'
Event: 22.175 Thread 0x000001b202453c10 Unloading class 0x000001b21c369698 'jdk/internal/jrtfs/SystemImage$2'
Event: 22.175 Thread 0x000001b202453c10 Unloading class 0x000001b21c369478 'jdk/internal/jrtfs/SystemImage$$Lambda+0x000001b21c369478'
Event: 22.175 Thread 0x000001b202453c10 Unloading class 0x000001b21c369240 'jdk/internal/jrtfs/ExplodedImage'
Event: 22.175 Thread 0x000001b202453c10 Unloading class 0x000001b21c369000 'jdk/internal/jrtfs/SystemImage$1'
Event: 22.175 Thread 0x000001b202453c10 Unloading class 0x000001b21c368be0 'jdk/internal/jrtfs/SystemImage'
Event: 22.175 Thread 0x000001b202453c10 Unloading class 0x000001b21c368978 'jdk/internal/jrtfs/JrtFileStore'
Event: 22.175 Thread 0x000001b202453c10 Unloading class 0x000001b21c3685f8 'jdk/internal/jrtfs/JrtPath'
Event: 22.175 Thread 0x000001b202453c10 Unloading class 0x000001b21c3682f8 'jdk/internal/jrtfs/JrtFileSystem'
Event: 22.175 Thread 0x000001b202453c10 Unloading class 0x000001b21c368000 'jdk/internal/jrtfs/JrtFileSystemProvider'

Classes redefined (0 events):
No events

Internal exceptions (20 events):
Event: 19.467 Thread 0x000001b263f66db0 Exception <a 'java/lang/NoSuchMethodError'{0x00000000d5908e80}: 'int java.lang.invoke.Invokers$Holder.linkToTargetMethod(java.lang.Object, java.lang.Object)'> (0x00000000d5908e80) 
thrown [s\src\hotspot\share\interpreter\linkResolver.cpp, line 773]
Event: 19.467 Thread 0x000001b263f67440 Exception <a 'java/lang/NoSuchMethodError'{0x00000000d590dd68}: 'int java.lang.invoke.Invokers$Holder.linkToTargetMethod(java.lang.Object, java.lang.Object)'> (0x00000000d590dd68) 
thrown [s\src\hotspot\share\interpreter\linkResolver.cpp, line 773]
Event: 19.467 Thread 0x000001b263f65370 Exception <a 'java/lang/NoSuchMethodError'{0x00000000d58db060}: 'int java.lang.invoke.Invokers$Holder.linkToTargetMethod(java.lang.Object, java.lang.Object)'> (0x00000000d58db060) 
thrown [s\src\hotspot\share\interpreter\linkResolver.cpp, line 773]
Event: 19.467 Thread 0x000001b263f63930 Exception <a 'java/lang/NoSuchMethodError'{0x00000000d59139a8}: 'int java.lang.invoke.Invokers$Holder.linkToTargetMethod(java.lang.Object, java.lang.Object)'> (0x00000000d59139a8) 
thrown [s\src\hotspot\share\interpreter\linkResolver.cpp, line 773]
Event: 19.664 Thread 0x000001b263f66db0 Exception <a 'java/lang/NoSuchMethodError'{0x00000000d5c0e458}: 'int java.lang.invoke.DirectMethodHandle$Holder.invokeSpecial(java.lang.Object, java.lang.Object, java.lang.Object, java.lang.Object)'> (0x00000000d5c0e458) 
thrown [s\src\hotspot\share\interpreter\linkResolver.cpp, line 773]
Event: 19.664 Thread 0x000001b263f65370 Exception <a 'java/lang/NoSuchMethodError'{0x00000000d5bf4660}: 'int java.lang.invoke.DirectMethodHandle$Holder.invokeSpecial(java.lang.Object, java.lang.Object, java.lang.Object, java.lang.Object)'> (0x00000000d5bf4660) 
thrown [s\src\hotspot\share\interpreter\linkResolver.cpp, line 773]
Event: 19.665 Thread 0x000001b263f63930 Exception <a 'java/lang/NoSuchMethodError'{0x00000000d5c14808}: 'int java.lang.invoke.DirectMethodHandle$Holder.invokeSpecial(java.lang.Object, java.lang.Object, java.lang.Object, java.lang.Object)'> (0x00000000d5c14808) 
thrown [s\src\hotspot\share\interpreter\linkResolver.cpp, line 773]
Event: 19.667 Thread 0x000001b263f66db0 Exception <a 'java/lang/NoSuchMethodError'{0x00000000d5c2bc38}: 'java.lang.Object java.lang.invoke.DirectMethodHandle$Holder.invokeStatic(java.lang.Object, int, java.lang.Object, java.lang.Object)'> (0x00000000d5c2bc38) 
thrown [s\src\hotspot\share\interpreter\linkResolver.cpp, line 773]
Event: 19.667 Thread 0x000001b263f65370 Exception <a 'java/lang/NoSuchMethodError'{0x00000000d5bfe210}: 'java.lang.Object java.lang.invoke.DirectMethodHandle$Holder.invokeStatic(java.lang.Object, int, java.lang.Object, java.lang.Object)'> (0x00000000d5bfe210) 
thrown [s\src\hotspot\share\interpreter\linkResolver.cpp, line 773]
Event: 19.667 Thread 0x000001b263f63930 Exception <a 'java/lang/NoSuchMethodError'{0x00000000d5c338a0}: 'java.lang.Object java.lang.invoke.DirectMethodHandle$Holder.invokeStatic(java.lang.Object, int, java.lang.Object, java.lang.Object)'> (0x00000000d5c338a0) 
thrown [s\src\hotspot\share\interpreter\linkResolver.cpp, line 773]
Event: 19.667 Thread 0x000001b263f65370 Exception <a 'java/lang/NoSuchMethodError'{0x00000000d5c019d8}: 'java.lang.Object java.lang.invoke.DelegatingMethodHandle$Holder.delegate(java.lang.Object, int, java.lang.Object, java.lang.Object)'> (0x00000000d5c019d8) 
thrown [s\src\hotspot\share\interpreter\linkResolver.cpp, line 773]
Event: 19.667 Thread 0x000001b263f63930 Exception <a 'java/lang/NoSuchMethodError'{0x00000000d5c37300}: 'java.lang.Object java.lang.invoke.DelegatingMethodHandle$Holder.delegate(java.lang.Object, int, java.lang.Object, java.lang.Object)'> (0x00000000d5c37300) 
thrown [s\src\hotspot\share\interpreter\linkResolver.cpp, line 773]
Event: 19.667 Thread 0x000001b263f66db0 Exception <a 'java/lang/NoSuchMethodError'{0x00000000d5c2f4f0}: 'java.lang.Object java.lang.invoke.DelegatingMethodHandle$Holder.delegate(java.lang.Object, int, java.lang.Object, java.lang.Object)'> (0x00000000d5c2f4f0) 
thrown [s\src\hotspot\share\interpreter\linkResolver.cpp, line 773]
Event: 19.669 Thread 0x000001b263f66db0 Implicit null exception at 0x000001b20e876b76 to 0x000001b20e876eac
Event: 19.669 Thread 0x000001b263f65370 Implicit null exception at 0x000001b20e876b76 to 0x000001b20e876eac
Event: 19.669 Thread 0x000001b263f63930 Implicit null exception at 0x000001b20e876b76 to 0x000001b20e876eac
Event: 19.672 Thread 0x000001b263f63930 Exception <a 'java/lang/NoSuchMethodError'{0x00000000d5c9dc60}: 'int java.lang.invoke.Invokers$Holder.linkToTargetMethod(java.lang.Object, java.lang.Object, java.lang.Object)'> (0x00000000d5c9dc60) 
thrown [s\src\hotspot\share\interpreter\linkResolver.cpp, line 773]
Event: 19.672 Thread 0x000001b263f66db0 Exception <a 'java/lang/NoSuchMethodError'{0x00000000d5c98650}: 'int java.lang.invoke.Invokers$Holder.linkToTargetMethod(java.lang.Object, java.lang.Object, java.lang.Object)'> (0x00000000d5c98650) 
thrown [s\src\hotspot\share\interpreter\linkResolver.cpp, line 773]
Event: 19.672 Thread 0x000001b263f65370 Exception <a 'java/lang/NoSuchMethodError'{0x00000000d5c53ad0}: 'int java.lang.invoke.Invokers$Holder.linkToTargetMethod(java.lang.Object, java.lang.Object, java.lang.Object)'> (0x00000000d5c53ad0) 
thrown [s\src\hotspot\share\interpreter\linkResolver.cpp, line 773]
Event: 19.699 Thread 0x000001b263f66090 Exception <a 'java/lang/NoSuchMethodError'{0x00000000d5d63670}: 'java.lang.Object java.lang.invoke.DirectMethodHandle$Holder.invokeVirtual(java.lang.Object, java.lang.Object, int)'> (0x00000000d5d63670) 
thrown [s\src\hotspot\share\interpreter\linkResolver.cpp, line 773]

ZGC Phase Switch (0 events):
No events

VM Operations (20 events):
Event: 19.235 Executing non-safepoint VM operation: HandshakeAllThreads (Deoptimize) done
Event: 19.420 Executing safepoint VM operation: ParallelGCFailedAllocation (Allocation Failure)
Event: 19.420 Executing safepoint VM operation: ParallelGCFailedAllocation (Allocation Failure) done
Event: 19.420 Executing safepoint VM operation: ParallelGCSystemGC (GCLocker Initiated GC)
Event: 19.426 Executing safepoint VM operation: ParallelGCSystemGC (GCLocker Initiated GC) done
Event: 19.470 Executing non-safepoint VM operation: HandshakeAllThreads (Deoptimize)
Event: 19.470 Executing non-safepoint VM operation: HandshakeAllThreads (Deoptimize) done
Event: 19.609 Executing safepoint VM operation: ParallelGCFailedAllocation (Allocation Failure)
Event: 19.614 Executing safepoint VM operation: ParallelGCFailedAllocation (Allocation Failure) done
Event: 19.718 Executing non-safepoint VM operation: HandshakeAllThreads (Deoptimize)
Event: 19.718 Executing non-safepoint VM operation: HandshakeAllThreads (Deoptimize) done
Event: 19.754 Executing safepoint VM operation: ParallelGCFailedAllocation (Allocation Failure)
Event: 21.758 Executing safepoint VM operation: ParallelGCFailedAllocation (Allocation Failure) done
Event: 21.859 Executing safepoint VM operation: ParallelGCFailedAllocation (Allocation Failure)
Event: 21.865 Executing safepoint VM operation: ParallelGCFailedAllocation (Allocation Failure) done
Event: 21.935 Executing safepoint VM operation: ParallelGCFailedAllocation (Allocation Failure)
Event: 21.938 Executing safepoint VM operation: ParallelGCFailedAllocation (Allocation Failure) done
Event: 22.050 Executing safepoint VM operation: ParallelGCFailedAllocation (Allocation Failure)
Event: 22.055 Executing safepoint VM operation: ParallelGCFailedAllocation (Allocation Failure) done
Event: 22.158 Executing safepoint VM operation: CollectForMetadataAllocation (Metadata GC Threshold)

Memory protections (0 events):
No events

Nmethod flushes (0 events):
No events

Events (20 events):
Event: 16.051 Thread 0x000001b2628cac50 Thread added: 0x000001b25d704150
Event: 16.185 Thread 0x000001b25d704150 Thread exited: 0x000001b25d704150
Event: 16.803 Thread 0x000001b201debc30 Thread added: 0x000001b25d704e70
Event: 16.805 Thread 0x000001b201debc30 Thread added: 0x000001b25d704150
Event: 16.805 Thread 0x000001b201debc30 Thread added: 0x000001b25d7047e0
Event: 16.806 Thread 0x000001b201debc30 Thread added: 0x000001b25d706220
Event: 16.807 Thread 0x000001b201debc30 Thread added: 0x000001b25d703430
Event: 16.807 Thread 0x000001b201debc30 Thread added: 0x000001b25d703ac0
Event: 16.807 Thread 0x000001b201debc30 Thread added: 0x000001b25d705500
Event: 16.808 Thread 0x000001b201debc30 Thread added: 0x000001b25d705b90
Event: 16.809 Thread 0x000001b201debc30 Thread added: 0x000001b263f64650
Event: 16.861 Thread 0x000001b201debc30 Thread added: 0x000001b263f63fc0
Event: 17.266 Thread 0x000001b25d72b010 Thread added: 0x000001b263f64ce0
Event: 17.472 Thread 0x000001b201debc30 Thread added: 0x000001b263f65a00
Event: 17.473 Thread 0x000001b201debc30 Thread added: 0x000001b263f65370
Event: 17.523 Thread 0x000001b25d72b010 Thread added: 0x000001b263f66720
Event: 17.984 Thread 0x000001b263f65370 Thread added: 0x000001b263f66090
Event: 17.988 Thread 0x000001b263f65370 Thread added: 0x000001b263f66db0
Event: 17.992 Thread 0x000001b263f65370 Thread added: 0x000001b263f63930
Event: 17.996 Thread 0x000001b263f65370 Thread added: 0x000001b263f67440


Dynamic libraries:
0x00007ff75a9a0000 - 0x00007ff75a9ae000 	c:\Users\wwwsy\.vscode\extensions\redhat.java-1.54.0-win32-x64\jre\21.0.10-win32-x86_64\bin\java.exe
0x00007ff8e5360000 - 0x00007ff8e55c6000 	C:\WINDOWS\SYSTEM32\ntdll.dll
0x00007ff8e47b0000 - 0x00007ff8e4879000 	C:\WINDOWS\System32\KERNEL32.DLL
0x00007ff8e2b50000 - 0x00007ff8e2f4a000 	C:\WINDOWS\System32\KERNELBASE.dll
0x00007ff8e2950000 - 0x00007ff8e2a9c000 	C:\WINDOWS\System32\ucrtbase.dll
0x00007ff8dbce0000 - 0x00007ff8dbcf8000 	c:\Users\wwwsy\.vscode\extensions\redhat.java-1.54.0-win32-x64\jre\21.0.10-win32-x86_64\bin\jli.dll
0x00007ff8dad70000 - 0x00007ff8dad8e000 	c:\Users\wwwsy\.vscode\extensions\redhat.java-1.54.0-win32-x64\jre\21.0.10-win32-x86_64\bin\VCRUNTIME140.dll
0x00007ff8e44a0000 - 0x00007ff8e4667000 	C:\WINDOWS\System32\USER32.dll
0x00007ff8e2760000 - 0x00007ff8e2787000 	C:\WINDOWS\System32\win32u.dll
0x00007ff8cf630000 - 0x00007ff8cf8c2000 	C:\WINDOWS\WinSxS\amd64_microsoft.windows.common-controls_6595b64144ccf1df_6.0.26100.8521_none_3e08b75ce33403b3\COMCTL32.dll
0x00007ff8e4a00000 - 0x00007ff8e4a2b000 	C:\WINDOWS\System32\GDI32.dll
0x00007ff8e37c0000 - 0x00007ff8e3869000 	C:\WINDOWS\System32\msvcrt.dll
0x00007ff8e2790000 - 0x00007ff8e28bb000 	C:\WINDOWS\System32\gdi32full.dll
0x00007ff8e2aa0000 - 0x00007ff8e2b43000 	C:\WINDOWS\System32\msvcp_win.dll
0x00007ff8e3ad0000 - 0x00007ff8e3b02000 	C:\WINDOWS\System32\IMM32.DLL
0x00007ff8dc9d0000 - 0x00007ff8dc9dc000 	c:\Users\wwwsy\.vscode\extensions\redhat.java-1.54.0-win32-x64\jre\21.0.10-win32-x86_64\bin\vcruntime140_1.dll
0x00007ff8b79a0000 - 0x00007ff8b7a2d000 	c:\Users\wwwsy\.vscode\extensions\redhat.java-1.54.0-win32-x64\jre\21.0.10-win32-x86_64\bin\msvcp140.dll
0x00007ff835de0000 - 0x00007ff836b81000 	c:\Users\wwwsy\.vscode\extensions\redhat.java-1.54.0-win32-x64\jre\21.0.10-win32-x86_64\bin\server\jvm.dll
0x00007ff8e3700000 - 0x00007ff8e37b6000 	C:\WINDOWS\System32\ADVAPI32.dll
0x00007ff8e5170000 - 0x00007ff8e521a000 	C:\WINDOWS\System32\sechost.dll
0x00007ff8e5050000 - 0x00007ff8e5168000 	C:\WINDOWS\System32\RPCRT4.dll
0x00007ff8e3c00000 - 0x00007ff8e3c80000 	C:\WINDOWS\System32\WS2_32.dll
0x00007ff8e23a0000 - 0x00007ff8e23fe000 	C:\WINDOWS\SYSTEM32\POWRPROF.dll
0x00007ff8da820000 - 0x00007ff8da82b000 	C:\WINDOWS\SYSTEM32\VERSION.dll
0x00007ff8da7e0000 - 0x00007ff8da816000 	C:\WINDOWS\SYSTEM32\WINMM.dll
0x00007ff8e2380000 - 0x00007ff8e2394000 	C:\WINDOWS\SYSTEM32\UMPDC.dll
0x00007ff8e1380000 - 0x00007ff8e139b000 	C:\WINDOWS\SYSTEM32\kernel.appcore.dll
0x00007ff8d8b40000 - 0x00007ff8d8b4a000 	c:\Users\wwwsy\.vscode\extensions\redhat.java-1.54.0-win32-x64\jre\21.0.10-win32-x86_64\bin\jimage.dll
0x00007ff8dff50000 - 0x00007ff8e0192000 	C:\WINDOWS\SYSTEM32\DBGHELP.DLL
0x00007ff8e4aa0000 - 0x00007ff8e4e23000 	C:\WINDOWS\System32\combase.dll
0x00007ff8e3b10000 - 0x00007ff8e3be9000 	C:\WINDOWS\System32\OLEAUT32.dll
0x00007ff8c7d80000 - 0x00007ff8c7dbb000 	C:\WINDOWS\SYSTEM32\dbgcore.DLL
0x00007ff8e26b0000 - 0x00007ff8e2758000 	C:\WINDOWS\System32\bcryptPrimitives.dll
0x00007ff8d8b30000 - 0x00007ff8d8b3f000 	c:\Users\wwwsy\.vscode\extensions\redhat.java-1.54.0-win32-x64\jre\21.0.10-win32-x86_64\bin\instrument.dll
0x00007ff8d2ea0000 - 0x00007ff8d2ec0000 	c:\Users\wwwsy\.vscode\extensions\redhat.java-1.54.0-win32-x64\jre\21.0.10-win32-x86_64\bin\java.dll
0x00007ff8e3d10000 - 0x00007ff8e4494000 	C:\WINDOWS\System32\SHELL32.dll
0x00007ff8e01b0000 - 0x00007ff8e0a30000 	C:\WINDOWS\SYSTEM32\windows.storage.dll
0x00007ff8e5220000 - 0x00007ff8e5316000 	C:\WINDOWS\System32\SHCORE.dll
0x00007ff8e4a30000 - 0x00007ff8e4a97000 	C:\WINDOWS\System32\shlwapi.dll
0x00007ff8e2510000 - 0x00007ff8e2539000 	C:\WINDOWS\SYSTEM32\profapi.dll
0x00007ff8d2e10000 - 0x00007ff8d2e28000 	c:\Users\wwwsy\.vscode\extensions\redhat.java-1.54.0-win32-x64\jre\21.0.10-win32-x86_64\bin\zip.dll
0x00007ff8d46b0000 - 0x00007ff8d46c0000 	C:\Users\wwwsy\.vscode\extensions\redhat.java-1.54.0-win32-x64\jre\21.0.10-win32-x86_64\bin\net.dll
0x00007ff8da6b0000 - 0x00007ff8da7d9000 	C:\WINDOWS\SYSTEM32\WINHTTP.dll
0x00007ff8e18f0000 - 0x00007ff8e195c000 	C:\WINDOWS\system32\mswsock.dll
0x00007ff8d2d50000 - 0x00007ff8d2d66000 	C:\Users\wwwsy\.vscode\extensions\redhat.java-1.54.0-win32-x64\jre\21.0.10-win32-x86_64\bin\nio.dll
0x00007ff8d42e0000 - 0x00007ff8d42f0000 	c:\Users\wwwsy\.vscode\extensions\redhat.java-1.54.0-win32-x64\jre\21.0.10-win32-x86_64\bin\verify.dll
0x00007ff8b9e90000 - 0x00007ff8b9ed5000 	C:\Users\wwwsy\AppData\Roaming\Code\User\globalStorage\redhat.java\1.54.0\config_ss_win\org.eclipse.equinox.launcher\org.eclipse.equinox.launcher.win32.win32.x86_64_1.3.0.v20260203-2149\eclipse_11919.dll
0x00007ff8e3560000 - 0x00007ff8e36f8000 	C:\WINDOWS\System32\ole32.dll
0x00007ff8e1bd0000 - 0x00007ff8e1beb000 	C:\WINDOWS\SYSTEM32\CRYPTSP.dll
0x00007ff8e12e0000 - 0x00007ff8e1319000 	C:\WINDOWS\system32\rsaenh.dll
0x00007ff8e19a0000 - 0x00007ff8e19d3000 	C:\WINDOWS\SYSTEM32\USERENV.dll
0x00007ff8e24e0000 - 0x00007ff8e250a000 	C:\WINDOWS\SYSTEM32\bcrypt.dll
0x00007ff8e1bf0000 - 0x00007ff8e1bfc000 	C:\WINDOWS\SYSTEM32\CRYPTBASE.dll
0x00007ff8e0d40000 - 0x00007ff8e0d73000 	C:\WINDOWS\SYSTEM32\IPHLPAPI.DLL
0x00007ff8e3bf0000 - 0x00007ff8e3bfa000 	C:\WINDOWS\System32\NSI.dll
0x00007ff8b7850000 - 0x00007ff8b7899000 	C:\Users\wwwsy\AppData\Local\Temp\jna-113562173\jna7171882465572895676.dll
0x00007ff8e4880000 - 0x00007ff8e4888000 	C:\WINDOWS\System32\PSAPI.DLL
0x00007ff8da690000 - 0x00007ff8da6ad000 	C:\WINDOWS\SYSTEM32\dhcpcsvc6.DLL
0x00007ff8d8d60000 - 0x00007ff8d8d85000 	C:\WINDOWS\SYSTEM32\dhcpcsvc.DLL

JVMTI agents:
c:\Users\wwwsy\.vscode\extensions\redhat.java-1.54.0-win32-x64\lombok\lombok-1.18.39-4050.jar path:c:\Users\wwwsy\.vscode\extensions\redhat.java-1.54.0-win32-x64\jre\21.0.10-win32-x86_64\bin\instrument.dll, loaded, initialized, instrumentlib options:none

dbghelp: loaded successfully - version: 4.0.5 - missing functions: none
symbol engine: initialized successfully - sym options: 0x614 - pdb path: .;c:\Users\wwwsy\.vscode\extensions\redhat.java-1.54.0-win32-x64\jre\21.0.10-win32-x86_64\bin;C:\WINDOWS\SYSTEM32;C:\WINDOWS\WinSxS\amd64_microsoft.windows.common-controls_6595b64144ccf1df_6.0.26100.8521_none_3e08b75ce33403b3;c:\Users\wwwsy\.vscode\extensions\redhat.java-1.54.0-win32-x64\jre\21.0.10-win32-x86_64\bin\server;C:\Users\wwwsy\AppData\Roaming\Code\User\globalStorage\redhat.java\1.54.0\config_ss_win\org.eclipse.equinox.launcher\org.eclipse.equinox.launcher.win32.win32.x86_64_1.3.0.v20260203-2149;C:\Users\wwwsy\AppData\Local\Temp\jna-113562173

VM Arguments:
jvm_args: --add-modules=ALL-SYSTEM --add-opens=java.base/java.util=ALL-UNNAMED --add-opens=java.base/java.lang=ALL-UNNAMED --add-opens=java.base/sun.nio.fs=ALL-UNNAMED -Declipse.application=org.eclipse.jdt.ls.core.id1 -Dosgi.bundles.defaultStartLevel=4 -Declipse.product=org.eclipse.jdt.ls.core.product -Djava.import.generatesMetadataFilesAtProjectRoot=false -DDetectVMInstallationsJob.disabled=true -Dfile.encoding=utf8 -XX:+UseParallelGC -XX:GCTimeRatio=4 -XX:AdaptiveSizePolicyWeight=90 -Dsun.zip.disableMemoryMapping=true -Xmx2G -Xms100m -Xlog:disable -javaagent:c:\Users\wwwsy\.vscode\extensions\redhat.java-1.54.0-win32-x64\lombok\lombok-1.18.39-4050.jar 
java_command: c:\Users\wwwsy\.vscode\extensions\redhat.java-1.54.0-win32-x64\server\plugins\org.eclipse.equinox.launcher_1.7.100.v20251111-0406.jar -configuration c:\Users\wwwsy\AppData\Roaming\Code\User\globalStorage\redhat.java\1.54.0\config_ss_win -data c:\Users\wwwsy\AppData\Roaming\Code\User\workspaceStorage\19967a0d81c6ff72191a729900264a2a\redhat.java\ss_ws --pipe=\\.\pipe\lsp-613fa48866eae993562304ce7b971c4d-sock
java_class_path (initial): c:\Users\wwwsy\.vscode\extensions\redhat.java-1.54.0-win32-x64\server\plugins\org.eclipse.equinox.launcher_1.7.100.v20251111-0406.jar
Launcher Type: SUN_STANDARD

[Global flags]
    uintx AdaptiveSizePolicyWeight                 = 90                                        {product} {command line}
     intx CICompilerCount                          = 4                                         {product} {ergonomic}
    uintx GCTimeRatio                              = 4                                         {product} {command line}
   size_t InitialHeapSize                          = 104857600                                 {product} {command line}
   size_t MaxHeapSize                              = 2147483648                                {product} {command line}
   size_t MaxNewSize                               = 715653120                                 {product} {ergonomic}
   size_t MinHeapDeltaBytes                        = 524288                                    {product} {ergonomic}
   size_t MinHeapSize                              = 104857600                                 {product} {command line}
   size_t NewSize                                  = 34603008                                  {product} {ergonomic}
    uintx NonNMethodCodeHeapSize                   = 5839372                                {pd product} {ergonomic}
    uintx NonProfiledCodeHeapSize                  = 122909434                              {pd product} {ergonomic}
   size_t OldSize                                  = 70254592                                  {product} {ergonomic}
    uintx ProfiledCodeHeapSize                     = 122909434                              {pd product} {ergonomic}
    uintx ReservedCodeCacheSize                    = 251658240                              {pd product} {ergonomic}
     bool SegmentedCodeCache                       = true                                      {product} {ergonomic}
   size_t SoftMaxHeapSize                          = 2147483648                             {manageable} {ergonomic}
     bool UseCompressedOops                        = true                           {product lp64_product} {ergonomic}
     bool UseLargePagesIndividualAllocation        = false                                  {pd product} {ergonomic}
     bool UseParallelGC                            = true                                      {product} {command line}

Logging:
Log output configuration:
 #0: stdout all=off uptime,level,tags foldmultilines=false
 #1: stderr all=off uptime,level,tags foldmultilines=false

Release file:
JAVA_VERSION="21.0.10" 
MODULES="java.base java.compiler java.datatransfer java.xml java.prefs java.desktop java.instrument java.logging java.management java.security.sasl java.naming java.rmi java.management.rmi java.net.http java.scripting java.security.jgss java.transaction.xa java.sql java.sql.rowset java.xml.crypto java.se java.smartcardio jdk.accessibility jdk.internal.jvmstat jdk.attach jdk.charsets jdk.internal.opt jdk.zipfs jdk.compiler jdk.crypto.ec jdk.crypto.cryptoki jdk.crypto.mscapi jdk.dynalink jdk.internal.ed jdk.editpad jdk.hotspot.agent jdk.httpserver jdk.internal.le jdk.internal.vm.ci jdk.internal.vm.compiler jdk.internal.vm.compiler.management jdk.jartool jdk.javadoc jdk.jcmd jdk.management jdk.management.agent jdk.jconsole jdk.jdeps jdk.jdwp.agent jdk.jdi jdk.jfr jdk.jshell jdk.jsobject jdk.jstatd jdk.localedata jdk.management.jfr jdk.naming.dns jdk.naming.rmi jdk.net jdk.nio.mapmode jdk.random jdk.sctp jdk.security.auth jdk.security.jgss jdk.unsupported jdk.unsupported.desktop jdk.xml.dom" 

Environment Variables:
JAVA_HOME=C:\Program Files\Java\jdk-17
PATH=C:\Program Files\Common Files\Oracle\Java\javapath;C:\oraclexe\app\oracle\product\11.2.0\server\bin;C:\Python310\Scripts\;C:\Python310\;C:\Program Files (x86)\Common Files\Oracle\Java\javapath;C:\ProgramData\Oracle\Java\javapath;C:\Windows\system32;C:\Windows;C:\Windows\System32\Wbem;C:\Windows\System32\WindowsPowerShell\v1.0\;C:\Windows\System32\OpenSSH\;C:\Program Files (x86)\NVIDIA Corporation\PhysX\Common;C:\Program Files\Microsoft SQL Server\Client SDK\ODBC\170\Tools\Binn\;C:\Program Files\Java\jdk-13.0.2\bin;C:\Program Files\Microsoft\Web Platform Installer\;C:\Program Files (x86)\Microsoft ASP.NET\ASP.NET Web Pages\v1.0\;C:\Program Files\Microsoft SQL Server\110\Tools\Binn\;c:\Program Files (x86)\Microsoft SQL Server\100\Tools\Binn\;c:\Program Files (x86)\Microsoft SQL Server\100\DTS\Binn\;C:\Program Files (x86)\Microsoft SQL Server\150\Tools\Binn\;C:\Program Files\Microsoft SQL Server\150\Tools\Binn\;C:\Program Files\Microsoft SQL Server\150\DTS\Binn\;C:\Program Files\Azure Data Studio\bin;C:\WINDOWS\system32;C:\WINDOWS;C:\WINDOWS\System32\Wbem;C:\WINDOWS\System32\WindowsPowerShell\v1.0\;C:\WINDOWS\System32\OpenSSH\;C:\MinGW\bin;C:\Program Files\Git\cmd;C:\Python34\Scripts.;C:\Users\wwwsy\AppData\Local\Programs\Python\Python39;C:\Users\wwwsy\AppData\Local\Programs\Python\Python39\Scripts;C:\ProgramData\chocolatey\bin;C:\Users\wwwsy\AppData\Local\atom\app-1.12.6.;C:\Program Files\dotnet\;C:\Program Files\php\;C:\Program Files\MySQL\MySQL Server 8.0\bin;;C:\WINDOWS\system32;C:\WINDOWS;C:\WINDOWS\System32\Wbem;C:\WINDOWS\System32\WindowsPowerShell\v1.0\;C:\WINDOWS\System32\OpenSSH\;C:\Program Files\NVIDIA Corporation\NVIDIA App\NvDLISR;C:\Program Files\nodejs\;C:\Program Files\Java\jdk-17\bin;C:\Program Files\MySQL\MySQL Shell 8.0\bin\;C:\Windows\system32;C:\Windows;C:\Windows\System32\Wbem;C:\Windows\System32\WindowsPowerShell\v1.0\;C:\Windows\System32\OpenSSH\;C:\Program Files (x86)\NVIDIA Corporation\PhysX\Common;C:\Program Files\NVIDIA Corporation\NVIDIA NvDLISR;C:\Program Files\Microsoft SQL Server\130\Tools\Binn\;C:\Program Files\Microsoft SQL Server\Client SDK\ODBC\170\Tools\Binn\;C:\Program Files\Java\jdk-13.0.2\bin;C:\Program Files\Microsoft\Web Platform Installer\;C:\Program Files (x86)\Microsoft ASP.NET\ASP.NET Web Pages\v1.0\;C:\Program Files\Microsoft SQL Server\110\Tools\Binn\;C:\Program Files\dotnet\;c:\Program Files (x86)\Microsoft SQL Server\100\Tools\Binn\;c:\Program Files (x86)\Microsoft SQL Server\100\DTS\Binn\;C:\Program Files (x86)\Microsoft SQL Server\150\Tools\Binn\;C:\Program Files\Microsoft SQL Server\150\Tools\Binn\;C:\Program Files\Microsoft SQL Server\150\DTS\Binn\;C:\Program F;C:\Users\wwwsy\AppData\Local\Microsoft\WindowsApps;C:\Users\wwwsy\AppData\Local\Programs\Microsoft VS Code\bin;C:\Users\wwwsy\AppData\Roaming\npm
USERNAME=wwwsy
OS=Windows_NT
PROCESSOR_IDENTIFIER=AMD64 Family 23 Model 24 Stepping 1, AuthenticAMD
TMP=C:\Users\wwwsy\AppData\Local\Temp
TEMP=C:\Users\wwwsy\AppData\Local\Temp




Periodic native trim disabled

---------------  S Y S T E M  ---------------

OS:
 Windows 11 , 64 bit Build 26100 (10.0.26100.8521)
OS uptime: 0 days 8:52 hours
Hyper-V role detected

CPU: total 8 (initial active 8) (8 cores per cpu, 2 threads per core) family 23 model 24 stepping 1 microcode 0x8108109, cx8, cmov, fxsr, ht, mmx, 3dnowpref, sse, sse2, sse3, ssse3, sse4a, sse4.1, sse4.2, popcnt, lzcnt, tsc, tscinvbit, avx, avx2, aes, clmul, bmi1, bmi2, adx, sha, fma, vzeroupper, clflush, clflushopt, hv, rdtscp, f16c
Processor Information for the first 8 processors :
  Max Mhz: 2100, Current Mhz: 2100, Mhz Limit: 2100

Memory: 4k page, system-wide physical 6079M (514M free)
TotalPageFile size 14271M (AvailPageFile size 337M)
current process WorkingSet (physical memory assigned to process): 180M, peak: 186M
current process commit charge ("private bytes"): 290M, peak: 305M

vm_info: OpenJDK 64-Bit Server VM (21.0.10+7-LTS) for windows-amd64 JRE (21.0.10+7-LTS), built on 2026-01-20T00:00:00Z by "admin" with MS VC++ 17.12 (VS2022)

END.
